Archive member included to satisfy reference by file (symbol)

c:/nxp/mcuxpressoide_11.6.0_8187/ide/plugins/com.nxp.mcuxpresso.tools.win32_11.6.0.202112161359/tools/bin/../lib/gcc/arm-none-eabi/10.3.1/../../../../arm-none-eabi/lib/thumb/v8-m.main+fp/hard\libcr_nohost_nf.a(_cr__main.o)
                              ./startup/startup_lpc55s69_cm33_core0.o (__main)
c:/nxp/mcuxpressoide_11.6.0_8187/ide/plugins/com.nxp.mcuxpresso.tools.win32_11.6.0.202112161359/tools/bin/../lib/gcc/arm-none-eabi/10.3.1/../../../../arm-none-eabi/lib/thumb/v8-m.main+fp/hard\libcr_c.a(memcpy.o)
                              ./utilities/fsl_str.o (memcpy)
c:/nxp/mcuxpressoide_11.6.0_8187/ide/plugins/com.nxp.mcuxpresso.tools.win32_11.6.0.202112161359/tools/bin/../lib/gcc/arm-none-eabi/10.3.1/../../../../arm-none-eabi/lib/thumb/v8-m.main+fp/hard\libcr_c.a(memset.o)
                              ./utilities/fsl_debug_console.o (memset)
c:/nxp/mcuxpressoide_11.6.0_8187/ide/plugins/com.nxp.mcuxpresso.tools.win32_11.6.0.202112161359/tools/bin/../lib/gcc/arm-none-eabi/10.3.1/../../../../arm-none-eabi/lib/thumb/v8-m.main+fp/hard\libcr_c.a(alloc.o)
                              ./drivers/fsl_common.o (malloc)
c:/nxp/mcuxpressoide_11.6.0_8187/ide/plugins/com.nxp.mcuxpresso.tools.win32_11.6.0.202112161359/tools/bin/../lib/gcc/arm-none-eabi/10.3.1/../../../../arm-none-eabi/lib/thumb/v8-m.main+fp/hard\libcr_c.a(errno.o)
                              ./utilities/fsl_str.o (errno)
c:/nxp/mcuxpressoide_11.6.0_8187/ide/plugins/com.nxp.mcuxpresso.tools.win32_11.6.0.202112161359/tools/bin/../lib/gcc/arm-none-eabi/10.3.1/../../../../arm-none-eabi/lib/thumb/v8-m.main+fp/hard\libcr_c.a(initio.o)
                              c:/nxp/mcuxpressoide_11.6.0_8187/ide/plugins/com.nxp.mcuxpresso.tools.win32_11.6.0.202112161359/tools/bin/../lib/gcc/arm-none-eabi/10.3.1/../../../../arm-none-eabi/lib/thumb/v8-m.main+fp/hard\libcr_nohost_nf.a(_cr__main.o) (_initio)
c:/nxp/mcuxpressoide_11.6.0_8187/ide/plugins/com.nxp.mcuxpresso.tools.win32_11.6.0.202112161359/tools/bin/../lib/gcc/arm-none-eabi/10.3.1/../../../../arm-none-eabi/lib/thumb/v8-m.main+fp/hard\libcr_c.a(scanf.o)
                              ./utilities/fsl_str.o (strtoul)
c:/nxp/mcuxpressoide_11.6.0_8187/ide/plugins/com.nxp.mcuxpresso.tools.win32_11.6.0.202112161359/tools/bin/../lib/gcc/arm-none-eabi/10.3.1/../../../../arm-none-eabi/lib/thumb/v8-m.main+fp/hard\libcr_c.a(setvbuf.o)
                              c:/nxp/mcuxpressoide_11.6.0_8187/ide/plugins/com.nxp.mcuxpresso.tools.win32_11.6.0.202112161359/tools/bin/../lib/gcc/arm-none-eabi/10.3.1/../../../../arm-none-eabi/lib/thumb/v8-m.main+fp/hard\libcr_c.a(initio.o) (setvbuf)
c:/nxp/mcuxpressoide_11.6.0_8187/ide/plugins/com.nxp.mcuxpresso.tools.win32_11.6.0.202112161359/tools/bin/../lib/gcc/arm-none-eabi/10.3.1/../../../../arm-none-eabi/lib/thumb/v8-m.main+fp/hard\libcr_c.a(strlen.o)
                              ./utilities/fsl_str.o (strlen)
c:/nxp/mcuxpressoide_11.6.0_8187/ide/plugins/com.nxp.mcuxpresso.tools.win32_11.6.0.202112161359/tools/bin/../lib/gcc/arm-none-eabi/10.3.1/../../../../arm-none-eabi/lib/thumb/v8-m.main+fp/hard\libcr_c.a(ungetc.o)
                              c:/nxp/mcuxpressoide_11.6.0_8187/ide/plugins/com.nxp.mcuxpresso.tools.win32_11.6.0.202112161359/tools/bin/../lib/gcc/arm-none-eabi/10.3.1/../../../../arm-none-eabi/lib/thumb/v8-m.main+fp/hard\libcr_c.a(scanf.o) (ungetc)
c:/nxp/mcuxpressoide_11.6.0_8187/ide/plugins/com.nxp.mcuxpresso.tools.win32_11.6.0.202112161359/tools/bin/../lib/gcc/arm-none-eabi/10.3.1/../../../../arm-none-eabi/lib/thumb/v8-m.main+fp/hard\libcr_c.a(__fillbuf.o)
                              c:/nxp/mcuxpressoide_11.6.0_8187/ide/plugins/com.nxp.mcuxpresso.tools.win32_11.6.0.202112161359/tools/bin/../lib/gcc/arm-none-eabi/10.3.1/../../../../arm-none-eabi/lib/thumb/v8-m.main+fp/hard\libcr_c.a(scanf.o) (__filbuf)
c:/nxp/mcuxpressoide_11.6.0_8187/ide/plugins/com.nxp.mcuxpresso.tools.win32_11.6.0.202112161359/tools/bin/../lib/gcc/arm-none-eabi/10.3.1/../../../../arm-none-eabi/lib/thumb/v8-m.main+fp/hard\libcr_c.a(__init_alloc.o)
                              c:/nxp/mcuxpressoide_11.6.0_8187/ide/plugins/com.nxp.mcuxpresso.tools.win32_11.6.0.202112161359/tools/bin/../lib/gcc/arm-none-eabi/10.3.1/../../../../arm-none-eabi/lib/thumb/v8-m.main+fp/hard\libcr_c.a(alloc.o) (__heaps)
c:/nxp/mcuxpressoide_11.6.0_8187/ide/plugins/com.nxp.mcuxpresso.tools.win32_11.6.0.202112161359/tools/bin/../lib/gcc/arm-none-eabi/10.3.1/../../../../arm-none-eabi/lib/thumb/v8-m.main+fp/hard\libcr_c.a(_cr_sbrk.o)
                              c:/nxp/mcuxpressoide_11.6.0_8187/ide/plugins/com.nxp.mcuxpresso.tools.win32_11.6.0.202112161359/tools/bin/../lib/gcc/arm-none-eabi/10.3.1/../../../../arm-none-eabi/lib/thumb/v8-m.main+fp/hard\libcr_c.a(alloc.o) (_sbrk)
[...]
Memory Configuration

Name             Origin             Length             Attributes
PROGRAM_FLASH    0x00000000         0x0009d800         xr
SRAM             0x20000000         0x00040000         xrw
SRAMX            0x04000000         0x00008000         xrw
USB_RAM          0x40100000         0x00004000         xrw
SRAM4            0x20040000         0x00004000         xrw
*default*        0x00000000         0xffffffff

Linker script and memory map

LOAD ./utilities/fsl_assert.o
LOAD ./utilities/fsl_debug_console.o
LOAD ./utilities/fsl_str.o
LOAD ./startup/boot_multicore_slave.o
LOAD ./startup/startup_lpc55s69_cm33_core0.o
LOAD ./source/LPC55S69_Project.o
LOAD ./source/semihost_hardfault.o
LOAD ./drivers/fsl_clock.o
LOAD ./drivers/fsl_common.o
LOAD ./drivers/fsl_common_arm.o
LOAD ./drivers/fsl_flexcomm.o
LOAD ./drivers/fsl_gpio.o
LOAD ./drivers/fsl_i2c.o
LOAD ./drivers/fsl_power.o
LOAD ./drivers/fsl_reset.o
LOAD ./drivers/fsl_usart.o
LOAD ./device/system_LPC55S69_cm33_core0.o
LOAD ./component/uart/fsl_adapter_usart.o
LOAD ./component/serial_manager/fsl_component_serial_manager.o
LOAD ./component/serial_manager/fsl_component_serial_port_uart.o
LOAD ./component/lists/fsl_component_generic_list.o
LOAD ./board/board.o
LOAD ./board/clock_config.o
LOAD ./board/peripherals.o
LOAD ./board/pin_mux.o
START GROUP
LOAD c:/nxp/mcuxpressoide_11.6.0_8187/ide/plugins/com.nxp.mcuxpresso.tools.win32_11.6.0.202112161359/tools/bin/../lib/gcc/arm-none-eabi/10.3.1/../../../../arm-none-eabi/lib/thumb/v8-m.main+fp/hard\libcr_nohost_nf.a
LOAD c:/nxp/mcuxpressoide_11.6.0_8187/ide/plugins/com.nxp.mcuxpresso.tools.win32_11.6.0.202112161359/tools/bin/../lib/gcc/arm-none-eabi/10.3.1/../../../../arm-none-eabi/lib/thumb/v8-m.main+fp/hard\libcr_c.a
LOAD c:/nxp/mcuxpressoide_11.6.0_8187/ide/plugins/com.nxp.mcuxpresso.tools.win32_11.6.0.202112161359/tools/bin/../lib/gcc/arm-none-eabi/10.3.1/thumb/v8-m.main+fp/hard\libcr_eabihelpers.a
LOAD c:/nxp/mcuxpressoide_11.6.0_8187/ide/plugins/com.nxp.mcuxpresso.tools.win32_11.6.0.202112161359/tools/bin/../lib/gcc/arm-none-eabi/10.3.1/thumb/v8-m.main+fp/hard\libgcc.a
END GROUP
                0x00000000                __base_PROGRAM_FLASH = 0x0
                0x00000000                __base_Flash = 0x0
                0x0009d800                __top_PROGRAM_FLASH = 0x9d800
                0x0009d800                __top_Flash = 0x9d800
                0x20000000                __base_SRAM = 0x20000000
                0x20000000                __base_RAM = 0x20000000
                0x20040000                __top_SRAM = 0x20040000
                0x20040000                __top_RAM = 0x20040000
                0x04000000                __base_SRAMX = 0x4000000
                0x04000000                __base_RAM2 = 0x4000000
                0x04008000                __top_SRAMX = 0x4008000
                0x04008000                __top_RAM2 = 0x4008000
                0x40100000                __base_USB_RAM = 0x40100000
                0x40100000                __base_RAM3 = 0x40100000
                0x40104000                __top_USB_RAM = 0x40104000
                0x40104000                __top_RAM3 = 0x40104000
                0x20040000                __base_SRAM4 = 0x20040000
                0x20040000                __base_RAM4 = 0x20040000
                0x20044000                __top_SRAM4 = 0x20044000
                0x20044000                __top_RAM4 = 0x20044000

.text           0x00000000     0x3530
 FILL mask 0xff
                0x00000000                __vectors_start__ = ABSOLUTE (.)
 *(SORT_BY_ALIGNMENT(.isr_vector))
 .isr_vector    0x00000000      0x130 ./startup/startup_lpc55s69_cm33_core0.o
                0x00000000                g_pfnVectors
                0x00000000                __Vectors
                0x00000130                . = ALIGN (0x4)
                0x00000130                __section_table_start = .
                0x00000130                __data_section_table = .
                0x00000130        0x4 LONG 0x3530 LOADADDR (.data)
                0x00000134        0x4 LONG 0x20000000 ADDR (.data)
                0x00000138        0x4 LONG 0x8 SIZEOF (.data)
                0x0000013c        0x4 LONG 0x3530 LOADADDR (.data_RAM2)
                0x00000140        0x4 LONG 0x4000000 ADDR (.data_RAM2)
                0x00000144        0x4 LONG 0x0 SIZEOF (.data_RAM2)
                0x00000148        0x4 LONG 0x3530 LOADADDR (.data_RAM3)
                0x0000014c        0x4 LONG 0x40100000 ADDR (.data_RAM3)
                0x00000150        0x4 LONG 0x0 SIZEOF (.data_RAM3)
                0x00000154        0x4 LONG 0x3530 LOADADDR (.data_RAM4)
                0x00000158        0x4 LONG 0x20040000 ADDR (.data_RAM4)
                0x0000015c        0x4 LONG 0x0 SIZEOF (.data_RAM4)
                0x00000160                __data_section_table_end = .
                0x00000160                __bss_section_table = .
                0x00000160        0x4 LONG 0x20000008 ADDR (.bss)
                0x00000164        0x4 LONG 0x130 SIZEOF (.bss)
                0x00000168        0x4 LONG 0x4000000 ADDR (.bss_RAM2)
                0x0000016c        0x4 LONG 0x0 SIZEOF (.bss_RAM2)
                0x00000170        0x4 LONG 0x40100000 ADDR (.bss_RAM3)
                0x00000174        0x4 LONG 0x0 SIZEOF (.bss_RAM3)
                0x00000178        0x4 LONG 0x20040000 ADDR (.bss_RAM4)
                0x0000017c        0x4 LONG 0x0 SIZEOF (.bss_RAM4)
                0x00000180                __bss_section_table_end = .
                0x00000180                __section_table_end = .
 *(SORT_BY_ALIGNMENT(.after_vectors*))
 .after_vectors.reset
                0x00000180       0x68 ./startup/startup_lpc55s69_cm33_core0.o
                0x00000180                ResetISR
 .after_vectors.init_data
                0x000001e8       0x1e ./startup/startup_lpc55s69_cm33_core0.o
                0x000001e8                data_init
 .after_vectors.init_bss
                0x00000206       0x12 ./startup/startup_lpc55s69_cm33_core0.o
                0x00000206                bss_init
 .after_vectors
                0x00000218       0x16 ./startup/startup_lpc55s69_cm33_core0.o
                0x00000218                NMI_Handler
                0x0000021c                MemManage_Handler
                0x0000021e                BusFault_Handler
                0x00000220                UsageFault_Handler
                0x00000222                SecureFault_Handler
                0x00000224                SVC_Handler
                0x00000226                DebugMon_Handler
                0x00000228                PendSV_Handler
                0x0000022a                SysTick_Handler
                0x0000022c                Reserved56_DriverIRQHandler
                0x0000022c                PIN_INT0_DriverIRQHandler
                0x0000022c                CTIMER2_DriverIRQHandler
                0x0000022c                PIN_INT2_DriverIRQHandler
                0x0000022c                PIN_INT3_DriverIRQHandler
                0x0000022c                IntDefaultHandler
                0x0000022c                USB0_DriverIRQHandler
                0x0000022c                CASER_DriverIRQHandler
                0x0000022c                MRT0_DriverIRQHandler
                0x0000022c                UTICK0_DriverIRQHandler
                0x0000022c                Reserved41_DriverIRQHandler
                0x0000022c                PIN_INT4_DriverIRQHandler
                0x0000022c                PIN_INT5_DriverIRQHandler
                0x0000022c                SEC_GPIO_INT0_IRQ0_DriverIRQHandler
                0x0000022c                CTIMER4_DriverIRQHandler
                0x0000022c                GINT1_DriverIRQHandler
                0x0000022c                PIN_INT7_DriverIRQHandler
                0x0000022c                Reserved55_DriverIRQHandler
                0x0000022c                SEC_VIO_DriverIRQHandler
                0x0000022c                USB0_NEEDCLK_DriverIRQHandler
                0x0000022c                CTIMER0_DriverIRQHandler
                0x0000022c                CTIMER1_DriverIRQHandler
                0x0000022c                Reserved42_DriverIRQHandler
                0x0000022c                PIN_INT6_DriverIRQHandler
                0x0000022c                PQ_DriverIRQHandler
                0x0000022c                MAILBOX_DriverIRQHandler
                0x0000022c                PIN_INT1_DriverIRQHandler
                0x0000022c                CTIMER3_DriverIRQHandler
                0x0000022c                Reserved61_DriverIRQHandler
                0x0000022c                SEC_GPIO_INT0_IRQ1_DriverIRQHandler
                0x0000022c                PUF_DriverIRQHandler
                0x0000022c                RTC_DriverIRQHandler
                0x0000022c                DMA0_DriverIRQHandler
                0x0000022c                Reserved39_DriverIRQHandler
                0x0000022c                USB1_DriverIRQHandler
                0x0000022c                Reserved60_DriverIRQHandler
                0x0000022c                DMA1_DriverIRQHandler
                0x0000022c                ADC0_DriverIRQHandler
                0x0000022c                USB1_NEEDCLK_DriverIRQHandler
                0x0000022c                Reserved59_DriverIRQHandler
                0x0000022c                SDIO_DriverIRQHandler
                0x0000022c                GINT0_DriverIRQHandler
                0x0000022c                USB1_PHY_DriverIRQHandler
                0x0000022c                ACMP_DriverIRQHandler
                0x0000022c                Reserved57_DriverIRQHandler
                0x0000022c                HASHCRYPT_DriverIRQHandler
                0x0000022c                Reserved46_DriverIRQHandler
                0x0000022c                WDT_BOD_DriverIRQHandler
                0x0000022c                SCT0_DriverIRQHandler
                0x0000022c                PLU_DriverIRQHandler
                0x0000022c                OS_EVENT_DriverIRQHandler
                0x0000022c                SEC_HYPERVISOR_CALL_DriverIRQHandler
 *(SORT_BY_ALIGNMENT(.text*))
 *fill*         0x0000022e        0x2 ff
 .text.__assertion_failed
                0x00000230       0x18 ./utilities/fsl_assert.o
                0x00000230                __assertion_failed
 .text.DbgConsole_SendDataReliable
                0x00000248       0x54 ./utilities/fsl_debug_console.o
                0x00000248                DbgConsole_SendDataReliable
 .text.DbgConsole_Init
                0x0000029c      0x128 ./utilities/fsl_debug_console.o
                0x0000029c                DbgConsole_Init
 .text.DbgConsole_Vprintf
                0x000003c4       0x6c ./utilities/fsl_debug_console.o
                0x000003c4                DbgConsole_Vprintf
 .text.main     0x00000430       0x30 ./source/LPC55S69_Project.o
                0x00000430                main
 .text.POWER_EnablePD
                0x00000460       0x20 ./drivers/fsl_clock.o
 .text.POWER_DisablePD
                0x00000480       0x20 ./drivers/fsl_clock.o
 .text.CLOCK_AttachClk
                0x000004a0       0x98 ./drivers/fsl_clock.o
                0x000004a0                CLOCK_AttachClk
 .text.CLOCK_SetClkDiv
                0x00000538       0x80 ./drivers/fsl_clock.o
                0x00000538                CLOCK_SetClkDiv
 .text.CLOCK_SetupFROClocking
                0x000005b8       0x80 ./drivers/fsl_clock.o
                0x000005b8                CLOCK_SetupFROClocking
 .text.CLOCK_SetFLASHAccessCyclesForFreq
                0x00000638      0x148 ./drivers/fsl_clock.o
                0x00000638                CLOCK_SetFLASHAccessCyclesForFreq
 .text.CLOCK_SetupExtClocking
                0x00000780       0x50 ./drivers/fsl_clock.o
                0x00000780                CLOCK_SetupExtClocking
 .text.CLOCK_GetFro1MFreq
                0x000007d0       0x28 ./drivers/fsl_clock.o
                0x000007d0                CLOCK_GetFro1MFreq
 .text.CLOCK_GetExtClkFreq
                0x000007f8       0x2c ./drivers/fsl_clock.o
                0x000007f8                CLOCK_GetExtClkFreq
 .text.CLOCK_GetOsc32KFreq
                0x00000824       0x58 ./drivers/fsl_clock.o
                0x00000824                CLOCK_GetOsc32KFreq
 .text.CLOCK_GetPLL0InClockRate
                0x0000087c       0x64 ./drivers/fsl_clock.o
                0x0000087c                CLOCK_GetPLL0InClockRate
 .text.CLOCK_SetPLL0Freq
                0x000008e0      0x12c ./drivers/fsl_clock.o
                0x000008e0                CLOCK_SetPLL0Freq
 .text.SDK_DelayAtLeastUs
                0x00000a0c       0x8c ./drivers/fsl_common_arm.o
                0x00000a0c                SDK_DelayAtLeastUs
 .text.FLEXCOMM_GetInstance
                0x00000a98       0x50 ./drivers/fsl_flexcomm.o
                0x00000a98                FLEXCOMM_GetInstance
 .text.FLEXCOMM_Init
                0x00000ae8       0x50 ./drivers/fsl_flexcomm.o
                0x00000ae8                FLEXCOMM_Init
 .text.FLEXCOMM0_DriverIRQHandler
                0x00000b38       0x5c ./drivers/fsl_flexcomm.o
                0x00000b38                FLEXCOMM0_DriverIRQHandler
 .text.FLEXCOMM1_DriverIRQHandler
                0x00000b94       0x5c ./drivers/fsl_flexcomm.o
                0x00000b94                FLEXCOMM1_DriverIRQHandler
 .text.FLEXCOMM2_DriverIRQHandler
                0x00000bf0       0x5c ./drivers/fsl_flexcomm.o
                0x00000bf0                FLEXCOMM2_DriverIRQHandler
 .text.FLEXCOMM3_DriverIRQHandler
                0x00000c4c       0x5c ./drivers/fsl_flexcomm.o
                0x00000c4c                FLEXCOMM3_DriverIRQHandler
 .text.FLEXCOMM4_DriverIRQHandler
                0x00000ca8       0x5c ./drivers/fsl_flexcomm.o
                0x00000ca8                FLEXCOMM4_DriverIRQHandler
 .text.FLEXCOMM5_DriverIRQHandler
                0x00000d04       0x5c ./drivers/fsl_flexcomm.o
                0x00000d04                FLEXCOMM5_DriverIRQHandler
 .text.FLEXCOMM6_DriverIRQHandler
                0x00000d60       0x5c ./drivers/fsl_flexcomm.o
                0x00000d60                FLEXCOMM6_DriverIRQHandler
 .text.FLEXCOMM7_DriverIRQHandler
                0x00000dbc       0x5c ./drivers/fsl_flexcomm.o
                0x00000dbc                FLEXCOMM7_DriverIRQHandler
 .text.FLEXCOMM8_DriverIRQHandler
                0x00000e18       0x5c ./drivers/fsl_flexcomm.o
                0x00000e18                FLEXCOMM8_DriverIRQHandler
 .text.lowpower_set_system_voltage
                0x00000e74      0x154 ./drivers/fsl_power.o
 .text.lowpower_set_dcdc_power_profile
                0x00000fc8       0xec ./drivers/fsl_power.o
 .text.lowpower_get_part_process_corner
                0x000010b4       0x94 ./drivers/fsl_power.o
 .text.POWER_SetVoltageForFreq
                0x00001148       0x50 ./drivers/fsl_power.o
                0x00001148                POWER_SetVoltageForFreq
 .text.RESET_SetPeripheralReset
                0x00001198       0x5c ./drivers/fsl_reset.o
                0x00001198                RESET_SetPeripheralReset
 .text.RESET_ClearPeripheralReset
                0x000011f4       0x60 ./drivers/fsl_reset.o
                0x000011f4                RESET_ClearPeripheralReset
 .text.USART_Init
                0x00001254      0x1cc ./drivers/fsl_usart.o
                0x00001254                USART_Init
 .text.USART_GetDefaultConfig
                0x00001420       0x80 ./drivers/fsl_usart.o
                0x00001420                USART_GetDefaultConfig
 .text.USART_SetBaudRate
                0x000014a0      0x174 ./drivers/fsl_usart.o
                0x000014a0                USART_SetBaudRate
 .text.USART_WriteBlocking
                0x00001614       0x8c ./drivers/fsl_usart.o
                0x00001614                USART_WriteBlocking
 .text.SystemInit
                0x000016a0       0x64 ./device/system_LPC55S69_cm33_core0.o
                0x000016a0                SystemInit
 .text.HAL_UartInitCommon
                0x00001704      0x110 ./component/uart/fsl_adapter_usart.o
 .text.HAL_UartSendBlocking
                0x00001814       0x64 ./component/uart/fsl_adapter_usart.o
                0x00001814                HAL_UartSendBlocking
 .text.BOARD_InitDebugConsole
                0x00001878       0x38 ./board/board.o
                0x00001878                BOARD_InitDebugConsole
 .text.POWER_DisablePD
                0x000018b0       0x20 ./board/clock_config.o
 .text.BOARD_BootClockPLL150M
                0x000018d0       0xe0 ./board/clock_config.o
                0x000018d0                BOARD_BootClockPLL150M
 .text.BOARD_InitDEBUG_UARTPins
                0x000019b0       0x3c ./board/pin_mux.o
                0x000019b0                BOARD_InitDEBUG_UARTPins
 .text._initio  0x000019ec       0x78 c:/nxp/mcuxpressoide_11.6.0_8187/ide/plugins/com.nxp.mcuxpresso.tools.win32_11.6.0.202112161359/tools/bin/../lib/gcc/arm-none-eabi/10.3.1/../../../../arm-none-eabi/lib/thumb/v8-m.main+fp/hard\libcr_c.a(initio.o)
                0x000019ec                _initio
 .text._Cwritebuf
                0x00001a64       0x6c c:/nxp/mcuxpressoide_11.6.0_8187/ide/plugins/com.nxp.mcuxpresso.tools.win32_11.6.0.202112161359/tools/bin/../lib/gcc/arm-none-eabi/10.3.1/../../../../arm-none-eabi/lib/thumb/v8-m.main+fp/hard\libcr_c.a(_writebuf.o)
                0x00001a64                _Cwritebuf
 .text.fflush   0x00001ad0       0x3c c:/nxp/mcuxpressoide_11.6.0_8187/ide/plugins/com.nxp.mcuxpresso.tools.win32_11.6.0.202112161359/tools/bin/../lib/gcc/arm-none-eabi/10.3.1/../../../../arm-none-eabi/lib/thumb/v8-m.main+fp/hard\libcr_c.a(fflush.o)
                0x00001ad0                fflush
 .text.fseek    0x00001b0c       0xfc c:/nxp/mcuxpressoide_11.6.0_8187/ide/plugins/com.nxp.mcuxpresso.tools.win32_11.6.0.202112161359/tools/bin/../lib/gcc/arm-none-eabi/10.3.1/../../../../arm-none-eabi/lib/thumb/v8-m.main+fp/hard\libcr_c.a(fseek.o)
                0x00001b0c                fseek
 .text.ftell    0x00001c08       0x44 c:/nxp/mcuxpressoide_11.6.0_8187/ide/plugins/com.nxp.mcuxpresso.tools.win32_11.6.0.202112161359/tools/bin/../lib/gcc/arm-none-eabi/10.3.1/../../../../arm-none-eabi/lib/thumb/v8-m.main+fp/hard\libcr_c.a(ftell.o)
                0x00001c08                ftell
 .text.DbgConsole_PrintCallback
                0x00001c4c       0x66 ./utilities/fsl_debug_console.o
 .text.DbgConsole_Printf
                0x00001cb2       0x2c ./utilities/fsl_debug_console.o
                0x00001cb2                DbgConsole_Printf
 .text.PrintGetWidth
                0x00001cde       0x6a ./utilities/fsl_str.o
 .text.PrintGetPrecision
                0x00001d48       0x8c ./utilities/fsl_str.o
 .text.PrintIsobpu
                0x00001dd4       0x38 ./utilities/fsl_str.o
 .text.PrintIsdi
                0x00001e0c       0x2c ./utilities/fsl_str.o
 .text.PrintOutputdifFobpu
                0x00001e38       0x44 ./utilities/fsl_str.o
 .text.PrintOutputxX
                0x00001e7c       0x44 ./utilities/fsl_str.o
 .text.PrintIsfF
                0x00001ec0       0x2c ./utilities/fsl_str.o
 .text.PrintIsxX
                0x00001eec       0x2c ./utilities/fsl_str.o
 .text.PrintFilterLengthFlag
                0x00001f18       0x3e ./utilities/fsl_str.o
 .text.PrintGetRadixFromobpu
                0x00001f56       0x40 ./utilities/fsl_str.o
 .text.ConvertRadixNumToString
                0x00001f96       0xc2 ./utilities/fsl_str.o
 .text.StrFormatPrintf
                0x00002058      0x2ac ./utilities/fsl_str.o
                0x00002058                StrFormatPrintf
 .text.WDT_BOD_IRQHandler
                0x00002304        0x8 ./startup/startup_lpc55s69_cm33_core0.o
                0x00002304                WDT_BOD_IRQHandler
 .text.DMA0_IRQHandler
                0x0000230c        0x8 ./startup/startup_lpc55s69_cm33_core0.o
                0x0000230c                DMA0_IRQHandler
 .text.GINT0_IRQHandler
                0x00002314        0x8 ./startup/startup_lpc55s69_cm33_core0.o
                0x00002314                GINT0_IRQHandler
 .text.GINT1_IRQHandler
                0x0000231c        0x8 ./startup/startup_lpc55s69_cm33_core0.o
                0x0000231c                GINT1_IRQHandler
 .text.PIN_INT0_IRQHandler
                0x00002324        0x8 ./startup/startup_lpc55s69_cm33_core0.o
                0x00002324                PIN_INT0_IRQHandler
 .text.PIN_INT1_IRQHandler
                0x0000232c        0x8 ./startup/startup_lpc55s69_cm33_core0.o
                0x0000232c                PIN_INT1_IRQHandler
 .text.PIN_INT2_IRQHandler
                0x00002334        0x8 ./startup/startup_lpc55s69_cm33_core0.o
                0x00002334                PIN_INT2_IRQHandler
 .text.PIN_INT3_IRQHandler
                0x0000233c        0x8 ./startup/startup_lpc55s69_cm33_core0.o
                0x0000233c                PIN_INT3_IRQHandler
 .text.UTICK0_IRQHandler
                0x00002344        0x8 ./startup/startup_lpc55s69_cm33_core0.o
                0x00002344                UTICK0_IRQHandler
 .text.MRT0_IRQHandler
                0x0000234c        0x8 ./startup/startup_lpc55s69_cm33_core0.o
                0x0000234c                MRT0_IRQHandler
 .text.CTIMER0_IRQHandler
                0x00002354        0x8 ./startup/startup_lpc55s69_cm33_core0.o
                0x00002354                CTIMER0_IRQHandler
 .text.CTIMER1_IRQHandler
                0x0000235c        0x8 ./startup/startup_lpc55s69_cm33_core0.o
                0x0000235c                CTIMER1_IRQHandler
 .text.SCT0_IRQHandler
                0x00002364        0x8 ./startup/startup_lpc55s69_cm33_core0.o
                0x00002364                SCT0_IRQHandler
 .text.CTIMER3_IRQHandler
                0x0000236c        0x8 ./startup/startup_lpc55s69_cm33_core0.o
                0x0000236c                CTIMER3_IRQHandler
 .text.FLEXCOMM0_IRQHandler
                0x00002374        0x8 ./startup/startup_lpc55s69_cm33_core0.o
                0x00002374                FLEXCOMM0_IRQHandler
 .text.FLEXCOMM1_IRQHandler
                0x0000237c        0x8 ./startup/startup_lpc55s69_cm33_core0.o
                0x0000237c                FLEXCOMM1_IRQHandler
 .text.FLEXCOMM2_IRQHandler
                0x00002384        0x8 ./startup/startup_lpc55s69_cm33_core0.o
                0x00002384                FLEXCOMM2_IRQHandler
 .text.FLEXCOMM3_IRQHandler
                0x0000238c        0x8 ./startup/startup_lpc55s69_cm33_core0.o
                0x0000238c                FLEXCOMM3_IRQHandler
 .text.FLEXCOMM4_IRQHandler
                0x00002394        0x8 ./startup/startup_lpc55s69_cm33_core0.o
                0x00002394                FLEXCOMM4_IRQHandler
 .text.FLEXCOMM5_IRQHandler
                0x0000239c        0x8 ./startup/startup_lpc55s69_cm33_core0.o
                0x0000239c                FLEXCOMM5_IRQHandler
 .text.FLEXCOMM6_IRQHandler
                0x000023a4        0x8 ./startup/startup_lpc55s69_cm33_core0.o
                0x000023a4                FLEXCOMM6_IRQHandler
 .text.FLEXCOMM7_IRQHandler
                0x000023ac        0x8 ./startup/startup_lpc55s69_cm33_core0.o
                0x000023ac                FLEXCOMM7_IRQHandler
 .text.ADC0_IRQHandler
                0x000023b4        0x8 ./startup/startup_lpc55s69_cm33_core0.o
                0x000023b4                ADC0_IRQHandler
 .text.Reserved39_IRQHandler
                0x000023bc        0x8 ./startup/startup_lpc55s69_cm33_core0.o
                0x000023bc                Reserved39_IRQHandler
 .text.ACMP_IRQHandler
                0x000023c4        0x8 ./startup/startup_lpc55s69_cm33_core0.o
                0x000023c4                ACMP_IRQHandler
 .text.Reserved41_IRQHandler
                0x000023cc        0x8 ./startup/startup_lpc55s69_cm33_core0.o
                0x000023cc                Reserved41_IRQHandler
 .text.Reserved42_IRQHandler
                0x000023d4        0x8 ./startup/startup_lpc55s69_cm33_core0.o
                0x000023d4                Reserved42_IRQHandler
 .text.USB0_NEEDCLK_IRQHandler
                0x000023dc        0x8 ./startup/startup_lpc55s69_cm33_core0.o
                0x000023dc                USB0_NEEDCLK_IRQHandler
 .text.USB0_IRQHandler
                0x000023e4        0x8 ./startup/startup_lpc55s69_cm33_core0.o
                0x000023e4                USB0_IRQHandler
 .text.RTC_IRQHandler
                0x000023ec        0x8 ./startup/startup_lpc55s69_cm33_core0.o
                0x000023ec                RTC_IRQHandler
 .text.Reserved46_IRQHandler
                0x000023f4        0x8 ./startup/startup_lpc55s69_cm33_core0.o
                0x000023f4                Reserved46_IRQHandler
 .text.MAILBOX_IRQHandler
                0x000023fc        0x8 ./startup/startup_lpc55s69_cm33_core0.o
                0x000023fc                MAILBOX_IRQHandler
 .text.PIN_INT4_IRQHandler
                0x00002404        0x8 ./startup/startup_lpc55s69_cm33_core0.o
                0x00002404                PIN_INT4_IRQHandler
 .text.PIN_INT5_IRQHandler
                0x0000240c        0x8 ./startup/startup_lpc55s69_cm33_core0.o
                0x0000240c                PIN_INT5_IRQHandler
 .text.PIN_INT6_IRQHandler
                0x00002414        0x8 ./startup/startup_lpc55s69_cm33_core0.o
                0x00002414                PIN_INT6_IRQHandler
 .text.PIN_INT7_IRQHandler
                0x0000241c        0x8 ./startup/startup_lpc55s69_cm33_core0.o
                0x0000241c                PIN_INT7_IRQHandler
 .text.CTIMER2_IRQHandler
                0x00002424        0x8 ./startup/startup_lpc55s69_cm33_core0.o
                0x00002424                CTIMER2_IRQHandler
 .text.CTIMER4_IRQHandler
                0x0000242c        0x8 ./startup/startup_lpc55s69_cm33_core0.o
                0x0000242c                CTIMER4_IRQHandler
 .text.OS_EVENT_IRQHandler
                0x00002434        0x8 ./startup/startup_lpc55s69_cm33_core0.o
                0x00002434                OS_EVENT_IRQHandler
 .text.Reserved55_IRQHandler
                0x0000243c        0x8 ./startup/startup_lpc55s69_cm33_core0.o
                0x0000243c                Reserved55_IRQHandler
 .text.Reserved56_IRQHandler
                0x00002444        0x8 ./startup/startup_lpc55s69_cm33_core0.o
                0x00002444                Reserved56_IRQHandler
 .text.Reserved57_IRQHandler
                0x0000244c        0x8 ./startup/startup_lpc55s69_cm33_core0.o
                0x0000244c                Reserved57_IRQHandler
 .text.SDIO_IRQHandler
                0x00002454        0x8 ./startup/startup_lpc55s69_cm33_core0.o
                0x00002454                SDIO_IRQHandler
 .text.Reserved59_IRQHandler
                0x0000245c        0x8 ./startup/startup_lpc55s69_cm33_core0.o
                0x0000245c                Reserved59_IRQHandler
 .text.Reserved60_IRQHandler
                0x00002464        0x8 ./startup/startup_lpc55s69_cm33_core0.o
                0x00002464                Reserved60_IRQHandler
 .text.Reserved61_IRQHandler
                0x0000246c        0x8 ./startup/startup_lpc55s69_cm33_core0.o
                0x0000246c                Reserved61_IRQHandler
 .text.USB1_PHY_IRQHandler
                0x00002474        0x8 ./startup/startup_lpc55s69_cm33_core0.o
                0x00002474                USB1_PHY_IRQHandler
 .text.USB1_IRQHandler
                0x0000247c        0x8 ./startup/startup_lpc55s69_cm33_core0.o
                0x0000247c                USB1_IRQHandler
 .text.USB1_NEEDCLK_IRQHandler
                0x00002484        0x8 ./startup/startup_lpc55s69_cm33_core0.o
                0x00002484                USB1_NEEDCLK_IRQHandler
 .text.SEC_HYPERVISOR_CALL_IRQHandler
                0x0000248c        0x8 ./startup/startup_lpc55s69_cm33_core0.o
                0x0000248c                SEC_HYPERVISOR_CALL_IRQHandler
 .text.SEC_GPIO_INT0_IRQ0_IRQHandler
                0x00002494        0x8 ./startup/startup_lpc55s69_cm33_core0.o
                0x00002494                SEC_GPIO_INT0_IRQ0_IRQHandler
 .text.SEC_GPIO_INT0_IRQ1_IRQHandler
                0x0000249c        0x8 ./startup/startup_lpc55s69_cm33_core0.o
                0x0000249c                SEC_GPIO_INT0_IRQ1_IRQHandler
 .text.PLU_IRQHandler
                0x000024a4        0x8 ./startup/startup_lpc55s69_cm33_core0.o
                0x000024a4                PLU_IRQHandler
 .text.SEC_VIO_IRQHandler
                0x000024ac        0x8 ./startup/startup_lpc55s69_cm33_core0.o
                0x000024ac                SEC_VIO_IRQHandler
 .text.HASHCRYPT_IRQHandler
                0x000024b4        0x8 ./startup/startup_lpc55s69_cm33_core0.o
                0x000024b4                HASHCRYPT_IRQHandler
 .text.CASER_IRQHandler
                0x000024bc        0x8 ./startup/startup_lpc55s69_cm33_core0.o
                0x000024bc                CASER_IRQHandler
 .text.PUF_IRQHandler
                0x000024c4        0x8 ./startup/startup_lpc55s69_cm33_core0.o
                0x000024c4                PUF_IRQHandler
 .text.PQ_IRQHandler
                0x000024cc        0x8 ./startup/startup_lpc55s69_cm33_core0.o
                0x000024cc                PQ_IRQHandler
 .text.DMA1_IRQHandler
                0x000024d4        0x8 ./startup/startup_lpc55s69_cm33_core0.o
                0x000024d4                DMA1_IRQHandler
 .text.FLEXCOMM8_IRQHandler
                0x000024dc        0x8 ./startup/startup_lpc55s69_cm33_core0.o
                0x000024dc                FLEXCOMM8_IRQHandler
 .text.HardFault_Handler
                0x000024e4       0x2c ./source/semihost_hardfault.o
                0x000024e4                HardFault_Handler
 .text.CLOCK_IsPLL0Locked
                0x00002510       0x24 ./drivers/fsl_clock.o
 .text.findPll0PreDiv
                0x00002534       0x3e ./drivers/fsl_clock.o
 .text.DelayLoop
                0x00002572       0x20 ./drivers/fsl_common_arm.o
 .text.CLOCK_EnableClock
                0x00002592       0x30 ./drivers/fsl_flexcomm.o
 .text.FLEXCOMM_PeripheralIsPresent
                0x000025c2       0x64 ./drivers/fsl_flexcomm.o
 .text.FLEXCOMM_SetPeriph
                0x00002626       0x74 ./drivers/fsl_flexcomm.o
 .text.lowpower_set_voltage_for_process
                0x0000269a       0xaa ./drivers/fsl_power.o
 .text.RESET_PeripheralReset
                0x00002744       0x1c ./drivers/fsl_reset.o
                0x00002744                RESET_PeripheralReset
 .text.USART_EnableContinuousSCLK
                0x00002760       0x38 ./drivers/fsl_usart.o
 .text.SystemInitHook
                0x00002798        0xe ./device/system_LPC55S69_cm33_core0.o
                0x00002798                SystemInitHook
 .text.HAL_UartGetStatus
                0x000027a6       0x22 ./component/uart/fsl_adapter_usart.o
 .text.HAL_UartInit
                0x000027c8       0x36 ./component/uart/fsl_adapter_usart.o
                0x000027c8                HAL_UartInit
 .text.DisableGlobalIRQ
                0x000027fe       0x22 ./component/serial_manager/fsl_component_serial_manager.o
 .text.EnableGlobalIRQ
                0x00002820       0x20 ./component/serial_manager/fsl_component_serial_manager.o
 .text.SerialManager_StartWriting
                0x00002840       0x38 ./component/serial_manager/fsl_component_serial_manager.o
 .text.SerialManager_Write
                0x00002878       0x44 ./component/serial_manager/fsl_component_serial_manager.o
 .text.SerialManager_Init
                0x000028bc       0x60 ./component/serial_manager/fsl_component_serial_manager.o
                0x000028bc                SerialManager_Init
 .text.SerialManager_OpenWriteHandle
                0x0000291c       0x50 ./component/serial_manager/fsl_component_serial_manager.o
                0x0000291c                SerialManager_OpenWriteHandle
 .text.SerialManager_OpenReadHandle
                0x0000296c       0x60 ./component/serial_manager/fsl_component_serial_manager.o
                0x0000296c                SerialManager_OpenReadHandle
 .text.SerialManager_WriteBlocking
                0x000029cc       0x20 ./component/serial_manager/fsl_component_serial_manager.o
                0x000029cc                SerialManager_WriteBlocking
 .text.Serial_UartInit
                0x000029ec       0x3e ./component/serial_manager/fsl_component_serial_port_uart.o
                0x000029ec                Serial_UartInit
 .text.Serial_UartWrite
                0x00002a2a       0x38 ./component/serial_manager/fsl_component_serial_port_uart.o
                0x00002a2a                Serial_UartWrite
 .text.BOARD_InitBootClocks
                0x00002a62        0xc ./board/clock_config.o
                0x00002a62                BOARD_InitBootClocks
 .text.BOARD_InitPeripherals_cm33_core0
                0x00002a6e        0xe ./board/peripherals.o
                0x00002a6e                BOARD_InitPeripherals_cm33_core0
 .text.BOARD_InitBootPeripherals
                0x00002a7c        0xc ./board/peripherals.o
                0x00002a7c                BOARD_InitBootPeripherals
 .text.CLOCK_EnableClock
                0x00002a88       0x30 ./board/pin_mux.o
 .text.IOCON_PinMuxSet
                0x00002ab8       0x2e ./board/pin_mux.o
 .text.BOARD_InitBootPins
                0x00002ae6        0xc ./board/pin_mux.o
                0x00002ae6                BOARD_InitBootPins
 .text.__main   0x00002af2        0xe c:/nxp/mcuxpressoide_11.6.0_8187/ide/plugins/com.nxp.mcuxpresso.tools.win32_11.6.0.202112161359/tools/bin/../lib/gcc/arm-none-eabi/10.3.1/../../../../arm-none-eabi/lib/thumb/v8-m.main+fp/hard\libcr_nohost_nf.a(_cr__main.o)
                0x00002af2                __main
 .text.memcpy   0x00002b00        0x4 c:/nxp/mcuxpressoide_11.6.0_8187/ide/plugins/com.nxp.mcuxpresso.tools.win32_11.6.0.202112161359/tools/bin/../lib/gcc/arm-none-eabi/10.3.1/../../../../arm-none-eabi/lib/thumb/v8-m.main+fp/hard\libcr_c.a(memcpy.o)
                0x00002b00                memcpy
 .text.memset   0x00002b04        0x4 c:/nxp/mcuxpressoide_11.6.0_8187/ide/plugins/com.nxp.mcuxpresso.tools.win32_11.6.0.202112161359/tools/bin/../lib/gcc/arm-none-eabi/10.3.1/../../../../arm-none-eabi/lib/thumb/v8-m.main+fp/hard\libcr_c.a(memset.o)
                0x00002b04                memset
 .text.free     0x00002b08       0x30 c:/nxp/mcuxpressoide_11.6.0_8187/ide/plugins/com.nxp.mcuxpresso.tools.win32_11.6.0.202112161359/tools/bin/../lib/gcc/arm-none-eabi/10.3.1/../../../../arm-none-eabi/lib/thumb/v8-m.main+fp/hard\libcr_c.a(alloc.o)
                0x00002b08                free
 .text.setvbuf  0x00002b38       0x3e c:/nxp/mcuxpressoide_11.6.0_8187/ide/plugins/com.nxp.mcuxpresso.tools.win32_11.6.0.202112161359/tools/bin/../lib/gcc/arm-none-eabi/10.3.1/../../../../arm-none-eabi/lib/thumb/v8-m.main+fp/hard\libcr_c.a(setvbuf.o)
                0x00002b38                setvbuf
 .text.strlen   0x00002b76       0x48 c:/nxp/mcuxpressoide_11.6.0_8187/ide/plugins/com.nxp.mcuxpresso.tools.win32_11.6.0.202112161359/tools/bin/../lib/gcc/arm-none-eabi/10.3.1/../../../../arm-none-eabi/lib/thumb/v8-m.main+fp/hard\libcr_c.a(strlen.o)
                0x00002b76                strlen
 .text._deferredlazyseek
                0x00002bbe       0x40 c:/nxp/mcuxpressoide_11.6.0_8187/ide/plugins/com.nxp.mcuxpresso.tools.win32_11.6.0.202112161359/tools/bin/../lib/gcc/arm-none-eabi/10.3.1/../../../../arm-none-eabi/lib/thumb/v8-m.main+fp/hard\libcr_c.a(_deferredlazyseek.o)
                0x00002bbe                _deferredlazyseek
 .text._fdopen  0x00002bfe       0x68 c:/nxp/mcuxpressoide_11.6.0_8187/ide/plugins/com.nxp.mcuxpresso.tools.win32_11.6.0.202112161359/tools/bin/../lib/gcc/arm-none-eabi/10.3.1/../../../../arm-none-eabi/lib/thumb/v8-m.main+fp/hard\libcr_c.a(_fdopen.o)
                0x00002bfe                _fdopen
 .text._fflush  0x00002c66       0x52 c:/nxp/mcuxpressoide_11.6.0_8187/ide/plugins/com.nxp.mcuxpresso.tools.win32_11.6.0.202112161359/tools/bin/../lib/gcc/arm-none-eabi/10.3.1/../../../../arm-none-eabi/lib/thumb/v8-m.main+fp/hard\libcr_c.a(_fflush.o)
                0x00002c66                _fflush
 .text.fclose   0x00002cb8       0x58 c:/nxp/mcuxpressoide_11.6.0_8187/ide/plugins/com.nxp.mcuxpresso.tools.win32_11.6.0.202112161359/tools/bin/../lib/gcc/arm-none-eabi/10.3.1/../../../../arm-none-eabi/lib/thumb/v8-m.main+fp/hard\libcr_c.a(fclose.o)
                0x00002cb8                fclose
 .text.remove   0x00002d10       0x14 c:/nxp/mcuxpressoide_11.6.0_8187/ide/plugins/com.nxp.mcuxpresso.tools.win32_11.6.0.202112161359/tools/bin/../lib/gcc/arm-none-eabi/10.3.1/../../../../arm-none-eabi/lib/thumb/v8-m.main+fp/hard\libcr_c.a(remove.o)
                0x00002d10                remove
 .text._do_fflush
                0x00002d24       0x40 c:/nxp/mcuxpressoide_11.6.0_8187/ide/plugins/com.nxp.mcuxpresso.tools.win32_11.6.0.202112161359/tools/bin/../lib/gcc/arm-none-eabi/10.3.1/../../../../arm-none-eabi/lib/thumb/v8-m.main+fp/hard\libcr_c.a(_do_fflush.o)
                0x00002d24                _do_fflush
 .text.__aeabi_division_uldivmod
                0x00002d64      0x174 c:/nxp/mcuxpressoide_11.6.0_8187/ide/plugins/com.nxp.mcuxpresso.tools.win32_11.6.0.202112161359/tools/bin/../lib/gcc/arm-none-eabi/10.3.1/thumb/v8-m.main+fp/hard\libcr_eabihelpers.a(division_64.o)
                0x00002d64                __aeabi_uldivmod
                0x00002d68                __bhs_ldivmod1
 .text.__aeabi_division_idiv0
                0x00002ed8        0x2 c:/nxp/mcuxpressoide_11.6.0_8187/ide/plugins/com.nxp.mcuxpresso.tools.win32_11.6.0.202112161359/tools/bin/../lib/gcc/arm-none-eabi/10.3.1/thumb/v8-m.main+fp/hard\libcr_eabihelpers.a(division_idiv0.o)
                0x00002ed8                __aeabi_idiv0
 .text.__aeabi_memcpy
                0x00002eda       0x34 c:/nxp/mcuxpressoide_11.6.0_8187/ide/plugins/com.nxp.mcuxpresso.tools.win32_11.6.0.202112161359/tools/bin/../lib/gcc/arm-none-eabi/10.3.1/thumb/v8-m.main+fp/hard\libcr_eabihelpers.a(memcpy.o)
                0x00002eda                __aeabi_memcpy
                0x00002ee4                __aeabi_memcpy8
                0x00002ee4                __aeabi_memcpy4
 .text.__aeabi_memset_lowlevel
                0x00002f0e       0x32 c:/nxp/mcuxpressoide_11.6.0_8187/ide/plugins/com.nxp.mcuxpresso.tools.win32_11.6.0.202112161359/tools/bin/../lib/gcc/arm-none-eabi/10.3.1/thumb/v8-m.main+fp/hard\libcr_eabihelpers.a(memcpy.o)
                0x00002f0e                __aeabi_lowlevel_memset
 .text.__sys_close
                0x00002f40        0x6 c:/nxp/mcuxpressoide_11.6.0_8187/ide/plugins/com.nxp.mcuxpresso.tools.win32_11.6.0.202112161359/tools/bin/../lib/gcc/arm-none-eabi/10.3.1/../../../../arm-none-eabi/lib/thumb/v8-m.main+fp/hard\libcr_nohost_nf.a(__sys_close.o)
                0x00002f40                __sys_close
 .text.__sys_flen
                0x00002f46        0x6 c:/nxp/mcuxpressoide_11.6.0_8187/ide/plugins/com.nxp.mcuxpresso.tools.win32_11.6.0.202112161359/tools/bin/../lib/gcc/arm-none-eabi/10.3.1/../../../../arm-none-eabi/lib/thumb/v8-m.main+fp/hard\libcr_nohost_nf.a(__sys_flen.o)
                0x00002f46                __sys_flen
 .text.__sys_istty
                0x00002f4c        0x6 c:/nxp/mcuxpressoide_11.6.0_8187/ide/plugins/com.nxp.mcuxpresso.tools.win32_11.6.0.202112161359/tools/bin/../lib/gcc/arm-none-eabi/10.3.1/../../../../arm-none-eabi/lib/thumb/v8-m.main+fp/hard\libcr_nohost_nf.a(__sys_istty.o)
                0x00002f4c                __sys_istty
 .text.__sys_remove
                0x00002f52        0x6 c:/nxp/mcuxpressoide_11.6.0_8187/ide/plugins/com.nxp.mcuxpresso.tools.win32_11.6.0.202112161359/tools/bin/../lib/gcc/arm-none-eabi/10.3.1/../../../../arm-none-eabi/lib/thumb/v8-m.main+fp/hard\libcr_nohost_nf.a(__sys_remove.o)
                0x00002f52                __sys_remove
 .text.__sys_seek
                0x00002f58        0x6 c:/nxp/mcuxpressoide_11.6.0_8187/ide/plugins/com.nxp.mcuxpresso.tools.win32_11.6.0.202112161359/tools/bin/../lib/gcc/arm-none-eabi/10.3.1/../../../../arm-none-eabi/lib/thumb/v8-m.main+fp/hard\libcr_nohost_nf.a(__sys_seek.o)
                0x00002f58                __sys_seek
 .text.__sys_tmpnam
                0x00002f5e        0x6 c:/nxp/mcuxpressoide_11.6.0_8187/ide/plugins/com.nxp.mcuxpresso.tools.win32_11.6.0.202112161359/tools/bin/../lib/gcc/arm-none-eabi/10.3.1/../../../../arm-none-eabi/lib/thumb/v8-m.main+fp/hard\libcr_nohost_nf.a(__sys_tmpnam.o)
                0x00002f5e                __sys_tmpnam
 .text.__sys_write
                0x00002f64        0x4 c:/nxp/mcuxpressoide_11.6.0_8187/ide/plugins/com.nxp.mcuxpresso.tools.win32_11.6.0.202112161359/tools/bin/../lib/gcc/arm-none-eabi/10.3.1/../../../../arm-none-eabi/lib/thumb/v8-m.main+fp/hard\libcr_nohost_nf.a(__sys_write.o)
                0x00002f64                __sys_write
 *(SORT_BY_ALIGNMENT(.rodata) SORT_BY_ALIGNMENT(.rodata.*) SORT_BY_ALIGNMENT(.constdata) SORT_BY_ALIGNMENT(.constdata.*))
 .rodata.__assertion_failed.str1.4
                0x00002f68       0x14 ./utilities/fsl_assert.o
 .rodata.main.str1.4
                0x00002f7c        0xd ./source/LPC55S69_Project.o
 *fill*         0x00002f89        0x3 ff
 .rodata.SDK_DelayAtLeastUs.str1.4
                0x00002f8c       0x2b ./drivers/fsl_common_arm.o
 *fill*         0x00002fb7        0x1 ff
 .rodata.s_flexcommBaseAddrs
                0x00002fb8       0x24 ./drivers/fsl_flexcomm.o
 .rodata.s_flexcommClocks
                0x00002fdc       0x12 ./drivers/fsl_flexcomm.o
 *fill*         0x00002fee        0x2 ff
 .rodata.s_flexcommResets
                0x00002ff0       0x24 ./drivers/fsl_flexcomm.o
 .rodata.FLEXCOMM_GetInstance.str1.4
                0x00003014       0x42 ./drivers/fsl_flexcomm.o
 *fill*         0x00003056        0x2 ff
 .rodata.FLEXCOMM0_DriverIRQHandler.str1.4
                0x00003058       0x3c ./drivers/fsl_flexcomm.o
 .rodata.FLEXCOMM1_DriverIRQHandler.str1.4
                0x00003094       0x3c ./drivers/fsl_flexcomm.o
 .rodata.FLEXCOMM2_DriverIRQHandler.str1.4
                0x000030d0       0x3c ./drivers/fsl_flexcomm.o
 .rodata.FLEXCOMM3_DriverIRQHandler.str1.4
                0x0000310c       0x3c ./drivers/fsl_flexcomm.o
 .rodata.FLEXCOMM4_DriverIRQHandler.str1.4
                0x00003148       0x3c ./drivers/fsl_flexcomm.o
 .rodata.FLEXCOMM5_DriverIRQHandler.str1.4
                0x00003184       0x3c ./drivers/fsl_flexcomm.o
 .rodata.FLEXCOMM6_DriverIRQHandler.str1.4
                0x000031c0       0x3c ./drivers/fsl_flexcomm.o
 .rodata.FLEXCOMM7_DriverIRQHandler.str1.4
                0x000031fc       0x3c ./drivers/fsl_flexcomm.o
 .rodata.FLEXCOMM8_DriverIRQHandler.str1.4
                0x00003238       0x3c ./drivers/fsl_flexcomm.o
 .rodata.RESET_SetPeripheralReset.str1.4
                0x00003274       0x1e ./drivers/fsl_reset.o
 *fill*         0x00003292        0x2 ff
 .rodata.RESET_ClearPeripheralReset.str1.4
                0x00003294       0x1e ./drivers/fsl_reset.o
 *fill*         0x000032b2        0x2 ff
 .rodata.USART_Init.str1.4
                0x000032b4       0x4f ./drivers/fsl_usart.o
 *fill*         0x00003303        0x1 ff
 .rodata.USART_GetDefaultConfig.str1.4
                0x00003304       0x21 ./drivers/fsl_usart.o
 *fill*         0x00003325        0x3 ff
 .rodata.USART_SetBaudRate.str1.4
                0x00003328       0x53 ./drivers/fsl_usart.o
 *fill*         0x0000337b        0x1 ff
 .rodata.USART_WriteBlocking.str1.4
                0x0000337c       0x36 ./drivers/fsl_usart.o
 *fill*         0x000033b2        0x2 ff
 .rodata.s_UsartAdapterBase
                0x000033b4       0x20 ./component/uart/fsl_adapter_usart.o
 .rodata.HAL_UartInitCommon.str1.4
                0x000033d4       0xeb ./component/uart/fsl_adapter_usart.o
 *fill*         0x000034bf        0x1 ff
 .rodata.HAL_UartSendBlocking.str1.4
                0x000034c0       0x65 ./component/uart/fsl_adapter_usart.o
 *fill*         0x00003525        0x3 ff
 .rodata.__num_Ciob_streams
                0x00003528        0x4 c:/nxp/mcuxpressoide_11.6.0_8187/ide/plugins/com.nxp.mcuxpresso.tools.win32_11.6.0.202112161359/tools/bin/../lib/gcc/arm-none-eabi/10.3.1/../../../../arm-none-eabi/lib/thumb/v8-m.main+fp/hard\libcr_nohost_nf.a(__ciob.o)
                0x00003528                __num_Ciob_streams
 .rodata._initio.str1.1
                0x0000352c        0x4 c:/nxp/mcuxpressoide_11.6.0_8187/ide/plugins/com.nxp.mcuxpresso.tools.win32_11.6.0.202112161359/tools/bin/../lib/gcc/arm-none-eabi/10.3.1/../../../../arm-none-eabi/lib/thumb/v8-m.main+fp/hard\libcr_c.a(initio.o)
                0x00003530                . = ALIGN (0x4)
                0x00003530                _etext = .

.glue_7         0x00003530        0x0
 .glue_7        0x00003530        0x0 linker stubs

.glue_7t        0x00003530        0x0
 .glue_7t       0x00003530        0x0 linker stubs

.vfp11_veneer   0x00003530        0x0
 .vfp11_veneer  0x00003530        0x0 linker stubs

.v4_bx          0x00003530        0x0
 .v4_bx         0x00003530        0x0 linker stubs

.iplt           0x00003530        0x0
 .iplt          0x00003530        0x0 ./utilities/fsl_assert.o

.rel.dyn        0x00003530        0x0
 .rel.iplt      0x00003530        0x0 ./utilities/fsl_assert.o

.m_usb_data
 *(SORT_BY_ALIGNMENT(m_usb_global))

.data_RAM2      0x04000000        0x0 load address 0x00003530
 FILL mask 0xff
                [!provide]                PROVIDE (__start_data_RAM2 = .)
                [!provide]                PROVIDE (__start_data_SRAMX = .)
 *(SORT_BY_ALIGNMENT(.ramfunc.$RAM2))
 *(SORT_BY_ALIGNMENT(.ramfunc.$SRAMX))
 *(SORT_BY_ALIGNMENT(.data.$RAM2))
 *(SORT_BY_ALIGNMENT(.data.$SRAMX))
 *(SORT_BY_ALIGNMENT(.data.$RAM2.*))
 *(SORT_BY_ALIGNMENT(.data.$SRAMX.*))
                0x04000000                . = ALIGN (0x4)
                [!provide]                PROVIDE (__end_data_RAM2 = .)
                [!provide]                PROVIDE (__end_data_SRAMX = .)

.data_RAM3      0x40100000        0x0 load address 0x00003530
 FILL mask 0xff
                [!provide]                PROVIDE (__start_data_RAM3 = .)
                [!provide]                PROVIDE (__start_data_USB_RAM = .)
 *(SORT_BY_ALIGNMENT(.ramfunc.$RAM3))
 *(SORT_BY_ALIGNMENT(.ramfunc.$USB_RAM))
 *(SORT_BY_ALIGNMENT(.data.$RAM3))
 *(SORT_BY_ALIGNMENT(.data.$USB_RAM))
 *(SORT_BY_ALIGNMENT(.data.$RAM3.*))
 *(SORT_BY_ALIGNMENT(.data.$USB_RAM.*))
                0x40100000                . = ALIGN (0x4)
                [!provide]                PROVIDE (__end_data_RAM3 = .)
                [!provide]                PROVIDE (__end_data_USB_RAM = .)

.data_RAM4      0x20040000        0x0 load address 0x00003530
 FILL mask 0xff
                [!provide]                PROVIDE (__start_data_RAM4 = .)
                [!provide]                PROVIDE (__start_data_SRAM4 = .)
 *(SORT_BY_ALIGNMENT(.ramfunc.$RAM4))
 *(SORT_BY_ALIGNMENT(.ramfunc.$SRAM4))
 *(SORT_BY_ALIGNMENT(.data.$RAM4))
 *(SORT_BY_ALIGNMENT(.data.$SRAM4))
 *(SORT_BY_ALIGNMENT(.data.$RAM4.*))
 *(SORT_BY_ALIGNMENT(.data.$SRAM4.*))
                0x20040000                . = ALIGN (0x4)
                [!provide]                PROVIDE (__end_data_RAM4 = .)
                [!provide]                PROVIDE (__end_data_SRAM4 = .)

.uninit_RESERVED
                0x20000000        0x0
                0x20000000                _start_uninit_RESERVED = .
 *(SORT_BY_ALIGNMENT(.bss.$RESERVED*))
                0x20000000                . = ALIGN (0x4)
                0x20000000                _end_uninit_RESERVED = .

.data           0x20000000        0x8 load address 0x00003530
 FILL mask 0xff
                0x20000000                _data = .
                [!provide]                PROVIDE (__start_data_RAM = .)
                [!provide]                PROVIDE (__start_data_SRAM = .)
 *(SORT_BY_ALIGNMENT(vtable))
 *(SORT_BY_ALIGNMENT(.ramfunc*))
 *(SORT_BY_ALIGNMENT(CodeQuickAccess))
 *(SORT_BY_ALIGNMENT(DataQuickAccess))
 *(SORT_BY_ALIGNMENT(RamFunction))
 *(SORT_BY_ALIGNMENT(.data*))
 .data.s_Ext_Clk_Freq
                0x20000000        0x4 ./drivers/fsl_clock.o
 .data.SystemCoreClock
                0x20000004        0x4 ./device/system_LPC55S69_cm33_core0.o
                0x20000004                SystemCoreClock
                0x20000008                . = ALIGN (0x4)
                0x20000008                _edata = .
                [!provide]                PROVIDE (__end_data_RAM = .)
                [!provide]                PROVIDE (__end_data_SRAM = .)

.igot.plt       0x20000008        0x0 load address 0x00003538
 .igot.plt      0x20000008        0x0 ./utilities/fsl_assert.o

.bss_RAM2       0x04000000        0x0
                [!provide]                PROVIDE (__start_bss_RAM2 = .)
                [!provide]                PROVIDE (__start_bss_SRAMX = .)
 *(SORT_BY_ALIGNMENT(.bss.$RAM2))
 *(SORT_BY_ALIGNMENT(.bss.$SRAMX))
 *(SORT_BY_ALIGNMENT(.bss.$RAM2.*))
 *(SORT_BY_ALIGNMENT(.bss.$SRAMX.*))
                0x04000000                . = ALIGN ((. != 0x0)?0x4:0x1)
                [!provide]                PROVIDE (__end_bss_RAM2 = .)
                [!provide]                PROVIDE (__end_bss_SRAMX = .)

.bss_RAM3       0x40100000        0x0
                [!provide]                PROVIDE (__start_bss_RAM3 = .)
                [!provide]                PROVIDE (__start_bss_USB_RAM = .)
 *(SORT_BY_ALIGNMENT(.bss.$RAM3))
 *(SORT_BY_ALIGNMENT(.bss.$USB_RAM))
 *(SORT_BY_ALIGNMENT(.bss.$RAM3.*))
 *(SORT_BY_ALIGNMENT(.bss.$USB_RAM.*))
                0x40100000                . = ALIGN ((. != 0x0)?0x4:0x1)
                [!provide]                PROVIDE (__end_bss_RAM3 = .)
                [!provide]                PROVIDE (__end_bss_USB_RAM = .)

.bss_RAM4       0x20040000        0x0
                [!provide]                PROVIDE (__start_bss_RAM4 = .)
                [!provide]                PROVIDE (__start_bss_SRAM4 = .)
 *(SORT_BY_ALIGNMENT(.bss.$RAM4))
 *(SORT_BY_ALIGNMENT(.bss.$SRAM4))
 *(SORT_BY_ALIGNMENT(.bss.$RAM4.*))
 *(SORT_BY_ALIGNMENT(.bss.$SRAM4.*))
                0x20040000                . = ALIGN ((. != 0x0)?0x4:0x1)
                [!provide]                PROVIDE (__end_bss_RAM4 = .)
                [!provide]                PROVIDE (__end_bss_SRAM4 = .)

.bss            0x20000008      0x130
                0x20000008                _bss = .
                [!provide]                PROVIDE (__start_bss_RAM = .)
                [!provide]                PROVIDE (__start_bss_SRAM = .)
 *(SORT_BY_ALIGNMENT(.bss*))
 .bss.s_debugConsoleState
                0x20000008       0x20 ./utilities/fsl_debug_console.o
 .bss.g_serialHandle
                0x20000028        0x4 ./utilities/fsl_debug_console.o
                0x20000028                g_serialHandle
 .bss.i.0       0x2000002c        0x4 ./source/LPC55S69_Project.o
 .bss.s_Pll0_Freq
                0x20000030        0x4 ./drivers/fsl_clock.o
 .bss.s_flexcommIrqHandler
                0x20000034       0x24 ./drivers/fsl_flexcomm.o
 .bss.s_flexcommHandle
                0x20000058       0x24 ./drivers/fsl_flexcomm.o
 .bss.errno     0x2000007c        0x4 c:/nxp/mcuxpressoide_11.6.0_8187/ide/plugins/com.nxp.mcuxpresso.tools.win32_11.6.0.202112161359/tools/bin/../lib/gcc/arm-none-eabi/10.3.1/../../../../arm-none-eabi/lib/thumb/v8-m.main+fp/hard\libcr_c.a(errno.o)
                0x2000007c                errno
 .bss.__Ciob    0x20000080       0xb4 c:/nxp/mcuxpressoide_11.6.0_8187/ide/plugins/com.nxp.mcuxpresso.tools.win32_11.6.0.202112161359/tools/bin/../lib/gcc/arm-none-eabi/10.3.1/../../../../arm-none-eabi/lib/thumb/v8-m.main+fp/hard\libcr_nohost_nf.a(__ciob.o)
                0x20000080                __Ciob
 .bss.s_debugConsoleReadWaitSemaphore
                0x20000134        0x1 ./utilities/fsl_debug_console.o
 *(SORT_BY_ALIGNMENT(COMMON))
                0x20000138                . = ALIGN (0x4)
 *fill*         0x20000135        0x3 
                0x20000138                _ebss = .
                [!provide]                PROVIDE (__end_bss_RAM = .)
                [!provide]                PROVIDE (__end_bss_SRAM = .)
                [!provide]                PROVIDE (end = .)

.noinit_RAM2    0x04000000        0x0
                [!provide]                PROVIDE (__start_noinit_RAM2 = .)
                [!provide]                PROVIDE (__start_noinit_SRAMX = .)
 *(SORT_BY_ALIGNMENT(.noinit.$RAM2))
 *(SORT_BY_ALIGNMENT(.noinit.$SRAMX))
 *(SORT_BY_ALIGNMENT(.noinit.$RAM2.*))
 *(SORT_BY_ALIGNMENT(.noinit.$SRAMX.*))
                0x04000000                . = ALIGN (0x4)
                [!provide]                PROVIDE (__end_noinit_RAM2 = .)
                [!provide]                PROVIDE (__end_noinit_SRAMX = .)

.noinit_RAM3    0x40100000        0x0
                [!provide]                PROVIDE (__start_noinit_RAM3 = .)
                [!provide]                PROVIDE (__start_noinit_USB_RAM = .)
 *(SORT_BY_ALIGNMENT(.noinit.$RAM3))
 *(SORT_BY_ALIGNMENT(.noinit.$USB_RAM))
 *(SORT_BY_ALIGNMENT(.noinit.$RAM3.*))
 *(SORT_BY_ALIGNMENT(.noinit.$USB_RAM.*))
                0x40100000                . = ALIGN (0x4)
                [!provide]                PROVIDE (__end_noinit_RAM3 = .)
                [!provide]                PROVIDE (__end_noinit_USB_RAM = .)

.noinit_RAM4    0x20040000        0x0
                [!provide]                PROVIDE (__start_noinit_RAM4 = .)
                [!provide]                PROVIDE (__start_noinit_SRAM4 = .)
 *(SORT_BY_ALIGNMENT(.noinit.$RAM4))
 *(SORT_BY_ALIGNMENT(.noinit.$SRAM4))
 *(SORT_BY_ALIGNMENT(.noinit.$RAM4.*))
 *(SORT_BY_ALIGNMENT(.noinit.$SRAM4.*))
                0x20040000                . = ALIGN (0x4)
                [!provide]                PROVIDE (__end_noinit_RAM4 = .)
                [!provide]                PROVIDE (__end_noinit_SRAM4 = .)

.noinit         0x20000138        0x0
                0x20000138                _noinit = .
                [!provide]                PROVIDE (__start_noinit_RAM = .)
                [!provide]                PROVIDE (__start_noinit_SRAM = .)
 *(SORT_BY_ALIGNMENT(.noinit*))
                0x20000138                . = ALIGN (0x4)
                0x20000138                _end_noinit = .
                [!provide]                PROVIDE (__end_noinit_RAM = .)
                [!provide]                PROVIDE (__end_noinit_SRAM = .)

.ARM.extab
 *(SORT_BY_ALIGNMENT(.ARM.extab*) SORT_BY_ALIGNMENT(.gnu.linkonce.armextab.*))

.ARM.exidx      0x00003538        0x0
                0x00003538                __exidx_start = .
 *(SORT_BY_ALIGNMENT(.ARM.exidx*) SORT_BY_ALIGNMENT(.gnu.linkonce.armexidx.*))
                0x00003538                __exidx_end = .
                0x00001000                _HeapSize = 0x1000

.heap           0x20000138     0x1000
                0x20000138                _pvHeapStart = .
                0x20001138                . = (. + _HeapSize)
 *fill*         0x20000138     0x1000 
                0x20001138                . = ALIGN (0x4)
                0x20001138                _pvHeapLimit = .
                0x00001000                _StackSize = 0x1000

.heap2stackfill
                0x20001138     0x1000
                0x20002138                . = (. + _StackSize)
 *fill*         0x20001138     0x1000 

.stack          0x2003f000        0x0
                0x2003f000                _vStackBase = .
                0x2003f000                . = ALIGN (0x4)
                0x20040000                _vStackTop = (. + _StackSize)
                [!provide]                PROVIDE (__valid_user_code_checksum = (0x0 - ((((((_vStackTop + (ResetISR + 0x1)) + (NMI_Handler + 0x1)) + (HardFault_Handler + 0x1)) + (DEFINED (MemManage_Handler)?MemManage_Handler:0x0 + 0x1)) + (DEFINED (BusFault_Handler)?BusFault_Handler:0x0 + 0x1)) + (DEFINED (UsageFault_Handler)?UsageFault_Handler:0x0 + 0x1))))
                0x00000000                _image_start = LOADADDR (.text)
                0x00003538                _image_end = (LOADADDR (.data) + SIZEOF (.data))
                0x00003538                _image_size = (_image_end - _image_start)
OUTPUT(LPC55S69_Project.axf elf32-littlearm)
LOAD linker stubs

.debug_info     0x00000000    0x12781
 .debug_info    0x00000000       0xaa ./utilities/fsl_assert.o
 .debug_info    0x000000aa      0xc92 ./utilities/fsl_debug_console.o
 .debug_info    0x00000d3c      0xafc ./utilities/fsl_str.o
 .debug_info    0x00001838      0x707 ./startup/startup_lpc55s69_cm33_core0.o
 .debug_info    0x00001f3f       0xaa ./source/LPC55S69_Project.o
 .debug_info    0x00001fe9       0x3c ./source/semihost_hardfault.o
 .debug_info    0x00002025     0x334d ./drivers/fsl_clock.o
 .debug_info    0x00005372       0xf5 ./drivers/fsl_common_arm.o
 .debug_info    0x00005467     0x1afd ./drivers/fsl_flexcomm.o
 .debug_info    0x00006f64     0x2a66 ./drivers/fsl_power.o
 .debug_info    0x000099ca      0xee3 ./drivers/fsl_reset.o
 .debug_info    0x0000a8ad     0x17d1 ./drivers/fsl_usart.o
 .debug_info    0x0000c07e     0x14be ./device/system_LPC55S69_cm33_core0.o
 .debug_info    0x0000d53c      0xc65 ./component/uart/fsl_adapter_usart.o
 .debug_info    0x0000e1a1      0xcf2 ./component/serial_manager/fsl_component_serial_manager.o
 .debug_info    0x0000ee93      0x472 ./component/serial_manager/fsl_component_serial_port_uart.o
 .debug_info    0x0000f305      0x829 ./board/board.o
 .debug_info    0x0000fb2e     0x16e2 ./board/clock_config.o
 .debug_info    0x00011210       0x9b ./board/peripherals.o
 .debug_info    0x000112ab     0x14d6 ./board/pin_mux.o

.debug_abbrev   0x00000000     0x22cc
 .debug_abbrev  0x00000000       0x66 ./utilities/fsl_assert.o
 .debug_abbrev  0x00000066      0x232 ./utilities/fsl_debug_console.o
 .debug_abbrev  0x00000298      0x24d ./utilities/fsl_str.o
 .debug_abbrev  0x000004e5      0x165 ./startup/startup_lpc55s69_cm33_core0.o
 .debug_abbrev  0x0000064a       0x61 ./source/LPC55S69_Project.o
 .debug_abbrev  0x000006ab       0x31 ./source/semihost_hardfault.o
 .debug_abbrev  0x000006dc      0x374 ./drivers/fsl_clock.o
 .debug_abbrev  0x00000a50       0x92 ./drivers/fsl_common_arm.o
 .debug_abbrev  0x00000ae2      0x2c0 ./drivers/fsl_flexcomm.o
 .debug_abbrev  0x00000da2      0x335 ./drivers/fsl_power.o
 .debug_abbrev  0x000010d7      0x15a ./drivers/fsl_reset.o
 .debug_abbrev  0x00001231      0x30b ./drivers/fsl_usart.o
 .debug_abbrev  0x0000153c      0x216 ./device/system_LPC55S69_cm33_core0.o
 .debug_abbrev  0x00001752      0x1e0 ./component/uart/fsl_adapter_usart.o
 .debug_abbrev  0x00001932      0x299 ./component/serial_manager/fsl_component_serial_manager.o
 .debug_abbrev  0x00001bcb      0x167 ./component/serial_manager/fsl_component_serial_port_uart.o
 .debug_abbrev  0x00001d32       0xd1 ./board/board.o
 .debug_abbrev  0x00001e03      0x1ea ./board/clock_config.o
 .debug_abbrev  0x00001fed       0x61 ./board/peripherals.o
 .debug_abbrev  0x0000204e      0x27e ./board/pin_mux.o

.debug_aranges  0x00000000      0xbd0
 .debug_aranges
                0x00000000       0x20 ./utilities/fsl_assert.o
 .debug_aranges
                0x00000020       0xa8 ./utilities/fsl_debug_console.o
 .debug_aranges
                0x000000c8       0xb8 ./utilities/fsl_str.o
 .debug_aranges
                0x00000180      0x268 ./startup/startup_lpc55s69_cm33_core0.o
 .debug_aranges
                0x000003e8       0x20 ./source/LPC55S69_Project.o
 .debug_aranges
                0x00000408       0x20 ./source/semihost_hardfault.o
 .debug_aranges
                0x00000428      0x228 ./drivers/fsl_clock.o
 .debug_aranges
                0x00000650       0x28 ./drivers/fsl_common_arm.o
 .debug_aranges
                0x00000678       0x90 ./drivers/fsl_flexcomm.o
 .debug_aranges
                0x00000708       0xc8 ./drivers/fsl_power.o
 .debug_aranges
                0x000007d0       0x30 ./drivers/fsl_reset.o
 .debug_aranges
                0x00000800       0xf8 ./drivers/fsl_usart.o
 .debug_aranges
                0x000008f8       0x88 ./device/system_LPC55S69_cm33_core0.o
 .debug_aranges
                0x00000980       0x58 ./component/uart/fsl_adapter_usart.o
 .debug_aranges
                0x000009d8       0xa0 ./component/serial_manager/fsl_component_serial_manager.o
 .debug_aranges
                0x00000a78       0x48 ./component/serial_manager/fsl_component_serial_port_uart.o
 .debug_aranges
                0x00000ac0       0x28 ./board/board.o
 .debug_aranges
                0x00000ae8       0x50 ./board/clock_config.o
 .debug_aranges
                0x00000b38       0x28 ./board/peripherals.o
 .debug_aranges
                0x00000b60       0x70 ./board/pin_mux.o

.debug_ranges   0x00000000      0xac0
 .debug_ranges  0x00000000       0x10 ./utilities/fsl_assert.o
 .debug_ranges  0x00000010       0x98 ./utilities/fsl_debug_console.o
 .debug_ranges  0x000000a8       0xd8 ./utilities/fsl_str.o
 .debug_ranges  0x00000180      0x258 ./startup/startup_lpc55s69_cm33_core0.o
 .debug_ranges  0x000003d8       0x10 ./source/LPC55S69_Project.o
 .debug_ranges  0x000003e8       0x10 ./source/semihost_hardfault.o
 .debug_ranges  0x000003f8      0x218 ./drivers/fsl_clock.o
 .debug_ranges  0x00000610       0x18 ./drivers/fsl_common_arm.o
 .debug_ranges  0x00000628       0x80 ./drivers/fsl_flexcomm.o
 .debug_ranges  0x000006a8       0xb8 ./drivers/fsl_power.o
 .debug_ranges  0x00000760       0x20 ./drivers/fsl_reset.o
 .debug_ranges  0x00000780       0xe8 ./drivers/fsl_usart.o
 .debug_ranges  0x00000868       0x78 ./device/system_LPC55S69_cm33_core0.o
 .debug_ranges  0x000008e0       0x48 ./component/uart/fsl_adapter_usart.o
 .debug_ranges  0x00000928       0x90 ./component/serial_manager/fsl_component_serial_manager.o
 .debug_ranges  0x000009b8       0x38 ./component/serial_manager/fsl_component_serial_port_uart.o
 .debug_ranges  0x000009f0       0x18 ./board/board.o
 .debug_ranges  0x00000a08       0x40 ./board/clock_config.o
 .debug_ranges  0x00000a48       0x18 ./board/peripherals.o
 .debug_ranges  0x00000a60       0x60 ./board/pin_mux.o

.debug_macro    0x00000000    0x18068
 .debug_macro   0x00000000      0x17a ./utilities/fsl_assert.o
 .debug_macro   0x0000017a      0xaba ./utilities/fsl_assert.o
 .debug_macro   0x00000c34       0x10 ./utilities/fsl_assert.o
 .debug_macro   0x00000c44       0x1c ./utilities/fsl_assert.o
 .debug_macro   0x00000c60       0x22 ./utilities/fsl_assert.o
 .debug_macro   0x00000c82      0x12e ./utilities/fsl_assert.o
 .debug_macro   0x00000db0      0x5b3 ./utilities/fsl_assert.o
 .debug_macro   0x00001363       0x22 ./utilities/fsl_assert.o
 .debug_macro   0x00001385       0x10 ./utilities/fsl_assert.o
 .debug_macro   0x00001395       0x46 ./utilities/fsl_assert.o
 .debug_macro   0x000013db       0x1c ./utilities/fsl_assert.o
 .debug_macro   0x000013f7       0x29 ./utilities/fsl_assert.o
 .debug_macro   0x00001420       0xfb ./utilities/fsl_assert.o
 .debug_macro   0x0000151b     0x167e ./utilities/fsl_assert.o
 .debug_macro   0x00002b99       0x5e ./utilities/fsl_assert.o
 .debug_macro   0x00002bf7       0x2e ./utilities/fsl_assert.o
 .debug_macro   0x00002c25    0x116c8 ./utilities/fsl_assert.o
 .debug_macro   0x000142ed      0x44a ./utilities/fsl_assert.o
 .debug_macro   0x00014737       0x7a ./utilities/fsl_assert.o
 .debug_macro   0x000147b1       0xa8 ./utilities/fsl_assert.o
 .debug_macro   0x00014859      0x2ca ./utilities/fsl_assert.o
 .debug_macro   0x00014b23       0x16 ./utilities/fsl_assert.o
 .debug_macro   0x00014b39       0xee ./utilities/fsl_assert.o
 .debug_macro   0x00014c27       0x70 ./utilities/fsl_assert.o
 .debug_macro   0x00014c97       0x46 ./utilities/fsl_assert.o
 .debug_macro   0x00014cdd       0x16 ./utilities/fsl_assert.o
 .debug_macro   0x00014cf3       0x6d ./utilities/fsl_assert.o
 .debug_macro   0x00014d60       0x16 ./utilities/fsl_assert.o
 .debug_macro   0x00014d76       0x1c ./utilities/fsl_assert.o
 .debug_macro   0x00014d92       0x1c ./utilities/fsl_assert.o
 .debug_macro   0x00014dae      0x1f2 ./utilities/fsl_debug_console.o
 .debug_macro   0x00014fa0       0x16 ./utilities/fsl_debug_console.o
 .debug_macro   0x00014fb6       0x10 ./utilities/fsl_debug_console.o
 .debug_macro   0x00014fc6       0x28 ./utilities/fsl_debug_console.o
 .debug_macro   0x00014fee       0x50 ./utilities/fsl_debug_console.o
 .debug_macro   0x0001503e       0x1c ./utilities/fsl_debug_console.o
 .debug_macro   0x0001505a      0x178 ./utilities/fsl_str.o
 .debug_macro   0x000151d2       0xc4 ./utilities/fsl_str.o
 .debug_macro   0x00015296      0x1c7 ./utilities/fsl_str.o
 .debug_macro   0x0001545d       0x56 ./utilities/fsl_str.o
 .debug_macro   0x000154b3       0x29 ./startup/startup_lpc55s69_cm33_core0.o
 .debug_macro   0x000154dc      0x1dc ./source/LPC55S69_Project.o
 .debug_macro   0x000156b8       0xd8 ./source/LPC55S69_Project.o
 .debug_macro   0x00015790       0x2f ./source/LPC55S69_Project.o
 .debug_macro   0x000157bf       0x10 ./source/LPC55S69_Project.o
 .debug_macro   0x000157cf       0xfe ./source/LPC55S69_Project.o
 .debug_macro   0x000158cd      0x1f0 ./source/LPC55S69_Project.o
 .debug_macro   0x00015abd      0x88e ./source/LPC55S69_Project.o
 .debug_macro   0x0001634b       0x11 ./source/semihost_hardfault.o
 .debug_macro   0x0001635c      0x1db ./drivers/fsl_clock.o
 .debug_macro   0x00016537      0x304 ./drivers/fsl_clock.o
 .debug_macro   0x0001683b      0x13c ./drivers/fsl_common_arm.o
 .debug_macro   0x00016977      0x145 ./drivers/fsl_flexcomm.o
 .debug_macro   0x00016abc       0x10 ./drivers/fsl_flexcomm.o
 .debug_macro   0x00016acc      0x410 ./drivers/fsl_power.o
 .debug_macro   0x00016edc      0x13c ./drivers/fsl_reset.o
 .debug_macro   0x00017018      0x154 ./drivers/fsl_usart.o
 .debug_macro   0x0001716c       0x1c ./drivers/fsl_usart.o
 .debug_macro   0x00017188       0xc1 ./device/system_LPC55S69_cm33_core0.o
 .debug_macro   0x00017249      0x151 ./component/uart/fsl_adapter_usart.o
 .debug_macro   0x0001739a       0x22 ./component/uart/fsl_adapter_usart.o
 .debug_macro   0x000173bc       0x46 ./component/uart/fsl_adapter_usart.o
 .debug_macro   0x00017402      0x1b5 ./component/serial_manager/fsl_component_serial_manager.o
 .debug_macro   0x000175b7       0x6a ./component/serial_manager/fsl_component_serial_manager.o
 .debug_macro   0x00017621      0x179 ./component/serial_manager/fsl_component_serial_port_uart.o
 .debug_macro   0x0001779a      0x1ae ./board/board.o
 .debug_macro   0x00017948       0x35 ./board/board.o
 .debug_macro   0x0001797d      0x15c ./board/clock_config.o
 .debug_macro   0x00017ad9      0x2fe ./board/clock_config.o
 .debug_macro   0x00017dd7      0x140 ./board/peripherals.o
 .debug_macro   0x00017f17      0x151 ./board/pin_mux.o

.debug_line     0x00000000     0x9a28
 .debug_line    0x00000000      0x50f ./utilities/fsl_assert.o
 .debug_line    0x0000050f      0x920 ./utilities/fsl_debug_console.o
 .debug_line    0x00000e2f      0xb57 ./utilities/fsl_str.o
 .debug_line    0x00001986      0x6b1 ./startup/startup_lpc55s69_cm33_core0.o
 .debug_line    0x00002037      0x633 ./source/LPC55S69_Project.o
 .debug_line    0x0000266a       0x59 ./source/semihost_hardfault.o
 .debug_line    0x000026c3     0x178c ./drivers/fsl_clock.o
 .debug_line    0x00003e4f      0x3a9 ./drivers/fsl_common_arm.o
 .debug_line    0x000041f8      0x64b ./drivers/fsl_flexcomm.o
 .debug_line    0x00004843      0xebc ./drivers/fsl_power.o
 .debug_line    0x000056ff      0x402 ./drivers/fsl_reset.o
 .debug_line    0x00005b01      0xfa3 ./drivers/fsl_usart.o
 .debug_line    0x00006aa4      0x6c2 ./device/system_LPC55S69_cm33_core0.o
 .debug_line    0x00007166      0x5be ./component/uart/fsl_adapter_usart.o
 .debug_line    0x00007724      0x83b ./component/serial_manager/fsl_component_serial_manager.o
 .debug_line    0x00007f5f      0x5dc ./component/serial_manager/fsl_component_serial_port_uart.o
 .debug_line    0x0000853b      0x5b9 ./board/board.o
 .debug_line    0x00008af4      0x4f4 ./board/clock_config.o
 .debug_line    0x00008fe8      0x3ea ./board/peripherals.o
 .debug_line    0x000093d2      0x656 ./board/pin_mux.o

.debug_str      0x00000000    0xc3b0e
 .debug_str     0x00000000    0xb3800 ./utilities/fsl_assert.o
                              0xb3884 (size before relaxing)
 .debug_str     0x000b3800     0x164c ./utilities/fsl_debug_console.o
                              0xb4f37 (size before relaxing)
 .debug_str     0x000b4e4c      0xc0a ./utilities/fsl_str.o
                              0xb3bba (size before relaxing)
 .debug_str     0x000b5a56      0x680 ./startup/startup_lpc55s69_cm33_core0.o
                               0x34de (size before relaxing)
 .debug_str     0x000b60d6     0x4a80 ./source/LPC55S69_Project.o
                              0xb82d9 (size before relaxing)
 .debug_str     0x000bab56       0x1f ./source/semihost_hardfault.o
                               0x2e20 (size before relaxing)
 .debug_str     0x000bab75     0x4316 ./drivers/fsl_clock.o
                              0xb7b79 (size before relaxing)
 .debug_str     0x000bee8b       0x82 ./drivers/fsl_common_arm.o
                              0xb2db4 (size before relaxing)
 .debug_str     0x000bef0d      0xcfe ./drivers/fsl_flexcomm.o
                              0xb5227 (size before relaxing)
 .debug_str     0x000bfc0b     0x21c9 ./drivers/fsl_power.o
                              0xb80a0 (size before relaxing)
 .debug_str     0x000c1dd4       0xae ./drivers/fsl_reset.o
                              0xb3b46 (size before relaxing)
 .debug_str     0x000c1e82      0xd99 ./drivers/fsl_usart.o
                              0xb4bec (size before relaxing)
 .debug_str     0x000c2c1b      0x12f ./device/system_LPC55S69_cm33_core0.o
                              0xb0eb0 (size before relaxing)
 .debug_str     0x000c2d4a      0x318 ./component/uart/fsl_adapter_usart.o
                              0xb431e (size before relaxing)
 .debug_str     0x000c3062      0x55c ./component/serial_manager/fsl_component_serial_manager.o
                              0xb4a8c (size before relaxing)
 .debug_str     0x000c35be      0x106 ./component/serial_manager/fsl_component_serial_port_uart.o
                              0xb3c21 (size before relaxing)
 .debug_str     0x000c36c4       0x54 ./board/board.o
                              0xb6235 (size before relaxing)
 .debug_str     0x000c3718       0xac ./board/clock_config.o
                              0xb5b33 (size before relaxing)
 .debug_str     0x000c37c4       0x52 ./board/peripherals.o
                              0xb2d7d (size before relaxing)
 .debug_str     0x000c3816      0x2f8 ./board/pin_mux.o
                              0xb74af (size before relaxing)

.comment        0x00000000       0x49
 .comment       0x00000000       0x49 ./utilities/fsl_assert.o
                                 0x4a (size before relaxing)
 .comment       0x00000049       0x4a ./utilities/fsl_debug_console.o
 .comment       0x00000049       0x4a ./utilities/fsl_str.o
 .comment       0x00000049       0x4a ./startup/startup_lpc55s69_cm33_core0.o
 .comment       0x00000049       0x4a ./source/LPC55S69_Project.o
 .comment       0x00000049       0x4a ./source/semihost_hardfault.o
 .comment       0x00000049       0x4a ./drivers/fsl_clock.o
 .comment       0x00000049       0x4a ./drivers/fsl_common_arm.o
 .comment       0x00000049       0x4a ./drivers/fsl_flexcomm.o
 .comment       0x00000049       0x4a ./drivers/fsl_power.o
 .comment       0x00000049       0x4a ./drivers/fsl_reset.o
 .comment       0x00000049       0x4a ./drivers/fsl_usart.o
 .comment       0x00000049       0x4a ./device/system_LPC55S69_cm33_core0.o
 .comment       0x00000049       0x4a ./component/uart/fsl_adapter_usart.o
 .comment       0x00000049       0x4a ./component/serial_manager/fsl_component_serial_manager.o
 .comment       0x00000049       0x4a ./component/serial_manager/fsl_component_serial_port_uart.o
 .comment       0x00000049       0x4a ./board/board.o
 .comment       0x00000049       0x4a ./board/clock_config.o
 .comment       0x00000049       0x4a ./board/peripherals.o
 .comment       0x00000049       0x4a ./board/pin_mux.o
 .comment       0x00000049       0x4a c:/nxp/mcuxpressoide_11.6.0_8187/ide/plugins/com.nxp.mcuxpresso.tools.win32_11.6.0.202112161359/tools/bin/../lib/gcc/arm-none-eabi/10.3.1/../../../../arm-none-eabi/lib/thumb/v8-m.main+fp/hard\libcr_nohost_nf.a(_cr__main.o)
 .comment       0x00000049       0x4a c:/nxp/mcuxpressoide_11.6.0_8187/ide/plugins/com.nxp.mcuxpresso.tools.win32_11.6.0.202112161359/tools/bin/../lib/gcc/arm-none-eabi/10.3.1/../../../../arm-none-eabi/lib/thumb/v8-m.main+fp/hard\libcr_c.a(memcpy.o)
 .comment       0x00000049       0x4a c:/nxp/mcuxpressoide_11.6.0_8187/ide/plugins/com.nxp.mcuxpresso.tools.win32_11.6.0.202112161359/tools/bin/../lib/gcc/arm-none-eabi/10.3.1/../../../../arm-none-eabi/lib/thumb/v8-m.main+fp/hard\libcr_c.a(memset.o)
 .comment       0x00000049       0x4a c:/nxp/mcuxpressoide_11.6.0_8187/ide/plugins/com.nxp.mcuxpresso.tools.win32_11.6.0.202112161359/tools/bin/../lib/gcc/arm-none-eabi/10.3.1/../../../../arm-none-eabi/lib/thumb/v8-m.main+fp/hard\libcr_c.a(alloc.o)
 .comment       0x00000049       0x4a c:/nxp/mcuxpressoide_11.6.0_8187/ide/plugins/com.nxp.mcuxpresso.tools.win32_11.6.0.202112161359/tools/bin/../lib/gcc/arm-none-eabi/10.3.1/../../../../arm-none-eabi/lib/thumb/v8-m.main+fp/hard\libcr_c.a(errno.o)
 .comment       0x00000049       0x4a c:/nxp/mcuxpressoide_11.6.0_8187/ide/plugins/com.nxp.mcuxpresso.tools.win32_11.6.0.202112161359/tools/bin/../lib/gcc/arm-none-eabi/10.3.1/../../../../arm-none-eabi/lib/thumb/v8-m.main+fp/hard\libcr_c.a(initio.o)
 .comment       0x00000049       0x4a c:/nxp/mcuxpressoide_11.6.0_8187/ide/plugins/com.nxp.mcuxpresso.tools.win32_11.6.0.202112161359/tools/bin/../lib/gcc/arm-none-eabi/10.3.1/../../../../arm-none-eabi/lib/thumb/v8-m.main+fp/hard\libcr_c.a(setvbuf.o)
 .comment       0x00000049       0x4a c:/nxp/mcuxpressoide_11.6.0_8187/ide/plugins/com.nxp.mcuxpresso.tools.win32_11.6.0.202112161359/tools/bin/../lib/gcc/arm-none-eabi/10.3.1/../../../../arm-none-eabi/lib/thumb/v8-m.main+fp/hard\libcr_c.a(strlen.o)
 .comment       0x00000049       0x4a c:/nxp/mcuxpressoide_11.6.0_8187/ide/plugins/com.nxp.mcuxpresso.tools.win32_11.6.0.202112161359/tools/bin/../lib/gcc/arm-none-eabi/10.3.1/../../../../arm-none-eabi/lib/thumb/v8-m.main+fp/hard\libcr_c.a(_deferredlazyseek.o)
 .comment       0x00000049       0x4a c:/nxp/mcuxpressoide_11.6.0_8187/ide/plugins/com.nxp.mcuxpresso.tools.win32_11.6.0.202112161359/tools/bin/../lib/gcc/arm-none-eabi/10.3.1/../../../../arm-none-eabi/lib/thumb/v8-m.main+fp/hard\libcr_c.a(_fdopen.o)
 .comment       0x00000049       0x4a c:/nxp/mcuxpressoide_11.6.0_8187/ide/plugins/com.nxp.mcuxpresso.tools.win32_11.6.0.202112161359/tools/bin/../lib/gcc/arm-none-eabi/10.3.1/../../../../arm-none-eabi/lib/thumb/v8-m.main+fp/hard\libcr_c.a(_fflush.o)
 .comment       0x00000049       0x4a c:/nxp/mcuxpressoide_11.6.0_8187/ide/plugins/com.nxp.mcuxpresso.tools.win32_11.6.0.202112161359/tools/bin/../lib/gcc/arm-none-eabi/10.3.1/../../../../arm-none-eabi/lib/thumb/v8-m.main+fp/hard\libcr_c.a(_writebuf.o)
 .comment       0x00000049       0x4a c:/nxp/mcuxpressoide_11.6.0_8187/ide/plugins/com.nxp.mcuxpresso.tools.win32_11.6.0.202112161359/tools/bin/../lib/gcc/arm-none-eabi/10.3.1/../../../../arm-none-eabi/lib/thumb/v8-m.main+fp/hard\libcr_c.a(fclose.o)
 .comment       0x00000049       0x4a c:/nxp/mcuxpressoide_11.6.0_8187/ide/plugins/com.nxp.mcuxpresso.tools.win32_11.6.0.202112161359/tools/bin/../lib/gcc/arm-none-eabi/10.3.1/../../../../arm-none-eabi/lib/thumb/v8-m.main+fp/hard\libcr_c.a(fflush.o)
 .comment       0x00000049       0x4a c:/nxp/mcuxpressoide_11.6.0_8187/ide/plugins/com.nxp.mcuxpresso.tools.win32_11.6.0.202112161359/tools/bin/../lib/gcc/arm-none-eabi/10.3.1/../../../../arm-none-eabi/lib/thumb/v8-m.main+fp/hard\libcr_c.a(fseek.o)
 .comment       0x00000049       0x4a c:/nxp/mcuxpressoide_11.6.0_8187/ide/plugins/com.nxp.mcuxpresso.tools.win32_11.6.0.202112161359/tools/bin/../lib/gcc/arm-none-eabi/10.3.1/../../../../arm-none-eabi/lib/thumb/v8-m.main+fp/hard\libcr_c.a(ftell.o)
 .comment       0x00000049       0x4a c:/nxp/mcuxpressoide_11.6.0_8187/ide/plugins/com.nxp.mcuxpresso.tools.win32_11.6.0.202112161359/tools/bin/../lib/gcc/arm-none-eabi/10.3.1/../../../../arm-none-eabi/lib/thumb/v8-m.main+fp/hard\libcr_c.a(remove.o)
 .comment       0x00000049       0x4a c:/nxp/mcuxpressoide_11.6.0_8187/ide/plugins/com.nxp.mcuxpresso.tools.win32_11.6.0.202112161359/tools/bin/../lib/gcc/arm-none-eabi/10.3.1/../../../../arm-none-eabi/lib/thumb/v8-m.main+fp/hard\libcr_c.a(_do_fflush.o)
 .comment       0x00000049       0x4a c:/nxp/mcuxpressoide_11.6.0_8187/ide/plugins/com.nxp.mcuxpresso.tools.win32_11.6.0.202112161359/tools/bin/../lib/gcc/arm-none-eabi/10.3.1/../../../../arm-none-eabi/lib/thumb/v8-m.main+fp/hard\libcr_nohost_nf.a(__ciob.o)
 .comment       0x00000049       0x4a c:/nxp/mcuxpressoide_11.6.0_8187/ide/plugins/com.nxp.mcuxpresso.tools.win32_11.6.0.202112161359/tools/bin/../lib/gcc/arm-none-eabi/10.3.1/../../../../arm-none-eabi/lib/thumb/v8-m.main+fp/hard\libcr_nohost_nf.a(__sys_close.o)
 .comment       0x00000049       0x4a c:/nxp/mcuxpressoide_11.6.0_8187/ide/plugins/com.nxp.mcuxpresso.tools.win32_11.6.0.202112161359/tools/bin/../lib/gcc/arm-none-eabi/10.3.1/../../../../arm-none-eabi/lib/thumb/v8-m.main+fp/hard\libcr_nohost_nf.a(__sys_flen.o)
 .comment       0x00000049       0x4a c:/nxp/mcuxpressoide_11.6.0_8187/ide/plugins/com.nxp.mcuxpresso.tools.win32_11.6.0.202112161359/tools/bin/../lib/gcc/arm-none-eabi/10.3.1/../../../../arm-none-eabi/lib/thumb/v8-m.main+fp/hard\libcr_nohost_nf.a(__sys_istty.o)
 .comment       0x00000049       0x4a c:/nxp/mcuxpressoide_11.6.0_8187/ide/plugins/com.nxp.mcuxpresso.tools.win32_11.6.0.202112161359/tools/bin/../lib/gcc/arm-none-eabi/10.3.1/../../../../arm-none-eabi/lib/thumb/v8-m.main+fp/hard\libcr_nohost_nf.a(__sys_remove.o)
 .comment       0x00000049       0x4a c:/nxp/mcuxpressoide_11.6.0_8187/ide/plugins/com.nxp.mcuxpresso.tools.win32_11.6.0.202112161359/tools/bin/../lib/gcc/arm-none-eabi/10.3.1/../../../../arm-none-eabi/lib/thumb/v8-m.main+fp/hard\libcr_nohost_nf.a(__sys_seek.o)
 .comment       0x00000049       0x4a c:/nxp/mcuxpressoide_11.6.0_8187/ide/plugins/com.nxp.mcuxpresso.tools.win32_11.6.0.202112161359/tools/bin/../lib/gcc/arm-none-eabi/10.3.1/../../../../arm-none-eabi/lib/thumb/v8-m.main+fp/hard\libcr_nohost_nf.a(__sys_tmpnam.o)
 .comment       0x00000049       0x4a c:/nxp/mcuxpressoide_11.6.0_8187/ide/plugins/com.nxp.mcuxpresso.tools.win32_11.6.0.202112161359/tools/bin/../lib/gcc/arm-none-eabi/10.3.1/../../../../arm-none-eabi/lib/thumb/v8-m.main+fp/hard\libcr_nohost_nf.a(__sys_write.o)

.ARM.attributes
                0x00000000       0x38
 .ARM.attributes
                0x00000000       0x3a ./utilities/fsl_assert.o
 .ARM.attributes
                0x0000003a       0x3a ./utilities/fsl_debug_console.o
 .ARM.attributes
                0x00000074       0x3a ./utilities/fsl_str.o
 .ARM.attributes
                0x000000ae       0x3a ./startup/startup_lpc55s69_cm33_core0.o
 .ARM.attributes
                0x000000e8       0x3a ./source/LPC55S69_Project.o
 .ARM.attributes
                0x00000122       0x3a ./source/semihost_hardfault.o
 .ARM.attributes
                0x0000015c       0x3a ./drivers/fsl_clock.o
 .ARM.attributes
                0x00000196       0x3a ./drivers/fsl_common_arm.o
 .ARM.attributes
                0x000001d0       0x3a ./drivers/fsl_flexcomm.o
 .ARM.attributes
                0x0000020a       0x3a ./drivers/fsl_power.o
 .ARM.attributes
                0x00000244       0x3a ./drivers/fsl_reset.o
 .ARM.attributes
                0x0000027e       0x3a ./drivers/fsl_usart.o
 .ARM.attributes
                0x000002b8       0x3a ./device/system_LPC55S69_cm33_core0.o
 .ARM.attributes
                0x000002f2       0x3a ./component/uart/fsl_adapter_usart.o
 .ARM.attributes
                0x0000032c       0x3a ./component/serial_manager/fsl_component_serial_manager.o
 .ARM.attributes
                0x00000366       0x3a ./component/serial_manager/fsl_component_serial_port_uart.o
 .ARM.attributes
                0x000003a0       0x3a ./board/board.o
 .ARM.attributes
                0x000003da       0x3a ./board/clock_config.o
 .ARM.attributes
                0x00000414       0x3a ./board/peripherals.o
 .ARM.attributes
                0x0000044e       0x3a ./board/pin_mux.o
 .ARM.attributes
                0x00000488       0x3a c:/nxp/mcuxpressoide_11.6.0_8187/ide/plugins/com.nxp.mcuxpresso.tools.win32_11.6.0.202112161359/tools/bin/../lib/gcc/arm-none-eabi/10.3.1/../../../../arm-none-eabi/lib/thumb/v8-m.main+fp/hard\libcr_nohost_nf.a(_cr__main.o)
 .ARM.attributes
                0x000004c2       0x3a c:/nxp/mcuxpressoide_11.6.0_8187/ide/plugins/com.nxp.mcuxpresso.tools.win32_11.6.0.202112161359/tools/bin/../lib/gcc/arm-none-eabi/10.3.1/../../../../arm-none-eabi/lib/thumb/v8-m.main+fp/hard\libcr_c.a(memcpy.o)
 .ARM.attributes
                0x000004fc       0x3a c:/nxp/mcuxpressoide_11.6.0_8187/ide/plugins/com.nxp.mcuxpresso.tools.win32_11.6.0.202112161359/tools/bin/../lib/gcc/arm-none-eabi/10.3.1/../../../../arm-none-eabi/lib/thumb/v8-m.main+fp/hard\libcr_c.a(memset.o)
 .ARM.attributes
                0x00000536       0x3a c:/nxp/mcuxpressoide_11.6.0_8187/ide/plugins/com.nxp.mcuxpresso.tools.win32_11.6.0.202112161359/tools/bin/../lib/gcc/arm-none-eabi/10.3.1/../../../../arm-none-eabi/lib/thumb/v8-m.main+fp/hard\libcr_c.a(alloc.o)
 .ARM.attributes
                0x00000570       0x3a c:/nxp/mcuxpressoide_11.6.0_8187/ide/plugins/com.nxp.mcuxpresso.tools.win32_11.6.0.202112161359/tools/bin/../lib/gcc/arm-none-eabi/10.3.1/../../../../arm-none-eabi/lib/thumb/v8-m.main+fp/hard\libcr_c.a(errno.o)
 .ARM.attributes
                0x000005aa       0x3a c:/nxp/mcuxpressoide_11.6.0_8187/ide/plugins/com.nxp.mcuxpresso.tools.win32_11.6.0.202112161359/tools/bin/../lib/gcc/arm-none-eabi/10.3.1/../../../../arm-none-eabi/lib/thumb/v8-m.main+fp/hard\libcr_c.a(initio.o)
 .ARM.attributes
                0x000005e4       0x3a c:/nxp/mcuxpressoide_11.6.0_8187/ide/plugins/com.nxp.mcuxpresso.tools.win32_11.6.0.202112161359/tools/bin/../lib/gcc/arm-none-eabi/10.3.1/../../../../arm-none-eabi/lib/thumb/v8-m.main+fp/hard\libcr_c.a(setvbuf.o)
 .ARM.attributes
                0x0000061e       0x3a c:/nxp/mcuxpressoide_11.6.0_8187/ide/plugins/com.nxp.mcuxpresso.tools.win32_11.6.0.202112161359/tools/bin/../lib/gcc/arm-none-eabi/10.3.1/../../../../arm-none-eabi/lib/thumb/v8-m.main+fp/hard\libcr_c.a(strlen.o)
 .ARM.attributes
                0x00000658       0x3a c:/nxp/mcuxpressoide_11.6.0_8187/ide/plugins/com.nxp.mcuxpresso.tools.win32_11.6.0.202112161359/tools/bin/../lib/gcc/arm-none-eabi/10.3.1/../../../../arm-none-eabi/lib/thumb/v8-m.main+fp/hard\libcr_c.a(_deferredlazyseek.o)
 .ARM.attributes
                0x00000692       0x3a c:/nxp/mcuxpressoide_11.6.0_8187/ide/plugins/com.nxp.mcuxpresso.tools.win32_11.6.0.202112161359/tools/bin/../lib/gcc/arm-none-eabi/10.3.1/../../../../arm-none-eabi/lib/thumb/v8-m.main+fp/hard\libcr_c.a(_fdopen.o)
 .ARM.attributes
                0x000006cc       0x3a c:/nxp/mcuxpressoide_11.6.0_8187/ide/plugins/com.nxp.mcuxpresso.tools.win32_11.6.0.202112161359/tools/bin/../lib/gcc/arm-none-eabi/10.3.1/../../../../arm-none-eabi/lib/thumb/v8-m.main+fp/hard\libcr_c.a(_fflush.o)
 .ARM.attributes
                0x00000706       0x3a c:/nxp/mcuxpressoide_11.6.0_8187/ide/plugins/com.nxp.mcuxpresso.tools.win32_11.6.0.202112161359/tools/bin/../lib/gcc/arm-none-eabi/10.3.1/../../../../arm-none-eabi/lib/thumb/v8-m.main+fp/hard\libcr_c.a(_writebuf.o)
 .ARM.attributes
                0x00000740       0x3a c:/nxp/mcuxpressoide_11.6.0_8187/ide/plugins/com.nxp.mcuxpresso.tools.win32_11.6.0.202112161359/tools/bin/../lib/gcc/arm-none-eabi/10.3.1/../../../../arm-none-eabi/lib/thumb/v8-m.main+fp/hard\libcr_c.a(fclose.o)
 .ARM.attributes
                0x0000077a       0x3a c:/nxp/mcuxpressoide_11.6.0_8187/ide/plugins/com.nxp.mcuxpresso.tools.win32_11.6.0.202112161359/tools/bin/../lib/gcc/arm-none-eabi/10.3.1/../../../../arm-none-eabi/lib/thumb/v8-m.main+fp/hard\libcr_c.a(fflush.o)
 .ARM.attributes
                0x000007b4       0x3a c:/nxp/mcuxpressoide_11.6.0_8187/ide/plugins/com.nxp.mcuxpresso.tools.win32_11.6.0.202112161359/tools/bin/../lib/gcc/arm-none-eabi/10.3.1/../../../../arm-none-eabi/lib/thumb/v8-m.main+fp/hard\libcr_c.a(fseek.o)
 .ARM.attributes
                0x000007ee       0x3a c:/nxp/mcuxpressoide_11.6.0_8187/ide/plugins/com.nxp.mcuxpresso.tools.win32_11.6.0.202112161359/tools/bin/../lib/gcc/arm-none-eabi/10.3.1/../../../../arm-none-eabi/lib/thumb/v8-m.main+fp/hard\libcr_c.a(ftell.o)
 .ARM.attributes
                0x00000828       0x3a c:/nxp/mcuxpressoide_11.6.0_8187/ide/plugins/com.nxp.mcuxpresso.tools.win32_11.6.0.202112161359/tools/bin/../lib/gcc/arm-none-eabi/10.3.1/../../../../arm-none-eabi/lib/thumb/v8-m.main+fp/hard\libcr_c.a(remove.o)
 .ARM.attributes
                0x00000862       0x3a c:/nxp/mcuxpressoide_11.6.0_8187/ide/plugins/com.nxp.mcuxpresso.tools.win32_11.6.0.202112161359/tools/bin/../lib/gcc/arm-none-eabi/10.3.1/../../../../arm-none-eabi/lib/thumb/v8-m.main+fp/hard\libcr_c.a(_do_fflush.o)
 .ARM.attributes
                0x0000089c       0x26 c:/nxp/mcuxpressoide_11.6.0_8187/ide/plugins/com.nxp.mcuxpresso.tools.win32_11.6.0.202112161359/tools/bin/../lib/gcc/arm-none-eabi/10.3.1/thumb/v8-m.main+fp/hard\libcr_eabihelpers.a(division_64.o)
 .ARM.attributes
                0x000008c2       0x26 c:/nxp/mcuxpressoide_11.6.0_8187/ide/plugins/com.nxp.mcuxpresso.tools.win32_11.6.0.202112161359/tools/bin/../lib/gcc/arm-none-eabi/10.3.1/thumb/v8-m.main+fp/hard\libcr_eabihelpers.a(division_idiv0.o)
 .ARM.attributes
                0x000008e8       0x26 c:/nxp/mcuxpressoide_11.6.0_8187/ide/plugins/com.nxp.mcuxpresso.tools.win32_11.6.0.202112161359/tools/bin/../lib/gcc/arm-none-eabi/10.3.1/thumb/v8-m.main+fp/hard\libcr_eabihelpers.a(memcpy.o)
 .ARM.attributes
                0x0000090e       0x3a c:/nxp/mcuxpressoide_11.6.0_8187/ide/plugins/com.nxp.mcuxpresso.tools.win32_11.6.0.202112161359/tools/bin/../lib/gcc/arm-none-eabi/10.3.1/../../../../arm-none-eabi/lib/thumb/v8-m.main+fp/hard\libcr_nohost_nf.a(__ciob.o)
 .ARM.attributes
                0x00000948       0x3a c:/nxp/mcuxpressoide_11.6.0_8187/ide/plugins/com.nxp.mcuxpresso.tools.win32_11.6.0.202112161359/tools/bin/../lib/gcc/arm-none-eabi/10.3.1/../../../../arm-none-eabi/lib/thumb/v8-m.main+fp/hard\libcr_nohost_nf.a(__sys_close.o)
 .ARM.attributes
                0x00000982       0x3a c:/nxp/mcuxpressoide_11.6.0_8187/ide/plugins/com.nxp.mcuxpresso.tools.win32_11.6.0.202112161359/tools/bin/../lib/gcc/arm-none-eabi/10.3.1/../../../../arm-none-eabi/lib/thumb/v8-m.main+fp/hard\libcr_nohost_nf.a(__sys_flen.o)
 .ARM.attributes
                0x000009bc       0x3a c:/nxp/mcuxpressoide_11.6.0_8187/ide/plugins/com.nxp.mcuxpresso.tools.win32_11.6.0.202112161359/tools/bin/../lib/gcc/arm-none-eabi/10.3.1/../../../../arm-none-eabi/lib/thumb/v8-m.main+fp/hard\libcr_nohost_nf.a(__sys_istty.o)
 .ARM.attributes
                0x000009f6       0x3a c:/nxp/mcuxpressoide_11.6.0_8187/ide/plugins/com.nxp.mcuxpresso.tools.win32_11.6.0.202112161359/tools/bin/../lib/gcc/arm-none-eabi/10.3.1/../../../../arm-none-eabi/lib/thumb/v8-m.main+fp/hard\libcr_nohost_nf.a(__sys_remove.o)
 .ARM.attributes
                0x00000a30       0x3a c:/nxp/mcuxpressoide_11.6.0_8187/ide/plugins/com.nxp.mcuxpresso.tools.win32_11.6.0.202112161359/tools/bin/../lib/gcc/arm-none-eabi/10.3.1/../../../../arm-none-eabi/lib/thumb/v8-m.main+fp/hard\libcr_nohost_nf.a(__sys_seek.o)
 .ARM.attributes
                0x00000a6a       0x3a c:/nxp/mcuxpressoide_11.6.0_8187/ide/plugins/com.nxp.mcuxpresso.tools.win32_11.6.0.202112161359/tools/bin/../lib/gcc/arm-none-eabi/10.3.1/../../../../arm-none-eabi/lib/thumb/v8-m.main+fp/hard\libcr_nohost_nf.a(__sys_tmpnam.o)
 .ARM.attributes
                0x00000aa4       0x3a c:/nxp/mcuxpressoide_11.6.0_8187/ide/plugins/com.nxp.mcuxpresso.tools.win32_11.6.0.202112161359/tools/bin/../lib/gcc/arm-none-eabi/10.3.1/../../../../arm-none-eabi/lib/thumb/v8-m.main+fp/hard\libcr_nohost_nf.a(__sys_write.o)

.debug_frame    0x00000000     0x2b54
 .debug_frame   0x00000000       0x30 ./utilities/fsl_assert.o
 .debug_frame   0x00000030      0x2d4 ./utilities/fsl_debug_console.o
 .debug_frame   0x00000304      0x32c ./utilities/fsl_str.o
 .debug_frame   0x00000630      0x69c ./startup/startup_lpc55s69_cm33_core0.o
 .debug_frame   0x00000ccc       0x2c ./source/LPC55S69_Project.o
 .debug_frame   0x00000cf8       0x20 ./source/semihost_hardfault.o
 .debug_frame   0x00000d18      0x9a8 ./drivers/fsl_clock.o
 .debug_frame   0x000016c0       0x64 ./drivers/fsl_common_arm.o
 .debug_frame   0x00001724      0x234 ./drivers/fsl_flexcomm.o
 .debug_frame   0x00001958      0x380 ./drivers/fsl_power.o
 .debug_frame   0x00001cd8       0x7c ./drivers/fsl_reset.o
 .debug_frame   0x00001d54      0x41c ./drivers/fsl_usart.o
 .debug_frame   0x00002170      0x20c ./device/system_LPC55S69_cm33_core0.o
 .debug_frame   0x0000237c      0x134 ./component/uart/fsl_adapter_usart.o
 .debug_frame   0x000024b0      0x280 ./component/serial_manager/fsl_component_serial_manager.o
 .debug_frame   0x00002730       0xe8 ./component/serial_manager/fsl_component_serial_port_uart.o
 .debug_frame   0x00002818       0x58 ./board/board.o
 .debug_frame   0x00002870       0xf8 ./board/clock_config.o
 .debug_frame   0x00002968       0x4c ./board/peripherals.o
 .debug_frame   0x000029b4      0x1a0 ./board/pin_mux.o

Cross Reference Table

Symbol                                            File
ACMP_DriverIRQHandler                             ./startup/startup_lpc55s69_cm33_core0.o
ACMP_IRQHandler                                   ./startup/startup_lpc55s69_cm33_core0.o
ADC0_DriverIRQHandler                             ./startup/startup_lpc55s69_cm33_core0.o
ADC0_IRQHandler                                   ./startup/startup_lpc55s69_cm33_core0.o
BOARD_BootClockFRO12M                             ./board/clock_config.o
BOARD_BootClockFROHF96M                           ./board/clock_config.o
BOARD_BootClockPLL100M                            ./board/clock_config.o
BOARD_BootClockPLL150M                            ./board/clock_config.o
BOARD_BootClockPLL1_150M                          ./board/clock_config.o
BOARD_InitACCELPins                               ./board/pin_mux.o
BOARD_InitBUTTONsPins                             ./board/pin_mux.o
BOARD_InitBootClocks                              ./board/clock_config.o
                                                  ./source/LPC55S69_Project.o
BOARD_InitBootPeripherals                         ./board/peripherals.o
                                                  ./source/LPC55S69_Project.o
BOARD_InitBootPins                                ./board/pin_mux.o
                                                  ./source/LPC55S69_Project.o
BOARD_InitDEBUG_UARTPins                          ./board/pin_mux.o
BOARD_InitDebugConsole                            ./board/board.o
                                                  ./source/LPC55S69_Project.o
BOARD_InitDebugConsole_Core1                      ./board/board.o
BOARD_InitI2SPins                                 ./board/pin_mux.o
BOARD_InitLEDsPins                                ./board/pin_mux.o
BOARD_InitPeripherals_cm33_core0                  ./board/peripherals.o
BOARD_InitSWD_DEBUGPins                           ./board/pin_mux.o
BOARD_InitUSBPins                                 ./board/pin_mux.o
BusFault_Handler                                  ./startup/startup_lpc55s69_cm33_core0.o
CASER_DriverIRQHandler                            ./startup/startup_lpc55s69_cm33_core0.o
CASER_IRQHandler                                  ./startup/startup_lpc55s69_cm33_core0.o
CLOCK_AttachClk                                   ./drivers/fsl_clock.o
                                                  ./board/clock_config.o
                                                  ./board/board.o
                                                  ./drivers/fsl_power.o
CLOCK_EnableOstimer32kClock                       ./drivers/fsl_clock.o
CLOCK_EnableUsbfs0DeviceClock                     ./drivers/fsl_clock.o
CLOCK_EnableUsbfs0HostClock                       ./drivers/fsl_clock.o
CLOCK_EnableUsbhs0DeviceClock                     ./drivers/fsl_clock.o
CLOCK_EnableUsbhs0HostClock                       ./drivers/fsl_clock.o
CLOCK_EnableUsbhs0PhyPllClock                     ./drivers/fsl_clock.o
CLOCK_GetAdcClkFreq                               ./drivers/fsl_clock.o
CLOCK_GetCTimerClkFreq                            ./drivers/fsl_clock.o
CLOCK_GetClockAttachId                            ./drivers/fsl_clock.o
CLOCK_GetClockOutClkFreq                          ./drivers/fsl_clock.o
CLOCK_GetCoreSysClkFreq                           ./drivers/fsl_clock.o
CLOCK_GetExtClkFreq                               ./drivers/fsl_clock.o
CLOCK_GetFlexCommClkFreq                          ./drivers/fsl_clock.o
CLOCK_GetFlexCommInputClock                       ./drivers/fsl_clock.o
CLOCK_GetFreq                                     ./drivers/fsl_clock.o
CLOCK_GetFro12MFreq                               ./drivers/fsl_clock.o
CLOCK_GetFro1MFreq                                ./drivers/fsl_clock.o
CLOCK_GetFroHfFreq                                ./drivers/fsl_clock.o
CLOCK_GetHsLspiClkFreq                            ./drivers/fsl_clock.o
CLOCK_GetI2SMClkFreq                              ./drivers/fsl_clock.o
CLOCK_GetMclkClkFreq                              ./drivers/fsl_clock.o
CLOCK_GetOsc32KFreq                               ./drivers/fsl_clock.o
CLOCK_GetPLL0InClockRate                          ./drivers/fsl_clock.o
CLOCK_GetPLL0OutClockRate                         ./drivers/fsl_clock.o
CLOCK_GetPLL0OutFromSetup                         ./drivers/fsl_clock.o
CLOCK_GetPLL1InClockRate                          ./drivers/fsl_clock.o
CLOCK_GetPLUClkInFreq                             ./drivers/fsl_clock.o
CLOCK_GetPll0OutFreq                              ./drivers/fsl_clock.o
CLOCK_GetPll1OutFreq                              ./drivers/fsl_clock.o
CLOCK_GetSctClkFreq                               ./drivers/fsl_clock.o