Archive member included to satisfy reference by file (symbol)

c:/nxp/mcuxpressoide_11.6.0_8187/ide/plugins/com.nxp.mcuxpresso.tools.win32_11.6.0.202112161359/tools/bin/../lib/gcc/arm-none-eabi/10.3.1/../../../../arm-none-eabi/lib/thumb/v8-m.main+fp/hard\libcr_nohost_nf.a(_cr__main.o)
                              ./startup/startup_lpc55s69_cm33_core0.o (__main)
c:/nxp/mcuxpressoide_11.6.0_8187/ide/plugins/com.nxp.mcuxpresso.tools.win32_11.6.0.202112161359/tools/bin/../lib/gcc/arm-none-eabi/10.3.1/../../../../arm-none-eabi/lib/thumb/v8-m.main+fp/hard\libcr_c.a(memcpy.o)
                              ./utilities/fsl_debug_console.o (memcpy)
c:/nxp/mcuxpressoide_11.6.0_8187/ide/plugins/com.nxp.mcuxpresso.tools.win32_11.6.0.202112161359/tools/bin/../lib/gcc/arm-none-eabi/10.3.1/../../../../arm-none-eabi/lib/thumb/v8-m.main+fp/hard\libcr_c.a(memset.o)
                              ./drivers/fsl_clock.o (memset)
c:/nxp/mcuxpressoide_11.6.0_8187/ide/plugins/com.nxp.mcuxpresso.tools.win32_11.6.0.202112161359/tools/bin/../lib/gcc/arm-none-eabi/10.3.1/../../../../arm-none-eabi/lib/thumb/v8-m.main+fp/hard\libcr_c.a(alloc.o)
                              ./drivers/fsl_common.o (malloc)
c:/nxp/mcuxpressoide_11.6.0_8187/ide/plugins/com.nxp.mcuxpresso.tools.win32_11.6.0.202112161359/tools/bin/../lib/gcc/arm-none-eabi/10.3.1/../../../../arm-none-eabi/lib/thumb/v8-m.main+fp/hard\libcr_c.a(initio.o)
                              c:/nxp/mcuxpressoide_11.6.0_8187/ide/plugins/com.nxp.mcuxpresso.tools.win32_11.6.0.202112161359/tools/bin/../lib/gcc/arm-none-eabi/10.3.1/../../../../arm-none-eabi/lib/thumb/v8-m.main+fp/hard\libcr_nohost_nf.a(_cr__main.o) (_initio)
c:/nxp/mcuxpressoide_11.6.0_8187/ide/plugins/com.nxp.mcuxpresso.tools.win32_11.6.0.202112161359/tools/bin/../lib/gcc/arm-none-eabi/10.3.1/../../../../arm-none-eabi/lib/thumb/v8-m.main+fp/hard\libcr_c.a(setvbuf.o)
                              c:/nxp/mcuxpressoide_11.6.0_8187/ide/plugins/com.nxp.mcuxpresso.tools.win32_11.6.0.202112161359/tools/bin/../lib/gcc/arm-none-eabi/10.3.1/../../../../arm-none-eabi/lib/thumb/v8-m.main+fp/hard\libcr_c.a(initio.o) (setvbuf)
c:/nxp/mcuxpressoide_11.6.0_8187/ide/plugins/com.nxp.mcuxpresso.tools.win32_11.6.0.202112161359/tools/bin/../lib/gcc/arm-none-eabi/10.3.1/../../../../arm-none-eabi/lib/thumb/v8-m.main+fp/hard\libcr_c.a(strlen.o)
                              ./utilities/fsl_debug_console.o (strlen)
c:/nxp/mcuxpressoide_11.6.0_8187/ide/plugins/com.nxp.mcuxpresso.tools.win32_11.6.0.202112161359/tools/bin/../lib/gcc/arm-none-eabi/10.3.1/../../../../arm-none-eabi/lib/thumb/v8-m.main+fp/hard\libcr_c.a(__init_alloc.o)
                              c:/nxp/mcuxpressoide_11.6.0_8187/ide/plugins/com.nxp.mcuxpresso.tools.win32_11.6.0.202112161359/tools/bin/../lib/gcc/arm-none-eabi/10.3.1/../../../../arm-none-eabi/lib/thumb/v8-m.main+fp/hard\libcr_c.a(alloc.o) (__heaps)
c:/nxp/mcuxpressoide_11.6.0_8187/ide/plugins/com.nxp.mcuxpresso.tools.win32_11.6.0.202112161359/tools/bin/../lib/gcc/arm-none-eabi/10.3.1/../../../../arm-none-eabi/lib/thumb/v8-m.main+fp/hard\libcr_c.a(_cr_sbrk.o)
                              c:/nxp/mcuxpressoide_11.6.0_8187/ide/plugins/com.nxp.mcuxpresso.tools.win32_11.6.0.202112161359/tools/bin/../lib/gcc/arm-none-eabi/10.3.1/../../../../arm-none-eabi/lib/thumb/v8-m.main+fp/hard\libcr_c.a(alloc.o) (_sbrk)
c:/nxp/mcuxpressoide_11.6.0_8187/ide/plugins/com.nxp.mcuxpresso.tools.win32_11.6.0.202112161359/tools/bin/../lib/gcc/arm-none-eabi/10.3.1/../../../../arm-none-eabi/lib/thumb/v8-m.main+fp/hard\libcr_c.a(_fdopen.o)
                              c:/nxp/mcuxpressoide_11.6.0_8187/ide/plugins/com.nxp.mcuxpresso.tools.win32_11.6.0.202112161359/tools/bin/../lib/gcc/arm-none-eabi/10.3.1/../../../../arm-none-eabi/lib/thumb/v8-m.main+fp/hard\libcr_c.a(initio.o) (_fdopen)
c:/nxp/mcuxpressoide_11.6.0_8187/ide/plugins/com.nxp.mcuxpresso.tools.win32_11.6.0.202112161359/tools/bin/../lib/gcc/arm-none-eabi/10.3.1/../../../../arm-none-eabi/lib/thumb/v8-m.main+fp/hard\libcr_c.a(errno.o)
                              c:/nxp/mcuxpressoide_11.6.0_8187/ide/plugins/com.nxp.mcuxpresso.tools.win32_11.6.0.202112161359/tools/bin/../lib/gcc/arm-none-eabi/10.3.1/../../../../arm-none-eabi/lib/thumb/v8-m.main+fp/hard\libcr_c.a(_cr_sbrk.o) (errno)
c:/nxp/mcuxpressoide_11.6.0_8187/ide/plugins/com.nxp.mcuxpresso.tools.win32_11.6.0.202112161359/tools/bin/../lib/gcc/arm-none-eabi/10.3.1/../../../../arm-none-eabi/lib/thumb/v8-m.main+fp/hard\libcr_c.a(fclose.o)
                              c:/nxp/mcuxpressoide_11.6.0_8187/ide/plugins/com.nxp.mcuxpresso.tools.win32_11.6.0.202112161359/tools/bin/../lib/gcc/arm-none-eabi/10.3.1/../../../../arm-none-eabi/lib/thumb/v8-m.main+fp/hard\libcr_c.a(initio.o) (fclose)
c:/nxp/mcuxpressoide_11.6.0_8187/ide/plugins/com.nxp.mcuxpresso.tools.win32_11.6.0.202112161359/tools/bin/../lib/gcc/arm-none-eabi/10.3.1/../../../../arm-none-eabi/lib/thumb/v8-m.main+fp/hard\libcr_c.a(fflush.o)
[...]
Memory Configuration

Name             Origin             Length             Attributes
PROGRAM_FLASH    0x00000000         0x0009d800         xr
SRAM             0x20000000         0x00040000         xrw
SRAMX            0x04000000         0x00008000         xrw
USB_RAM          0x40100000         0x00004000         xrw
SRAM4            0x20040000         0x00004000         xrw
*default*        0x00000000         0xffffffff

Linker script and memory map

LOAD ./utilities/fsl_assert.o
LOAD ./utilities/fsl_debug_console.o
LOAD ./startup/boot_multicore_slave.o
LOAD ./startup/startup_lpc55s69_cm33_core0.o
LOAD ./source/hello_world.o
LOAD ./source/semihost_hardfault.o
LOAD ./drivers/fsl_clock.o
LOAD ./drivers/fsl_common.o
LOAD ./drivers/fsl_common_arm.o
LOAD ./drivers/fsl_flexcomm.o
LOAD ./drivers/fsl_gpio.o
LOAD ./drivers/fsl_power.o
LOAD ./drivers/fsl_reset.o
LOAD ./drivers/fsl_usart.o
LOAD ./device/system_LPC55S69_cm33_core0.o
LOAD ./component/uart/fsl_adapter_usart.o
LOAD ./component/lists/fsl_component_generic_list.o
LOAD ./board/board.o
LOAD ./board/clock_config.o
LOAD ./board/pin_mux.o
START GROUP
LOAD c:/nxp/mcuxpressoide_11.6.0_8187/ide/plugins/com.nxp.mcuxpresso.tools.win32_11.6.0.202112161359/tools/bin/../lib/gcc/arm-none-eabi/10.3.1/../../../../arm-none-eabi/lib/thumb/v8-m.main+fp/hard\libcr_nohost_nf.a
LOAD c:/nxp/mcuxpressoide_11.6.0_8187/ide/plugins/com.nxp.mcuxpresso.tools.win32_11.6.0.202112161359/tools/bin/../lib/gcc/arm-none-eabi/10.3.1/../../../../arm-none-eabi/lib/thumb/v8-m.main+fp/hard\libcr_c.a
LOAD c:/nxp/mcuxpressoide_11.6.0_8187/ide/plugins/com.nxp.mcuxpresso.tools.win32_11.6.0.202112161359/tools/bin/../lib/gcc/arm-none-eabi/10.3.1/thumb/v8-m.main+fp/hard\libcr_eabihelpers.a
LOAD c:/nxp/mcuxpressoide_11.6.0_8187/ide/plugins/com.nxp.mcuxpresso.tools.win32_11.6.0.202112161359/tools/bin/../lib/gcc/arm-none-eabi/10.3.1/thumb/v8-m.main+fp/hard\libgcc.a
END GROUP
                0x00000000                __base_PROGRAM_FLASH = 0x0
                0x00000000                __base_Flash = 0x0
                0x0009d800                __top_PROGRAM_FLASH = 0x9d800
                0x0009d800                __top_Flash = 0x9d800
                0x20000000                __base_SRAM = 0x20000000
                0x20000000                __base_RAM = 0x20000000
                0x20040000                __top_SRAM = 0x20040000
                0x20040000                __top_RAM = 0x20040000
                0x04000000                __base_SRAMX = 0x4000000
                0x04000000                __base_RAM2 = 0x4000000
                0x04008000                __top_SRAMX = 0x4008000
                0x04008000                __top_RAM2 = 0x4008000
                0x40100000                __base_USB_RAM = 0x40100000
                0x40100000                __base_RAM3 = 0x40100000
                0x40104000                __top_USB_RAM = 0x40104000
                0x40104000                __top_RAM3 = 0x40104000
                0x20040000                __base_SRAM4 = 0x20040000
                0x20040000                __base_RAM4 = 0x20040000
                0x20044000                __top_SRAM4 = 0x20044000
                0x20044000                __top_RAM4 = 0x20044000

.text           0x00000000     0x32dc
 FILL mask 0xff
                0x00000000                __vectors_start__ = ABSOLUTE (.)
 *(SORT_BY_ALIGNMENT(.isr_vector))
 .isr_vector    0x00000000      0x130 ./startup/startup_lpc55s69_cm33_core0.o
                0x00000000                g_pfnVectors
                0x00000000                __Vectors
                0x00000130                . = ALIGN (0x4)
                0x00000130                __section_table_start = .
                0x00000130                __data_section_table = .
                0x00000130        0x4 LONG 0x32dc LOADADDR (.data)
                0x00000134        0x4 LONG 0x20000000 ADDR (.data)
                0x00000138        0x4 LONG 0x8 SIZEOF (.data)
                0x0000013c        0x4 LONG 0x32dc LOADADDR (.data_RAM2)
                0x00000140        0x4 LONG 0x4000000 ADDR (.data_RAM2)
                0x00000144        0x4 LONG 0x0 SIZEOF (.data_RAM2)
                0x00000148        0x4 LONG 0x32dc LOADADDR (.data_RAM3)
                0x0000014c        0x4 LONG 0x40100000 ADDR (.data_RAM3)
                0x00000150        0x4 LONG 0x0 SIZEOF (.data_RAM3)
                0x00000154        0x4 LONG 0x32dc LOADADDR (.data_RAM4)
                0x00000158        0x4 LONG 0x20040000 ADDR (.data_RAM4)
                0x0000015c        0x4 LONG 0x0 SIZEOF (.data_RAM4)
                0x00000160                __data_section_table_end = .
                0x00000160                __bss_section_table = .
                0x00000160        0x4 LONG 0x20000008 ADDR (.bss)
                0x00000164        0x4 LONG 0x118 SIZEOF (.bss)
                0x00000168        0x4 LONG 0x4000000 ADDR (.bss_RAM2)
                0x0000016c        0x4 LONG 0x0 SIZEOF (.bss_RAM2)
                0x00000170        0x4 LONG 0x40100000 ADDR (.bss_RAM3)
                0x00000174        0x4 LONG 0x0 SIZEOF (.bss_RAM3)
                0x00000178        0x4 LONG 0x20040000 ADDR (.bss_RAM4)
                0x0000017c        0x4 LONG 0x0 SIZEOF (.bss_RAM4)
                0x00000180                __bss_section_table_end = .
                0x00000180                __section_table_end = .
 *(SORT_BY_ALIGNMENT(.after_vectors*))
 .after_vectors.reset
                0x00000180       0x68 ./startup/startup_lpc55s69_cm33_core0.o
                0x00000180                ResetISR
 .after_vectors.init_data
                0x000001e8       0x1e ./startup/startup_lpc55s69_cm33_core0.o
                0x000001e8                data_init
 .after_vectors.init_bss
                0x00000206       0x12 ./startup/startup_lpc55s69_cm33_core0.o
                0x00000206                bss_init
 .after_vectors
                0x00000218       0x16 ./startup/startup_lpc55s69_cm33_core0.o
                0x00000218                NMI_Handler
                0x0000021c                MemManage_Handler
                0x0000021e                BusFault_Handler
                0x00000220                UsageFault_Handler
                0x00000222                SecureFault_Handler
                0x00000224                SVC_Handler
                0x00000226                DebugMon_Handler
                0x00000228                PendSV_Handler
                0x0000022a                SysTick_Handler
                0x0000022c                Reserved56_DriverIRQHandler
                0x0000022c                PIN_INT0_DriverIRQHandler
                0x0000022c                CTIMER2_DriverIRQHandler
                0x0000022c                PIN_INT2_DriverIRQHandler
                0x0000022c                PIN_INT3_DriverIRQHandler
                0x0000022c                IntDefaultHandler
                0x0000022c                USB0_DriverIRQHandler
                0x0000022c                CASER_DriverIRQHandler
                0x0000022c                MRT0_DriverIRQHandler
                0x0000022c                UTICK0_DriverIRQHandler
                0x0000022c                Reserved41_DriverIRQHandler
                0x0000022c                PIN_INT4_DriverIRQHandler
                0x0000022c                PIN_INT5_DriverIRQHandler
                0x0000022c                SEC_GPIO_INT0_IRQ0_DriverIRQHandler
                0x0000022c                CTIMER4_DriverIRQHandler
                0x0000022c                GINT1_DriverIRQHandler
                0x0000022c                PIN_INT7_DriverIRQHandler
                0x0000022c                Reserved55_DriverIRQHandler
                0x0000022c                SEC_VIO_DriverIRQHandler
                0x0000022c                USB0_NEEDCLK_DriverIRQHandler
                0x0000022c                CTIMER0_DriverIRQHandler
                0x0000022c                CTIMER1_DriverIRQHandler
                0x0000022c                Reserved42_DriverIRQHandler
                0x0000022c                PIN_INT6_DriverIRQHandler
                0x0000022c                PQ_DriverIRQHandler
                0x0000022c                MAILBOX_DriverIRQHandler
                0x0000022c                PIN_INT1_DriverIRQHandler
                0x0000022c                CTIMER3_DriverIRQHandler
                0x0000022c                Reserved61_DriverIRQHandler
                0x0000022c                SEC_GPIO_INT0_IRQ1_DriverIRQHandler
                0x0000022c                PUF_DriverIRQHandler
                0x0000022c                RTC_DriverIRQHandler
                0x0000022c                DMA0_DriverIRQHandler
                0x0000022c                Reserved39_DriverIRQHandler
                0x0000022c                USB1_DriverIRQHandler
                0x0000022c                Reserved60_DriverIRQHandler
                0x0000022c                DMA1_DriverIRQHandler
                0x0000022c                ADC0_DriverIRQHandler
                0x0000022c                USB1_NEEDCLK_DriverIRQHandler
                0x0000022c                Reserved59_DriverIRQHandler
                0x0000022c                SDIO_DriverIRQHandler
                0x0000022c                GINT0_DriverIRQHandler
                0x0000022c                USB1_PHY_DriverIRQHandler
                0x0000022c                ACMP_DriverIRQHandler
                0x0000022c                Reserved57_DriverIRQHandler
                0x0000022c                HASHCRYPT_DriverIRQHandler
                0x0000022c                Reserved46_DriverIRQHandler
                0x0000022c                WDT_BOD_DriverIRQHandler
                0x0000022c                SCT0_DriverIRQHandler
                0x0000022c                PLU_DriverIRQHandler
                0x0000022c                OS_EVENT_DriverIRQHandler
                0x0000022c                SEC_HYPERVISOR_CALL_DriverIRQHandler
 *(SORT_BY_ALIGNMENT(.text*))
 *fill*         0x0000022e        0x2 ff
 .text.__assertion_failed
                0x00000230       0x18 ./utilities/fsl_assert.o
                0x00000230                __assertion_failed
 .text.DbgConsole_Init
                0x00000248       0x74 ./utilities/fsl_debug_console.o
                0x00000248                DbgConsole_Init
 .text.DbgConsole_Vprintf
                0x000002bc       0x3c ./utilities/fsl_debug_console.o
                0x000002bc                DbgConsole_Vprintf
 .text.DbgConsole_Putchar
                0x000002f8       0x30 ./utilities/fsl_debug_console.o
                0x000002f8                DbgConsole_Putchar
 .text.DbgConsole_Getchar
                0x00000328       0x3c ./utilities/fsl_debug_console.o
                0x00000328                DbgConsole_Getchar
 .text.DbgConsole_PrintfFormattedData
                0x00000364      0x3e0 ./utilities/fsl_debug_console.o
 .text.POWER_SetBodVbatLevel
                0x00000744       0x58 ./source/hello_world.o
 .text.main     0x0000079c       0x54 ./source/hello_world.o
                0x0000079c                main
 .text.POWER_EnablePD
                0x000007f0       0x20 ./drivers/fsl_clock.o
 .text.POWER_DisablePD
                0x00000810       0x20 ./drivers/fsl_clock.o
 .text.CLOCK_AttachClk
                0x00000830       0x98 ./drivers/fsl_clock.o
                0x00000830                CLOCK_AttachClk
 .text.CLOCK_SetClkDiv
                0x000008c8       0x80 ./drivers/fsl_clock.o
                0x000008c8                CLOCK_SetClkDiv
 .text.CLOCK_SetupFROClocking
                0x00000948       0x80 ./drivers/fsl_clock.o
                0x00000948                CLOCK_SetupFROClocking
 .text.CLOCK_SetFLASHAccessCyclesForFreq
                0x000009c8      0x148 ./drivers/fsl_clock.o
                0x000009c8                CLOCK_SetFLASHAccessCyclesForFreq
 .text.CLOCK_SetupExtClocking
                0x00000b10       0x50 ./drivers/fsl_clock.o
                0x00000b10                CLOCK_SetupExtClocking
 .text.CLOCK_GetFro1MFreq
                0x00000b60       0x28 ./drivers/fsl_clock.o
                0x00000b60                CLOCK_GetFro1MFreq
 .text.CLOCK_GetExtClkFreq
                0x00000b88       0x2c ./drivers/fsl_clock.o
                0x00000b88                CLOCK_GetExtClkFreq
 .text.CLOCK_GetOsc32KFreq
                0x00000bb4       0x58 ./drivers/fsl_clock.o
                0x00000bb4                CLOCK_GetOsc32KFreq
 .text.CLOCK_GetPLL0InClockRate
                0x00000c0c       0x64 ./drivers/fsl_clock.o
                0x00000c0c                CLOCK_GetPLL0InClockRate
 .text.CLOCK_SetPLL0Freq
                0x00000c70      0x12c ./drivers/fsl_clock.o
                0x00000c70                CLOCK_SetPLL0Freq
 .text.SDK_DelayAtLeastUs
                0x00000d9c       0x8c ./drivers/fsl_common_arm.o
                0x00000d9c                SDK_DelayAtLeastUs
 .text.FLEXCOMM_GetInstance
                0x00000e28       0x50 ./drivers/fsl_flexcomm.o
                0x00000e28                FLEXCOMM_GetInstance
 .text.FLEXCOMM_Init
                0x00000e78       0x50 ./drivers/fsl_flexcomm.o
                0x00000e78                FLEXCOMM_Init
 .text.FLEXCOMM0_DriverIRQHandler
                0x00000ec8       0x5c ./drivers/fsl_flexcomm.o
                0x00000ec8                FLEXCOMM0_DriverIRQHandler
 .text.FLEXCOMM1_DriverIRQHandler
                0x00000f24       0x5c ./drivers/fsl_flexcomm.o
                0x00000f24                FLEXCOMM1_DriverIRQHandler
 .text.FLEXCOMM2_DriverIRQHandler
                0x00000f80       0x5c ./drivers/fsl_flexcomm.o
                0x00000f80                FLEXCOMM2_DriverIRQHandler
 .text.FLEXCOMM3_DriverIRQHandler
                0x00000fdc       0x5c ./drivers/fsl_flexcomm.o
                0x00000fdc                FLEXCOMM3_DriverIRQHandler
 .text.FLEXCOMM4_DriverIRQHandler
                0x00001038       0x5c ./drivers/fsl_flexcomm.o
                0x00001038                FLEXCOMM4_DriverIRQHandler
 .text.FLEXCOMM5_DriverIRQHandler
                0x00001094       0x5c ./drivers/fsl_flexcomm.o
                0x00001094                FLEXCOMM5_DriverIRQHandler
 .text.FLEXCOMM6_DriverIRQHandler
                0x000010f0       0x5c ./drivers/fsl_flexcomm.o
                0x000010f0                FLEXCOMM6_DriverIRQHandler
 .text.FLEXCOMM7_DriverIRQHandler
                0x0000114c       0x5c ./drivers/fsl_flexcomm.o
                0x0000114c                FLEXCOMM7_DriverIRQHandler
 .text.FLEXCOMM8_DriverIRQHandler
                0x000011a8       0x5c ./drivers/fsl_flexcomm.o
                0x000011a8                FLEXCOMM8_DriverIRQHandler
 .text.lowpower_set_system_voltage
                0x00001204      0x154 ./drivers/fsl_power.o
 .text.lowpower_set_dcdc_power_profile
                0x00001358       0xec ./drivers/fsl_power.o
 .text.lowpower_get_part_process_corner
                0x00001444       0x94 ./drivers/fsl_power.o
 .text.POWER_SetVoltageForFreq
                0x000014d8       0x50 ./drivers/fsl_power.o
                0x000014d8                POWER_SetVoltageForFreq
 .text.RESET_SetPeripheralReset
                0x00001528       0x5c ./drivers/fsl_reset.o
                0x00001528                RESET_SetPeripheralReset
 .text.RESET_ClearPeripheralReset
                0x00001584       0x60 ./drivers/fsl_reset.o
                0x00001584                RESET_ClearPeripheralReset
 .text.USART_Init
                0x000015e4      0x1cc ./drivers/fsl_usart.o
                0x000015e4                USART_Init
 .text.USART_GetDefaultConfig
                0x000017b0       0x80 ./drivers/fsl_usart.o
                0x000017b0                USART_GetDefaultConfig
 .text.USART_SetBaudRate
                0x00001830      0x174 ./drivers/fsl_usart.o
                0x00001830                USART_SetBaudRate
 .text.USART_WriteBlocking
                0x000019a4       0x8c ./drivers/fsl_usart.o
                0x000019a4                USART_WriteBlocking
 .text.USART_ReadBlocking
                0x00001a30      0x104 ./drivers/fsl_usart.o
                0x00001a30                USART_ReadBlocking
 .text.SystemInit
                0x00001b34       0x64 ./device/system_LPC55S69_cm33_core0.o
                0x00001b34                SystemInit
 .text.HAL_UartInitCommon
                0x00001b98      0x110 ./component/uart/fsl_adapter_usart.o
 .text.HAL_UartReceiveBlocking
                0x00001ca8       0x6c ./component/uart/fsl_adapter_usart.o
                0x00001ca8                HAL_UartReceiveBlocking
 .text.HAL_UartSendBlocking
                0x00001d14       0x64 ./component/uart/fsl_adapter_usart.o
                0x00001d14                HAL_UartSendBlocking
 .text.BOARD_InitDebugConsole
                0x00001d78       0x38 ./board/board.o
                0x00001d78                BOARD_InitDebugConsole
 .text.POWER_DisablePD
                0x00001db0       0x20 ./board/clock_config.o
 .text.BOARD_BootClockPLL150M
                0x00001dd0       0xe0 ./board/clock_config.o
                0x00001dd0                BOARD_BootClockPLL150M
 .text.BOARD_InitPins
                0x00001eb0       0x50 ./board/pin_mux.o
                0x00001eb0                BOARD_InitPins
 .text._initio  0x00001f00       0x78 c:/nxp/mcuxpressoide_11.6.0_8187/ide/plugins/com.nxp.mcuxpresso.tools.win32_11.6.0.202112161359/tools/bin/../lib/gcc/arm-none-eabi/10.3.1/../../../../arm-none-eabi/lib/thumb/v8-m.main+fp/hard\libcr_c.a(initio.o)
                0x00001f00                _initio
 .text.fflush   0x00001f78       0x3c c:/nxp/mcuxpressoide_11.6.0_8187/ide/plugins/com.nxp.mcuxpresso.tools.win32_11.6.0.202112161359/tools/bin/../lib/gcc/arm-none-eabi/10.3.1/../../../../arm-none-eabi/lib/thumb/v8-m.main+fp/hard\libcr_c.a(fflush.o)
                0x00001f78                fflush
 .text.fseek    0x00001fb4       0xfc c:/nxp/mcuxpressoide_11.6.0_8187/ide/plugins/com.nxp.mcuxpresso.tools.win32_11.6.0.202112161359/tools/bin/../lib/gcc/arm-none-eabi/10.3.1/../../../../arm-none-eabi/lib/thumb/v8-m.main+fp/hard\libcr_c.a(fseek.o)
                0x00001fb4                fseek
 .text.ftell    0x000020b0       0x44 c:/nxp/mcuxpressoide_11.6.0_8187/ide/plugins/com.nxp.mcuxpresso.tools.win32_11.6.0.202112161359/tools/bin/../lib/gcc/arm-none-eabi/10.3.1/../../../../arm-none-eabi/lib/thumb/v8-m.main+fp/hard\libcr_c.a(ftell.o)
                0x000020b0                ftell
 .text._Cwritebuf
                0x000020f4       0x6c c:/nxp/mcuxpressoide_11.6.0_8187/ide/plugins/com.nxp.mcuxpresso.tools.win32_11.6.0.202112161359/tools/bin/../lib/gcc/arm-none-eabi/10.3.1/../../../../arm-none-eabi/lib/thumb/v8-m.main+fp/hard\libcr_c.a(_writebuf.o)
                0x000020f4                _Cwritebuf
 .text.DbgConsole_Printf
                0x00002160       0x2c ./utilities/fsl_debug_console.o
                0x00002160                DbgConsole_Printf
 .text.DbgConsole_PrintfPaddingCharacter
                0x0000218c       0x40 ./utilities/fsl_debug_console.o
 .text.DbgConsole_ConvertRadixNumToString
                0x000021cc       0xc2 ./utilities/fsl_debug_console.o
 .text.WDT_BOD_IRQHandler
                0x0000228e        0x8 ./startup/startup_lpc55s69_cm33_core0.o
                0x0000228e                WDT_BOD_IRQHandler
 .text.DMA0_IRQHandler
                0x00002296        0x8 ./startup/startup_lpc55s69_cm33_core0.o
                0x00002296                DMA0_IRQHandler
 .text.GINT0_IRQHandler
                0x0000229e        0x8 ./startup/startup_lpc55s69_cm33_core0.o
                0x0000229e                GINT0_IRQHandler
 .text.GINT1_IRQHandler
                0x000022a6        0x8 ./startup/startup_lpc55s69_cm33_core0.o
                0x000022a6                GINT1_IRQHandler
 .text.PIN_INT0_IRQHandler
                0x000022ae        0x8 ./startup/startup_lpc55s69_cm33_core0.o
                0x000022ae                PIN_INT0_IRQHandler
 .text.PIN_INT1_IRQHandler
                0x000022b6        0x8 ./startup/startup_lpc55s69_cm33_core0.o
                0x000022b6                PIN_INT1_IRQHandler
 .text.PIN_INT2_IRQHandler
                0x000022be        0x8 ./startup/startup_lpc55s69_cm33_core0.o
                0x000022be                PIN_INT2_IRQHandler
 .text.PIN_INT3_IRQHandler
                0x000022c6        0x8 ./startup/startup_lpc55s69_cm33_core0.o
                0x000022c6                PIN_INT3_IRQHandler
 .text.UTICK0_IRQHandler
                0x000022ce        0x8 ./startup/startup_lpc55s69_cm33_core0.o
                0x000022ce                UTICK0_IRQHandler
 .text.MRT0_IRQHandler
                0x000022d6        0x8 ./startup/startup_lpc55s69_cm33_core0.o
                0x000022d6                MRT0_IRQHandler
 .text.CTIMER0_IRQHandler
                0x000022de        0x8 ./startup/startup_lpc55s69_cm33_core0.o
                0x000022de                CTIMER0_IRQHandler
 .text.CTIMER1_IRQHandler
                0x000022e6        0x8 ./startup/startup_lpc55s69_cm33_core0.o
                0x000022e6                CTIMER1_IRQHandler
 .text.SCT0_IRQHandler
                0x000022ee        0x8 ./startup/startup_lpc55s69_cm33_core0.o
                0x000022ee                SCT0_IRQHandler
 .text.CTIMER3_IRQHandler
                0x000022f6        0x8 ./startup/startup_lpc55s69_cm33_core0.o
                0x000022f6                CTIMER3_IRQHandler
 .text.FLEXCOMM0_IRQHandler
                0x000022fe        0x8 ./startup/startup_lpc55s69_cm33_core0.o
                0x000022fe                FLEXCOMM0_IRQHandler
 .text.FLEXCOMM1_IRQHandler
                0x00002306        0x8 ./startup/startup_lpc55s69_cm33_core0.o
                0x00002306                FLEXCOMM1_IRQHandler
 .text.FLEXCOMM2_IRQHandler
                0x0000230e        0x8 ./startup/startup_lpc55s69_cm33_core0.o
                0x0000230e                FLEXCOMM2_IRQHandler
 .text.FLEXCOMM3_IRQHandler
                0x00002316        0x8 ./startup/startup_lpc55s69_cm33_core0.o
                0x00002316                FLEXCOMM3_IRQHandler
 .text.FLEXCOMM4_IRQHandler
                0x0000231e        0x8 ./startup/startup_lpc55s69_cm33_core0.o
                0x0000231e                FLEXCOMM4_IRQHandler
 .text.FLEXCOMM5_IRQHandler
                0x00002326        0x8 ./startup/startup_lpc55s69_cm33_core0.o
                0x00002326                FLEXCOMM5_IRQHandler
 .text.FLEXCOMM6_IRQHandler
                0x0000232e        0x8 ./startup/startup_lpc55s69_cm33_core0.o
                0x0000232e                FLEXCOMM6_IRQHandler
 .text.FLEXCOMM7_IRQHandler
                0x00002336        0x8 ./startup/startup_lpc55s69_cm33_core0.o
                0x00002336                FLEXCOMM7_IRQHandler
 .text.ADC0_IRQHandler
                0x0000233e        0x8 ./startup/startup_lpc55s69_cm33_core0.o
                0x0000233e                ADC0_IRQHandler
 .text.Reserved39_IRQHandler
                0x00002346        0x8 ./startup/startup_lpc55s69_cm33_core0.o
                0x00002346                Reserved39_IRQHandler
 .text.ACMP_IRQHandler
                0x0000234e        0x8 ./startup/startup_lpc55s69_cm33_core0.o
                0x0000234e                ACMP_IRQHandler
 .text.Reserved41_IRQHandler
                0x00002356        0x8 ./startup/startup_lpc55s69_cm33_core0.o
                0x00002356                Reserved41_IRQHandler
 .text.Reserved42_IRQHandler
                0x0000235e        0x8 ./startup/startup_lpc55s69_cm33_core0.o
                0x0000235e                Reserved42_IRQHandler
 .text.USB0_NEEDCLK_IRQHandler
                0x00002366        0x8 ./startup/startup_lpc55s69_cm33_core0.o
                0x00002366                USB0_NEEDCLK_IRQHandler
 .text.USB0_IRQHandler
                0x0000236e        0x8 ./startup/startup_lpc55s69_cm33_core0.o
                0x0000236e                USB0_IRQHandler
 .text.RTC_IRQHandler
                0x00002376        0x8 ./startup/startup_lpc55s69_cm33_core0.o
                0x00002376                RTC_IRQHandler
 .text.Reserved46_IRQHandler
                0x0000237e        0x8 ./startup/startup_lpc55s69_cm33_core0.o
                0x0000237e                Reserved46_IRQHandler
 .text.MAILBOX_IRQHandler
                0x00002386        0x8 ./startup/startup_lpc55s69_cm33_core0.o
                0x00002386                MAILBOX_IRQHandler
 .text.PIN_INT4_IRQHandler
                0x0000238e        0x8 ./startup/startup_lpc55s69_cm33_core0.o
                0x0000238e                PIN_INT4_IRQHandler
 .text.PIN_INT5_IRQHandler
                0x00002396        0x8 ./startup/startup_lpc55s69_cm33_core0.o
                0x00002396                PIN_INT5_IRQHandler
 .text.PIN_INT6_IRQHandler
                0x0000239e        0x8 ./startup/startup_lpc55s69_cm33_core0.o
                0x0000239e                PIN_INT6_IRQHandler
 .text.PIN_INT7_IRQHandler
                0x000023a6        0x8 ./startup/startup_lpc55s69_cm33_core0.o
                0x000023a6                PIN_INT7_IRQHandler
 .text.CTIMER2_IRQHandler
                0x000023ae        0x8 ./startup/startup_lpc55s69_cm33_core0.o
                0x000023ae                CTIMER2_IRQHandler
 .text.CTIMER4_IRQHandler
                0x000023b6        0x8 ./startup/startup_lpc55s69_cm33_core0.o
                0x000023b6                CTIMER4_IRQHandler
 .text.OS_EVENT_IRQHandler
                0x000023be        0x8 ./startup/startup_lpc55s69_cm33_core0.o
                0x000023be                OS_EVENT_IRQHandler
 .text.Reserved55_IRQHandler
                0x000023c6        0x8 ./startup/startup_lpc55s69_cm33_core0.o
                0x000023c6                Reserved55_IRQHandler
 .text.Reserved56_IRQHandler
                0x000023ce        0x8 ./startup/startup_lpc55s69_cm33_core0.o
                0x000023ce                Reserved56_IRQHandler
 .text.Reserved57_IRQHandler
                0x000023d6        0x8 ./startup/startup_lpc55s69_cm33_core0.o
                0x000023d6                Reserved57_IRQHandler
 .text.SDIO_IRQHandler
                0x000023de        0x8 ./startup/startup_lpc55s69_cm33_core0.o
                0x000023de                SDIO_IRQHandler
 .text.Reserved59_IRQHandler
                0x000023e6        0x8 ./startup/startup_lpc55s69_cm33_core0.o
                0x000023e6                Reserved59_IRQHandler
 .text.Reserved60_IRQHandler
                0x000023ee        0x8 ./startup/startup_lpc55s69_cm33_core0.o
                0x000023ee                Reserved60_IRQHandler
 .text.Reserved61_IRQHandler
                0x000023f6        0x8 ./startup/startup_lpc55s69_cm33_core0.o
                0x000023f6                Reserved61_IRQHandler
 .text.USB1_PHY_IRQHandler
                0x000023fe        0x8 ./startup/startup_lpc55s69_cm33_core0.o
                0x000023fe                USB1_PHY_IRQHandler
 .text.USB1_IRQHandler
                0x00002406        0x8 ./startup/startup_lpc55s69_cm33_core0.o
                0x00002406                USB1_IRQHandler
 .text.USB1_NEEDCLK_IRQHandler
                0x0000240e        0x8 ./startup/startup_lpc55s69_cm33_core0.o
                0x0000240e                USB1_NEEDCLK_IRQHandler
 .text.SEC_HYPERVISOR_CALL_IRQHandler
                0x00002416        0x8 ./startup/startup_lpc55s69_cm33_core0.o
                0x00002416                SEC_HYPERVISOR_CALL_IRQHandler
 .text.SEC_GPIO_INT0_IRQ0_IRQHandler
                0x0000241e        0x8 ./startup/startup_lpc55s69_cm33_core0.o
                0x0000241e                SEC_GPIO_INT0_IRQ0_IRQHandler
 .text.SEC_GPIO_INT0_IRQ1_IRQHandler
                0x00002426        0x8 ./startup/startup_lpc55s69_cm33_core0.o
                0x00002426                SEC_GPIO_INT0_IRQ1_IRQHandler
 .text.PLU_IRQHandler
                0x0000242e        0x8 ./startup/startup_lpc55s69_cm33_core0.o
                0x0000242e                PLU_IRQHandler
 .text.SEC_VIO_IRQHandler
                0x00002436        0x8 ./startup/startup_lpc55s69_cm33_core0.o
                0x00002436                SEC_VIO_IRQHandler
 .text.HASHCRYPT_IRQHandler
                0x0000243e        0x8 ./startup/startup_lpc55s69_cm33_core0.o
                0x0000243e                HASHCRYPT_IRQHandler
 .text.CASER_IRQHandler
                0x00002446        0x8 ./startup/startup_lpc55s69_cm33_core0.o
                0x00002446                CASER_IRQHandler
 .text.PUF_IRQHandler
                0x0000244e        0x8 ./startup/startup_lpc55s69_cm33_core0.o
                0x0000244e                PUF_IRQHandler
 .text.PQ_IRQHandler
                0x00002456        0x8 ./startup/startup_lpc55s69_cm33_core0.o
                0x00002456                PQ_IRQHandler
 .text.DMA1_IRQHandler
                0x0000245e        0x8 ./startup/startup_lpc55s69_cm33_core0.o
                0x0000245e                DMA1_IRQHandler
 .text.FLEXCOMM8_IRQHandler
                0x00002466        0x8 ./startup/startup_lpc55s69_cm33_core0.o
                0x00002466                FLEXCOMM8_IRQHandler
 .text.HardFault_Handler
                0x0000246e       0x2c ./source/semihost_hardfault.o
                0x0000246e                HardFault_Handler
 .text.CLOCK_IsPLL0Locked
                0x0000249a       0x24 ./drivers/fsl_clock.o
 .text.findPll0PreDiv
                0x000024be       0x3e ./drivers/fsl_clock.o
 .text.DelayLoop
                0x000024fc       0x20 ./drivers/fsl_common_arm.o
 .text.CLOCK_EnableClock
                0x0000251c       0x30 ./drivers/fsl_flexcomm.o
 .text.FLEXCOMM_PeripheralIsPresent
                0x0000254c       0x64 ./drivers/fsl_flexcomm.o
 .text.FLEXCOMM_SetPeriph
                0x000025b0       0x74 ./drivers/fsl_flexcomm.o
 .text.lowpower_set_voltage_for_process
                0x00002624       0xaa ./drivers/fsl_power.o
 .text.RESET_PeripheralReset
                0x000026ce       0x1c ./drivers/fsl_reset.o
                0x000026ce                RESET_PeripheralReset
 .text.USART_EnableContinuousSCLK
                0x000026ea       0x38 ./drivers/fsl_usart.o
 .text.SystemInitHook
                0x00002722        0xe ./device/system_LPC55S69_cm33_core0.o
                0x00002722                SystemInitHook
 .text.HAL_UartGetStatus
                0x00002730       0x22 ./component/uart/fsl_adapter_usart.o
 .text.HAL_UartInit
                0x00002752       0x36 ./component/uart/fsl_adapter_usart.o
                0x00002752                HAL_UartInit
 .text.BOARD_InitBootClocks
                0x00002788        0xc ./board/clock_config.o
                0x00002788                BOARD_InitBootClocks
 .text.CLOCK_EnableClock
                0x00002794       0x30 ./board/pin_mux.o
 .text.IOCON_PinMuxSet
                0x000027c4       0x2e ./board/pin_mux.o
 .text.BOARD_InitBootPins
                0x000027f2        0xc ./board/pin_mux.o
                0x000027f2                BOARD_InitBootPins
 .text.__main   0x000027fe        0xe c:/nxp/mcuxpressoide_11.6.0_8187/ide/plugins/com.nxp.mcuxpresso.tools.win32_11.6.0.202112161359/tools/bin/../lib/gcc/arm-none-eabi/10.3.1/../../../../arm-none-eabi/lib/thumb/v8-m.main+fp/hard\libcr_nohost_nf.a(_cr__main.o)
                0x000027fe                __main
 .text.memcpy   0x0000280c        0x4 c:/nxp/mcuxpressoide_11.6.0_8187/ide/plugins/com.nxp.mcuxpresso.tools.win32_11.6.0.202112161359/tools/bin/../lib/gcc/arm-none-eabi/10.3.1/../../../../arm-none-eabi/lib/thumb/v8-m.main+fp/hard\libcr_c.a(memcpy.o)
                0x0000280c                memcpy
 .text.memset   0x00002810        0x4 c:/nxp/mcuxpressoide_11.6.0_8187/ide/plugins/com.nxp.mcuxpresso.tools.win32_11.6.0.202112161359/tools/bin/../lib/gcc/arm-none-eabi/10.3.1/../../../../arm-none-eabi/lib/thumb/v8-m.main+fp/hard\libcr_c.a(memset.o)
                0x00002810                memset
 .text.free     0x00002814       0x30 c:/nxp/mcuxpressoide_11.6.0_8187/ide/plugins/com.nxp.mcuxpresso.tools.win32_11.6.0.202112161359/tools/bin/../lib/gcc/arm-none-eabi/10.3.1/../../../../arm-none-eabi/lib/thumb/v8-m.main+fp/hard\libcr_c.a(alloc.o)
                0x00002814                free
 .text.setvbuf  0x00002844       0x3e c:/nxp/mcuxpressoide_11.6.0_8187/ide/plugins/com.nxp.mcuxpresso.tools.win32_11.6.0.202112161359/tools/bin/../lib/gcc/arm-none-eabi/10.3.1/../../../../arm-none-eabi/lib/thumb/v8-m.main+fp/hard\libcr_c.a(setvbuf.o)
                0x00002844                setvbuf
 .text.strlen   0x00002882       0x48 c:/nxp/mcuxpressoide_11.6.0_8187/ide/plugins/com.nxp.mcuxpresso.tools.win32_11.6.0.202112161359/tools/bin/../lib/gcc/arm-none-eabi/10.3.1/../../../../arm-none-eabi/lib/thumb/v8-m.main+fp/hard\libcr_c.a(strlen.o)
                0x00002882                strlen
 .text._fdopen  0x000028ca       0x68 c:/nxp/mcuxpressoide_11.6.0_8187/ide/plugins/com.nxp.mcuxpresso.tools.win32_11.6.0.202112161359/tools/bin/../lib/gcc/arm-none-eabi/10.3.1/../../../../arm-none-eabi/lib/thumb/v8-m.main+fp/hard\libcr_c.a(_fdopen.o)
                0x000028ca                _fdopen
 .text.fclose   0x00002932       0x58 c:/nxp/mcuxpressoide_11.6.0_8187/ide/plugins/com.nxp.mcuxpresso.tools.win32_11.6.0.202112161359/tools/bin/../lib/gcc/arm-none-eabi/10.3.1/../../../../arm-none-eabi/lib/thumb/v8-m.main+fp/hard\libcr_c.a(fclose.o)
                0x00002932                fclose
 .text.remove   0x0000298a       0x14 c:/nxp/mcuxpressoide_11.6.0_8187/ide/plugins/com.nxp.mcuxpresso.tools.win32_11.6.0.202112161359/tools/bin/../lib/gcc/arm-none-eabi/10.3.1/../../../../arm-none-eabi/lib/thumb/v8-m.main+fp/hard\libcr_c.a(remove.o)
                0x0000298a                remove
 .text._do_fflush
                0x0000299e       0x40 c:/nxp/mcuxpressoide_11.6.0_8187/ide/plugins/com.nxp.mcuxpresso.tools.win32_11.6.0.202112161359/tools/bin/../lib/gcc/arm-none-eabi/10.3.1/../../../../arm-none-eabi/lib/thumb/v8-m.main+fp/hard\libcr_c.a(_do_fflush.o)
                0x0000299e                _do_fflush
 .text._fflush  0x000029de       0x52 c:/nxp/mcuxpressoide_11.6.0_8187/ide/plugins/com.nxp.mcuxpresso.tools.win32_11.6.0.202112161359/tools/bin/../lib/gcc/arm-none-eabi/10.3.1/../../../../arm-none-eabi/lib/thumb/v8-m.main+fp/hard\libcr_c.a(_fflush.o)
                0x000029de                _fflush
 .text._deferredlazyseek
                0x00002a30       0x40 c:/nxp/mcuxpressoide_11.6.0_8187/ide/plugins/com.nxp.mcuxpresso.tools.win32_11.6.0.202112161359/tools/bin/../lib/gcc/arm-none-eabi/10.3.1/../../../../arm-none-eabi/lib/thumb/v8-m.main+fp/hard\libcr_c.a(_deferredlazyseek.o)
                0x00002a30                _deferredlazyseek
 .text.__aeabi_division_uldivmod
                0x00002a70      0x174 c:/nxp/mcuxpressoide_11.6.0_8187/ide/plugins/com.nxp.mcuxpresso.tools.win32_11.6.0.202112161359/tools/bin/../lib/gcc/arm-none-eabi/10.3.1/thumb/v8-m.main+fp/hard\libcr_eabihelpers.a(division_64.o)
                0x00002a70                __aeabi_uldivmod
                0x00002a74                __bhs_ldivmod1
 .text.__aeabi_division_idiv0
                0x00002be4        0x2 c:/nxp/mcuxpressoide_11.6.0_8187/ide/plugins/com.nxp.mcuxpresso.tools.win32_11.6.0.202112161359/tools/bin/../lib/gcc/arm-none-eabi/10.3.1/thumb/v8-m.main+fp/hard\libcr_eabihelpers.a(division_idiv0.o)
                0x00002be4                __aeabi_idiv0
 .text.__aeabi_memcpy
                0x00002be6       0x34 c:/nxp/mcuxpressoide_11.6.0_8187/ide/plugins/com.nxp.mcuxpresso.tools.win32_11.6.0.202112161359/tools/bin/../lib/gcc/arm-none-eabi/10.3.1/thumb/v8-m.main+fp/hard\libcr_eabihelpers.a(memcpy.o)
                0x00002be6                __aeabi_memcpy
                0x00002bf0                __aeabi_memcpy8
                0x00002bf0                __aeabi_memcpy4
 .text.__aeabi_memset_lowlevel
                0x00002c1a       0x32 c:/nxp/mcuxpressoide_11.6.0_8187/ide/plugins/com.nxp.mcuxpresso.tools.win32_11.6.0.202112161359/tools/bin/../lib/gcc/arm-none-eabi/10.3.1/thumb/v8-m.main+fp/hard\libcr_eabihelpers.a(memcpy.o)
                0x00002c1a                __aeabi_lowlevel_memset
 .text.__sys_close
                0x00002c4c        0x6 c:/nxp/mcuxpressoide_11.6.0_8187/ide/plugins/com.nxp.mcuxpresso.tools.win32_11.6.0.202112161359/tools/bin/../lib/gcc/arm-none-eabi/10.3.1/../../../../arm-none-eabi/lib/thumb/v8-m.main+fp/hard\libcr_nohost_nf.a(__sys_close.o)
                0x00002c4c                __sys_close
 .text.__sys_flen
                0x00002c52        0x6 c:/nxp/mcuxpressoide_11.6.0_8187/ide/plugins/com.nxp.mcuxpresso.tools.win32_11.6.0.202112161359/tools/bin/../lib/gcc/arm-none-eabi/10.3.1/../../../../arm-none-eabi/lib/thumb/v8-m.main+fp/hard\libcr_nohost_nf.a(__sys_flen.o)
                0x00002c52                __sys_flen
 .text.__sys_istty
                0x00002c58        0x6 c:/nxp/mcuxpressoide_11.6.0_8187/ide/plugins/com.nxp.mcuxpresso.tools.win32_11.6.0.202112161359/tools/bin/../lib/gcc/arm-none-eabi/10.3.1/../../../../arm-none-eabi/lib/thumb/v8-m.main+fp/hard\libcr_nohost_nf.a(__sys_istty.o)
                0x00002c58                __sys_istty
 .text.__sys_remove
                0x00002c5e        0x6 c:/nxp/mcuxpressoide_11.6.0_8187/ide/plugins/com.nxp.mcuxpresso.tools.win32_11.6.0.202112161359/tools/bin/../lib/gcc/arm-none-eabi/10.3.1/../../../../arm-none-eabi/lib/thumb/v8-m.main+fp/hard\libcr_nohost_nf.a(__sys_remove.o)
                0x00002c5e                __sys_remove
 .text.__sys_seek
                0x00002c64        0x6 c:/nxp/mcuxpressoide_11.6.0_8187/ide/plugins/com.nxp.mcuxpresso.tools.win32_11.6.0.202112161359/tools/bin/../lib/gcc/arm-none-eabi/10.3.1/../../../../arm-none-eabi/lib/thumb/v8-m.main+fp/hard\libcr_nohost_nf.a(__sys_seek.o)
                0x00002c64                __sys_seek
 .text.__sys_tmpnam
                0x00002c6a        0x6 c:/nxp/mcuxpressoide_11.6.0_8187/ide/plugins/com.nxp.mcuxpresso.tools.win32_11.6.0.202112161359/tools/bin/../lib/gcc/arm-none-eabi/10.3.1/../../../../arm-none-eabi/lib/thumb/v8-m.main+fp/hard\libcr_nohost_nf.a(__sys_tmpnam.o)
                0x00002c6a                __sys_tmpnam
 .text.__sys_write
                0x00002c70        0x4 c:/nxp/mcuxpressoide_11.6.0_8187/ide/plugins/com.nxp.mcuxpresso.tools.win32_11.6.0.202112161359/tools/bin/../lib/gcc/arm-none-eabi/10.3.1/../../../../arm-none-eabi/lib/thumb/v8-m.main+fp/hard\libcr_nohost_nf.a(__sys_write.o)
                0x00002c70                __sys_write
 *(SORT_BY_ALIGNMENT(.rodata) SORT_BY_ALIGNMENT(.rodata.*) SORT_BY_ALIGNMENT(.constdata) SORT_BY_ALIGNMENT(.constdata.*))
 .rodata.__assertion_failed.str1.4
                0x00002c74       0x14 ./utilities/fsl_assert.o
 .rodata.main.str1.4
                0x00002c88        0xf ./source/hello_world.o
 *fill*         0x00002c97        0x1 ff
 .rodata.SDK_DelayAtLeastUs.str1.4
                0x00002c98       0x2b ./drivers/fsl_common_arm.o
 *fill*         0x00002cc3        0x1 ff
 .rodata.s_flexcommBaseAddrs
                0x00002cc4       0x24 ./drivers/fsl_flexcomm.o
 .rodata.s_flexcommClocks
                0x00002ce8       0x12 ./drivers/fsl_flexcomm.o
 *fill*         0x00002cfa        0x2 ff
 .rodata.s_flexcommResets
                0x00002cfc       0x24 ./drivers/fsl_flexcomm.o
 .rodata.FLEXCOMM_GetInstance.str1.4
                0x00002d20       0x42 ./drivers/fsl_flexcomm.o
 *fill*         0x00002d62        0x2 ff
 .rodata.FLEXCOMM0_DriverIRQHandler.str1.4
                0x00002d64       0x3c ./drivers/fsl_flexcomm.o
 .rodata.FLEXCOMM1_DriverIRQHandler.str1.4
                0x00002da0       0x3c ./drivers/fsl_flexcomm.o
 .rodata.FLEXCOMM2_DriverIRQHandler.str1.4
                0x00002ddc       0x3c ./drivers/fsl_flexcomm.o
 .rodata.FLEXCOMM3_DriverIRQHandler.str1.4
                0x00002e18       0x3c ./drivers/fsl_flexcomm.o
 .rodata.FLEXCOMM4_DriverIRQHandler.str1.4
                0x00002e54       0x3c ./drivers/fsl_flexcomm.o
 .rodata.FLEXCOMM5_DriverIRQHandler.str1.4
                0x00002e90       0x3c ./drivers/fsl_flexcomm.o
 .rodata.FLEXCOMM6_DriverIRQHandler.str1.4
                0x00002ecc       0x3c ./drivers/fsl_flexcomm.o
 .rodata.FLEXCOMM7_DriverIRQHandler.str1.4
                0x00002f08       0x3c ./drivers/fsl_flexcomm.o
 .rodata.FLEXCOMM8_DriverIRQHandler.str1.4
                0x00002f44       0x3c ./drivers/fsl_flexcomm.o
 .rodata.RESET_SetPeripheralReset.str1.4
                0x00002f80       0x1e ./drivers/fsl_reset.o
 *fill*         0x00002f9e        0x2 ff
 .rodata.RESET_ClearPeripheralReset.str1.4
                0x00002fa0       0x1e ./drivers/fsl_reset.o
 *fill*         0x00002fbe        0x2 ff
 .rodata.USART_Init.str1.4
                0x00002fc0       0x4f ./drivers/fsl_usart.o
 *fill*         0x0000300f        0x1 ff
 .rodata.USART_GetDefaultConfig.str1.4
                0x00003010       0x21 ./drivers/fsl_usart.o
 *fill*         0x00003031        0x3 ff
 .rodata.USART_SetBaudRate.str1.4
                0x00003034       0x53 ./drivers/fsl_usart.o
 *fill*         0x00003087        0x1 ff
 .rodata.USART_WriteBlocking.str1.4
                0x00003088       0x36 ./drivers/fsl_usart.o
 *fill*         0x000030be        0x2 ff
 .rodata.USART_ReadBlocking.str1.4
                0x000030c0       0x36 ./drivers/fsl_usart.o
 *fill*         0x000030f6        0x2 ff
 .rodata.s_UsartAdapterBase
                0x000030f8       0x20 ./component/uart/fsl_adapter_usart.o
 .rodata.HAL_UartInitCommon.str1.4
                0x00003118       0xeb ./component/uart/fsl_adapter_usart.o
 *fill*         0x00003203        0x1 ff
 .rodata.HAL_UartReceiveBlocking.str1.4
                0x00003204       0x65 ./component/uart/fsl_adapter_usart.o
 *fill*         0x00003269        0x3 ff
 .rodata.HAL_UartSendBlocking.str1.4
                0x0000326c       0x65 ./component/uart/fsl_adapter_usart.o
 *fill*         0x000032d1        0x3 ff
 .rodata.__num_Ciob_streams
                0x000032d4        0x4 c:/nxp/mcuxpressoide_11.6.0_8187/ide/plugins/com.nxp.mcuxpresso.tools.win32_11.6.0.202112161359/tools/bin/../lib/gcc/arm-none-eabi/10.3.1/../../../../arm-none-eabi/lib/thumb/v8-m.main+fp/hard\libcr_nohost_nf.a(__ciob.o)
                0x000032d4                __num_Ciob_streams
 .rodata._initio.str1.1
                0x000032d8        0x4 c:/nxp/mcuxpressoide_11.6.0_8187/ide/plugins/com.nxp.mcuxpresso.tools.win32_11.6.0.202112161359/tools/bin/../lib/gcc/arm-none-eabi/10.3.1/../../../../arm-none-eabi/lib/thumb/v8-m.main+fp/hard\libcr_c.a(initio.o)
                0x000032dc                . = ALIGN (0x4)
                0x000032dc                _etext = .

.glue_7         0x000032dc        0x0
 .glue_7        0x000032dc        0x0 linker stubs

.glue_7t        0x000032dc        0x0
 .glue_7t       0x000032dc        0x0 linker stubs

.vfp11_veneer   0x000032dc        0x0
 .vfp11_veneer  0x000032dc        0x0 linker stubs

.v4_bx          0x000032dc        0x0
 .v4_bx         0x000032dc        0x0 linker stubs

.iplt           0x000032dc        0x0
 .iplt          0x000032dc        0x0 ./utilities/fsl_assert.o

.rel.dyn        0x000032dc        0x0
 .rel.iplt      0x000032dc        0x0 ./utilities/fsl_assert.o

.m_usb_data
 *(SORT_BY_ALIGNMENT(m_usb_global))

.data_RAM2      0x04000000        0x0 load address 0x000032dc
 FILL mask 0xff
                [!provide]                PROVIDE (__start_data_RAM2 = .)
                [!provide]                PROVIDE (__start_data_SRAMX = .)
 *(SORT_BY_ALIGNMENT(.ramfunc.$RAM2))
 *(SORT_BY_ALIGNMENT(.ramfunc.$SRAMX))
 *(SORT_BY_ALIGNMENT(.data.$RAM2))
 *(SORT_BY_ALIGNMENT(.data.$SRAMX))
 *(SORT_BY_ALIGNMENT(.data.$RAM2.*))
 *(SORT_BY_ALIGNMENT(.data.$SRAMX.*))
                0x04000000                . = ALIGN (0x4)
                [!provide]                PROVIDE (__end_data_RAM2 = .)
                [!provide]                PROVIDE (__end_data_SRAMX = .)

.data_RAM3      0x40100000        0x0 load address 0x000032dc
 FILL mask 0xff
                [!provide]                PROVIDE (__start_data_RAM3 = .)
                [!provide]                PROVIDE (__start_data_USB_RAM = .)
 *(SORT_BY_ALIGNMENT(.ramfunc.$RAM3))
 *(SORT_BY_ALIGNMENT(.ramfunc.$USB_RAM))
 *(SORT_BY_ALIGNMENT(.data.$RAM3))
 *(SORT_BY_ALIGNMENT(.data.$USB_RAM))
 *(SORT_BY_ALIGNMENT(.data.$RAM3.*))
 *(SORT_BY_ALIGNMENT(.data.$USB_RAM.*))
                0x40100000                . = ALIGN (0x4)
                [!provide]                PROVIDE (__end_data_RAM3 = .)
                [!provide]                PROVIDE (__end_data_USB_RAM = .)

.data_RAM4      0x20040000        0x0 load address 0x000032dc
 FILL mask 0xff
                [!provide]                PROVIDE (__start_data_RAM4 = .)
                [!provide]                PROVIDE (__start_data_SRAM4 = .)
 *(SORT_BY_ALIGNMENT(.ramfunc.$RAM4))
 *(SORT_BY_ALIGNMENT(.ramfunc.$SRAM4))
 *(SORT_BY_ALIGNMENT(.data.$RAM4))
 *(SORT_BY_ALIGNMENT(.data.$SRAM4))
 *(SORT_BY_ALIGNMENT(.data.$RAM4.*))
 *(SORT_BY_ALIGNMENT(.data.$SRAM4.*))
                0x20040000                . = ALIGN (0x4)
                [!provide]                PROVIDE (__end_data_RAM4 = .)
                [!provide]                PROVIDE (__end_data_SRAM4 = .)

.uninit_RESERVED
                0x20000000        0x0
                0x20000000                _start_uninit_RESERVED = .
 *(SORT_BY_ALIGNMENT(.bss.$RESERVED*))
                0x20000000                . = ALIGN (0x4)
                0x20000000                _end_uninit_RESERVED = .

.data           0x20000000        0x8 load address 0x000032dc
 FILL mask 0xff
                0x20000000                _data = .
                [!provide]                PROVIDE (__start_data_RAM = .)
                [!provide]                PROVIDE (__start_data_SRAM = .)
 *(SORT_BY_ALIGNMENT(vtable))
 *(SORT_BY_ALIGNMENT(.ramfunc*))
 *(SORT_BY_ALIGNMENT(CodeQuickAccess))
 *(SORT_BY_ALIGNMENT(DataQuickAccess))
 *(SORT_BY_ALIGNMENT(RamFunction))
 *(SORT_BY_ALIGNMENT(.data*))
 .data.s_Ext_Clk_Freq
                0x20000000        0x4 ./drivers/fsl_clock.o
 .data.SystemCoreClock
                0x20000004        0x4 ./device/system_LPC55S69_cm33_core0.o
                0x20000004                SystemCoreClock
                0x20000008                . = ALIGN (0x4)
                0x20000008                _edata = .
                [!provide]                PROVIDE (__end_data_RAM = .)
                [!provide]                PROVIDE (__end_data_SRAM = .)

.igot.plt       0x20000008        0x0 load address 0x000032e4
 .igot.plt      0x20000008        0x0 ./utilities/fsl_assert.o

.bss_RAM2       0x04000000        0x0
                [!provide]                PROVIDE (__start_bss_RAM2 = .)
                [!provide]                PROVIDE (__start_bss_SRAMX = .)
 *(SORT_BY_ALIGNMENT(.bss.$RAM2))
 *(SORT_BY_ALIGNMENT(.bss.$SRAMX))
 *(SORT_BY_ALIGNMENT(.bss.$RAM2.*))
 *(SORT_BY_ALIGNMENT(.bss.$SRAMX.*))
                0x04000000                . = ALIGN ((. != 0x0)?0x4:0x1)
                [!provide]                PROVIDE (__end_bss_RAM2 = .)
                [!provide]                PROVIDE (__end_bss_SRAMX = .)

.bss_RAM3       0x40100000        0x0
                [!provide]                PROVIDE (__start_bss_RAM3 = .)
                [!provide]                PROVIDE (__start_bss_USB_RAM = .)
 *(SORT_BY_ALIGNMENT(.bss.$RAM3))
 *(SORT_BY_ALIGNMENT(.bss.$USB_RAM))
 *(SORT_BY_ALIGNMENT(.bss.$RAM3.*))
 *(SORT_BY_ALIGNMENT(.bss.$USB_RAM.*))
                0x40100000                . = ALIGN ((. != 0x0)?0x4:0x1)
                [!provide]                PROVIDE (__end_bss_RAM3 = .)
                [!provide]                PROVIDE (__end_bss_USB_RAM = .)

.bss_RAM4       0x20040000        0x0
                [!provide]                PROVIDE (__start_bss_RAM4 = .)
                [!provide]                PROVIDE (__start_bss_SRAM4 = .)
 *(SORT_BY_ALIGNMENT(.bss.$RAM4))
 *(SORT_BY_ALIGNMENT(.bss.$SRAM4))
 *(SORT_BY_ALIGNMENT(.bss.$RAM4.*))
 *(SORT_BY_ALIGNMENT(.bss.$SRAM4.*))
                0x20040000                . = ALIGN ((. != 0x0)?0x4:0x1)
                [!provide]                PROVIDE (__end_bss_RAM4 = .)
                [!provide]                PROVIDE (__end_bss_SRAM4 = .)

.bss            0x20000008      0x118
                0x20000008                _bss = .
                [!provide]                PROVIDE (__start_bss_RAM = .)
                [!provide]                PROVIDE (__start_bss_SRAM = .)
 *(SORT_BY_ALIGNMENT(.bss*))
 .bss.s_debugConsole
                0x20000008       0x14 ./utilities/fsl_debug_console.o
 .bss.s_Pll0_Freq
                0x2000001c        0x4 ./drivers/fsl_clock.o
 .bss.s_flexcommIrqHandler
                0x20000020       0x24 ./drivers/fsl_flexcomm.o
 .bss.s_flexcommHandle
                0x20000044       0x24 ./drivers/fsl_flexcomm.o
 .bss.errno     0x20000068        0x4 c:/nxp/mcuxpressoide_11.6.0_8187/ide/plugins/com.nxp.mcuxpresso.tools.win32_11.6.0.202112161359/tools/bin/../lib/gcc/arm-none-eabi/10.3.1/../../../../arm-none-eabi/lib/thumb/v8-m.main+fp/hard\libcr_c.a(errno.o)
                0x20000068                errno
 .bss.__Ciob    0x2000006c       0xb4 c:/nxp/mcuxpressoide_11.6.0_8187/ide/plugins/com.nxp.mcuxpresso.tools.win32_11.6.0.202112161359/tools/bin/../lib/gcc/arm-none-eabi/10.3.1/../../../../arm-none-eabi/lib/thumb/v8-m.main+fp/hard\libcr_nohost_nf.a(__ciob.o)
                0x2000006c                __Ciob
 *(SORT_BY_ALIGNMENT(COMMON))
                0x20000120                . = ALIGN (0x4)
                0x20000120                _ebss = .
                [!provide]                PROVIDE (__end_bss_RAM = .)
                [!provide]                PROVIDE (__end_bss_SRAM = .)
                [!provide]                PROVIDE (end = .)

.noinit_RAM2    0x04000000        0x0
                [!provide]                PROVIDE (__start_noinit_RAM2 = .)
                [!provide]                PROVIDE (__start_noinit_SRAMX = .)
 *(SORT_BY_ALIGNMENT(.noinit.$RAM2))
 *(SORT_BY_ALIGNMENT(.noinit.$SRAMX))
 *(SORT_BY_ALIGNMENT(.noinit.$RAM2.*))
 *(SORT_BY_ALIGNMENT(.noinit.$SRAMX.*))
                0x04000000                . = ALIGN (0x4)
                [!provide]                PROVIDE (__end_noinit_RAM2 = .)
                [!provide]                PROVIDE (__end_noinit_SRAMX = .)

.noinit_RAM3    0x40100000        0x0
                [!provide]                PROVIDE (__start_noinit_RAM3 = .)
                [!provide]                PROVIDE (__start_noinit_USB_RAM = .)
 *(SORT_BY_ALIGNMENT(.noinit.$RAM3))
 *(SORT_BY_ALIGNMENT(.noinit.$USB_RAM))
 *(SORT_BY_ALIGNMENT(.noinit.$RAM3.*))
 *(SORT_BY_ALIGNMENT(.noinit.$USB_RAM.*))
                0x40100000                . = ALIGN (0x4)
                [!provide]                PROVIDE (__end_noinit_RAM3 = .)
                [!provide]                PROVIDE (__end_noinit_USB_RAM = .)

.noinit_RAM4    0x20040000        0x0
                [!provide]                PROVIDE (__start_noinit_RAM4 = .)
                [!provide]                PROVIDE (__start_noinit_SRAM4 = .)
 *(SORT_BY_ALIGNMENT(.noinit.$RAM4))
 *(SORT_BY_ALIGNMENT(.noinit.$SRAM4))
 *(SORT_BY_ALIGNMENT(.noinit.$RAM4.*))
 *(SORT_BY_ALIGNMENT(.noinit.$SRAM4.*))
                0x20040000                . = ALIGN (0x4)
                [!provide]                PROVIDE (__end_noinit_RAM4 = .)
                [!provide]                PROVIDE (__end_noinit_SRAM4 = .)

.noinit         0x20000120        0x0
                0x20000120                _noinit = .
                [!provide]                PROVIDE (__start_noinit_RAM = .)
                [!provide]                PROVIDE (__start_noinit_SRAM = .)
 *(SORT_BY_ALIGNMENT(.noinit*))
                0x20000120                . = ALIGN (0x4)
                0x20000120                _end_noinit = .
                [!provide]                PROVIDE (__end_noinit_RAM = .)
                [!provide]                PROVIDE (__end_noinit_SRAM = .)

.ARM.extab
 *(SORT_BY_ALIGNMENT(.ARM.extab*) SORT_BY_ALIGNMENT(.gnu.linkonce.armextab.*))

.ARM.exidx      0x000032e4        0x0
                0x000032e4                __exidx_start = .
 *(SORT_BY_ALIGNMENT(.ARM.exidx*) SORT_BY_ALIGNMENT(.gnu.linkonce.armexidx.*))
                0x000032e4                __exidx_end = .
                0x00001000                _HeapSize = 0x1000

.heap           0x20000120     0x1000
                0x20000120                _pvHeapStart = .
                0x20001120                . = (. + _HeapSize)
 *fill*         0x20000120     0x1000 
                0x20001120                . = ALIGN (0x4)
                0x20001120                _pvHeapLimit = .
                0x00001000                _StackSize = 0x1000

.heap2stackfill
                0x20001120     0x1000
                0x20002120                . = (. + _StackSize)
 *fill*         0x20001120     0x1000 

.stack          0x2003f000        0x0
                0x2003f000                _vStackBase = .
                0x2003f000                . = ALIGN (0x4)
                0x20040000                _vStackTop = (. + _StackSize)
                [!provide]                PROVIDE (__valid_user_code_checksum = (0x0 - ((((((_vStackTop + (ResetISR + 0x1)) + (NMI_Handler + 0x1)) + (HardFault_Handler + 0x1)) + (DEFINED (MemManage_Handler)?MemManage_Handler:0x0 + 0x1)) + (DEFINED (BusFault_Handler)?BusFault_Handler:0x0 + 0x1)) + (DEFINED (UsageFault_Handler)?UsageFault_Handler:0x0 + 0x1))))
                0x00000000                _image_start = LOADADDR (.text)
                0x000032e4                _image_end = (LOADADDR (.data) + SIZEOF (.data))
                0x000032e4                _image_size = (_image_end - _image_start)
OUTPUT(lpcxpresso55s69_hello_world.axf elf32-littlearm)
LOAD linker stubs

.debug_info     0x00000000    0x11922
 .debug_info    0x00000000       0xaa ./utilities/fsl_assert.o
 .debug_info    0x000000aa      0xd3b ./utilities/fsl_debug_console.o
 .debug_info    0x00000de5      0x707 ./startup/startup_lpc55s69_cm33_core0.o
 .debug_info    0x000014ec     0x13ea ./source/hello_world.o
 .debug_info    0x000028d6       0x3c ./source/semihost_hardfault.o
 .debug_info    0x00002912     0x334d ./drivers/fsl_clock.o
 .debug_info    0x00005c5f       0xf5 ./drivers/fsl_common_arm.o
 .debug_info    0x00005d54     0x1afd ./drivers/fsl_flexcomm.o
 .debug_info    0x00007851     0x2a66 ./drivers/fsl_power.o
 .debug_info    0x0000a2b7      0xee3 ./drivers/fsl_reset.o
 .debug_info    0x0000b19a     0x17d1 ./drivers/fsl_usart.o
 .debug_info    0x0000c96b     0x14be ./device/system_LPC55S69_cm33_core0.o
 .debug_info    0x0000de29      0xc65 ./component/uart/fsl_adapter_usart.o
 .debug_info    0x0000ea8e      0x828 ./board/board.o
 .debug_info    0x0000f2b6     0x16e2 ./board/clock_config.o
 .debug_info    0x00010998      0xf8a ./board/pin_mux.o

.debug_abbrev   0x00000000     0x1cc7
 .debug_abbrev  0x00000000       0x66 ./utilities/fsl_assert.o
 .debug_abbrev  0x00000066      0x260 ./utilities/fsl_debug_console.o
 .debug_abbrev  0x000002c6      0x165 ./startup/startup_lpc55s69_cm33_core0.o
 .debug_abbrev  0x0000042b      0x181 ./source/hello_world.o
 .debug_abbrev  0x000005ac       0x31 ./source/semihost_hardfault.o
 .debug_abbrev  0x000005dd      0x374 ./drivers/fsl_clock.o
 .debug_abbrev  0x00000951       0x92 ./drivers/fsl_common_arm.o
 .debug_abbrev  0x000009e3      0x2c0 ./drivers/fsl_flexcomm.o
 .debug_abbrev  0x00000ca3      0x335 ./drivers/fsl_power.o
 .debug_abbrev  0x00000fd8      0x15a ./drivers/fsl_reset.o
 .debug_abbrev  0x00001132      0x30b ./drivers/fsl_usart.o
 .debug_abbrev  0x0000143d      0x216 ./device/system_LPC55S69_cm33_core0.o
 .debug_abbrev  0x00001653      0x1e0 ./component/uart/fsl_adapter_usart.o
 .debug_abbrev  0x00001833       0xd1 ./board/board.o
 .debug_abbrev  0x00001904      0x1ea ./board/clock_config.o
 .debug_abbrev  0x00001aee      0x1d9 ./board/pin_mux.o

.debug_aranges  0x00000000      0x9a8
 .debug_aranges
                0x00000000       0x20 ./utilities/fsl_assert.o
 .debug_aranges
                0x00000020       0x78 ./utilities/fsl_debug_console.o
 .debug_aranges
                0x00000098      0x268 ./startup/startup_lpc55s69_cm33_core0.o
 .debug_aranges
                0x00000300       0x28 ./source/hello_world.o
 .debug_aranges
                0x00000328       0x20 ./source/semihost_hardfault.o
 .debug_aranges
                0x00000348      0x228 ./drivers/fsl_clock.o
 .debug_aranges
                0x00000570       0x28 ./drivers/fsl_common_arm.o
 .debug_aranges
                0x00000598       0x90 ./drivers/fsl_flexcomm.o
 .debug_aranges
                0x00000628       0xc8 ./drivers/fsl_power.o
 .debug_aranges
                0x000006f0       0x30 ./drivers/fsl_reset.o
 .debug_aranges
                0x00000720       0xf8 ./drivers/fsl_usart.o
 .debug_aranges
                0x00000818       0x88 ./device/system_LPC55S69_cm33_core0.o
 .debug_aranges
                0x000008a0       0x58 ./component/uart/fsl_adapter_usart.o
 .debug_aranges
                0x000008f8       0x28 ./board/board.o
 .debug_aranges
                0x00000920       0x50 ./board/clock_config.o
 .debug_aranges
                0x00000970       0x38 ./board/pin_mux.o

.debug_ranges   0x00000000      0x8a8
 .debug_ranges  0x00000000       0x10 ./utilities/fsl_assert.o
 .debug_ranges  0x00000010       0x68 ./utilities/fsl_debug_console.o
 .debug_ranges  0x00000078      0x258 ./startup/startup_lpc55s69_cm33_core0.o
 .debug_ranges  0x000002d0       0x18 ./source/hello_world.o
 .debug_ranges  0x000002e8       0x10 ./source/semihost_hardfault.o
 .debug_ranges  0x000002f8      0x218 ./drivers/fsl_clock.o
 .debug_ranges  0x00000510       0x18 ./drivers/fsl_common_arm.o
 .debug_ranges  0x00000528       0x80 ./drivers/fsl_flexcomm.o
 .debug_ranges  0x000005a8       0xb8 ./drivers/fsl_power.o
 .debug_ranges  0x00000660       0x20 ./drivers/fsl_reset.o
 .debug_ranges  0x00000680       0xe8 ./drivers/fsl_usart.o
 .debug_ranges  0x00000768       0x78 ./device/system_LPC55S69_cm33_core0.o
 .debug_ranges  0x000007e0       0x48 ./component/uart/fsl_adapter_usart.o
 .debug_ranges  0x00000828       0x18 ./board/board.o
 .debug_ranges  0x00000840       0x40 ./board/clock_config.o
 .debug_ranges  0x00000880       0x28 ./board/pin_mux.o

.debug_macro    0x00000000    0x16c37
 .debug_macro   0x00000000      0x14d ./utilities/fsl_assert.o
 .debug_macro   0x0000014d      0xab4 ./utilities/fsl_assert.o
 .debug_macro   0x00000c01       0x10 ./utilities/fsl_assert.o
 .debug_macro   0x00000c11       0x1c ./utilities/fsl_assert.o
 .debug_macro   0x00000c2d       0x22 ./utilities/fsl_assert.o
 .debug_macro   0x00000c4f      0x12e ./utilities/fsl_assert.o
 .debug_macro   0x00000d7d      0x5b3 ./utilities/fsl_assert.o
 .debug_macro   0x00001330       0x22 ./utilities/fsl_assert.o
 .debug_macro   0x00001352       0x10 ./utilities/fsl_assert.o
 .debug_macro   0x00001362       0x46 ./utilities/fsl_assert.o
 .debug_macro   0x000013a8       0x1c ./utilities/fsl_assert.o
 .debug_macro   0x000013c4       0x29 ./utilities/fsl_assert.o
 .debug_macro   0x000013ed       0xfb ./utilities/fsl_assert.o
 .debug_macro   0x000014e8     0x167e ./utilities/fsl_assert.o
 .debug_macro   0x00002b66       0x5e ./utilities/fsl_assert.o
 .debug_macro   0x00002bc4       0x2e ./utilities/fsl_assert.o
 .debug_macro   0x00002bf2    0x116c8 ./utilities/fsl_assert.o
 .debug_macro   0x000142ba      0x44a ./utilities/fsl_assert.o
 .debug_macro   0x00014704       0x7a ./utilities/fsl_assert.o
 .debug_macro   0x0001477e       0xa8 ./utilities/fsl_assert.o
 .debug_macro   0x00014826      0x2ca ./utilities/fsl_assert.o
 .debug_macro   0x00014af0       0x16 ./utilities/fsl_assert.o
 .debug_macro   0x00014b06       0xee ./utilities/fsl_assert.o
 .debug_macro   0x00014bf4       0x1c ./utilities/fsl_assert.o
 .debug_macro   0x00014c10       0x1c ./utilities/fsl_assert.o
 .debug_macro   0x00014c2c       0x34 ./utilities/fsl_assert.o
 .debug_macro   0x00014c60      0x173 ./utilities/fsl_debug_console.o
 .debug_macro   0x00014dd3       0x16 ./utilities/fsl_debug_console.o
 .debug_macro   0x00014de9       0x10 ./utilities/fsl_debug_console.o
 .debug_macro   0x00014df9       0x28 ./utilities/fsl_debug_console.o
 .debug_macro   0x00014e21       0xc4 ./utilities/fsl_debug_console.o
 .debug_macro   0x00014ee5       0x16 ./utilities/fsl_debug_console.o
 .debug_macro   0x00014efb       0x46 ./utilities/fsl_debug_console.o
 .debug_macro   0x00014f41       0x29 ./startup/startup_lpc55s69_cm33_core0.o
 .debug_macro   0x00014f6a      0x19d ./source/hello_world.o
 .debug_macro   0x00015107       0x3a ./source/hello_world.o
 .debug_macro   0x00015141       0x35 ./source/hello_world.o
 .debug_macro   0x00015176       0x10 ./source/hello_world.o
 .debug_macro   0x00015186       0xfe ./source/hello_world.o
 .debug_macro   0x00015284      0x1f0 ./source/hello_world.o
 .debug_macro   0x00015474      0x304 ./source/hello_world.o
 .debug_macro   0x00015778       0x11 ./source/semihost_hardfault.o
 .debug_macro   0x00015789      0x1db ./drivers/fsl_clock.o
 .debug_macro   0x00015964      0x13c ./drivers/fsl_common_arm.o
 .debug_macro   0x00015aa0      0x145 ./drivers/fsl_flexcomm.o
 .debug_macro   0x00015be5       0x10 ./drivers/fsl_flexcomm.o
 .debug_macro   0x00015bf5      0x410 ./drivers/fsl_power.o
 .debug_macro   0x00016005      0x13c ./drivers/fsl_reset.o
 .debug_macro   0x00016141      0x154 ./drivers/fsl_usart.o
 .debug_macro   0x00016295       0x1c ./drivers/fsl_usart.o
 .debug_macro   0x000162b1       0xc1 ./device/system_LPC55S69_cm33_core0.o
 .debug_macro   0x00016372      0x151 ./component/uart/fsl_adapter_usart.o
 .debug_macro   0x000164c3       0x22 ./component/uart/fsl_adapter_usart.o
 .debug_macro   0x000164e5      0x181 ./board/board.o
 .debug_macro   0x00016666      0x15c ./board/clock_config.o
 .debug_macro   0x000167c2      0x2fe ./board/clock_config.o
 .debug_macro   0x00016ac0       0x2f ./board/clock_config.o
 .debug_macro   0x00016aef      0x148 ./board/pin_mux.o

.debug_line     0x00000000     0x7ccd
 .debug_line    0x00000000      0x410 ./utilities/fsl_assert.o
 .debug_line    0x00000410      0xccc ./utilities/fsl_debug_console.o
 .debug_line    0x000010dc      0x6b1 ./startup/startup_lpc55s69_cm33_core0.o
 .debug_line    0x0000178d      0x586 ./source/hello_world.o
 .debug_line    0x00001d13       0x59 ./source/semihost_hardfault.o
 .debug_line    0x00001d6c     0x17a2 ./drivers/fsl_clock.o
 .debug_line    0x0000350e      0x3bf ./drivers/fsl_common_arm.o
 .debug_line    0x000038cd      0x661 ./drivers/fsl_flexcomm.o
 .debug_line    0x00003f2e      0xed2 ./drivers/fsl_power.o
 .debug_line    0x00004e00      0x418 ./drivers/fsl_reset.o
 .debug_line    0x00005218      0xfb9 ./drivers/fsl_usart.o
 .debug_line    0x000061d1      0x6cd ./device/system_LPC55S69_cm33_core0.o
 .debug_line    0x0000689e      0x5df ./component/uart/fsl_adapter_usart.o
 .debug_line    0x00006e7d      0x4c5 ./board/board.o
 .debug_line    0x00007342      0x515 ./board/clock_config.o
 .debug_line    0x00007857      0x476 ./board/pin_mux.o

.debug_str      0x00000000    0xbeb75
 .debug_str     0x00000000    0xb2e78 ./utilities/fsl_assert.o
                              0xb2efc (size before relaxing)
 .debug_str     0x000b2e78     0x17b3 ./utilities/fsl_debug_console.o
                              0xb4721 (size before relaxing)
 .debug_str     0x000b462b      0x680 ./startup/startup_lpc55s69_cm33_core0.o
                               0x34da (size before relaxing)
 .debug_str     0x000b4cab     0x40ee ./source/hello_world.o
                              0xb701e (size before relaxing)
 .debug_str     0x000b8d99       0x1f ./source/semihost_hardfault.o
                               0x2e1c (size before relaxing)
 .debug_str     0x000b8db8     0x1c67 ./drivers/fsl_clock.o
                              0xb7b75 (size before relaxing)
 .debug_str     0x000baa1f       0x82 ./drivers/fsl_common_arm.o
                              0xb2db0 (size before relaxing)
 .debug_str     0x000baaa1      0xcfe ./drivers/fsl_flexcomm.o
                              0xb5223 (size before relaxing)
 .debug_str     0x000bb79f     0x21c9 ./drivers/fsl_power.o
                              0xb809c (size before relaxing)
 .debug_str     0x000bd968       0xae ./drivers/fsl_reset.o
                              0xb3b42 (size before relaxing)
 .debug_str     0x000bda16      0xd9f ./drivers/fsl_usart.o
                              0xb4be8 (size before relaxing)
 .debug_str     0x000be7b5      0x12f ./device/system_LPC55S69_cm33_core0.o
                              0xb0eac (size before relaxing)
 .debug_str     0x000be8e4      0x10a ./component/uart/fsl_adapter_usart.o
                              0xb431a (size before relaxing)
 .debug_str     0x000be9ee       0x54 ./board/board.o
                              0xb58ad (size before relaxing)
 .debug_str     0x000bea42       0xac ./board/clock_config.o
                              0xb5b2f (size before relaxing)
 .debug_str     0x000beaee       0x87 ./board/pin_mux.o
                              0xb40db (size before relaxing)

.comment        0x00000000       0x49
 .comment       0x00000000       0x49 ./utilities/fsl_assert.o
                                 0x4a (size before relaxing)
 .comment       0x00000049       0x4a ./utilities/fsl_debug_console.o
 .comment       0x00000049       0x4a ./startup/startup_lpc55s69_cm33_core0.o
 .comment       0x00000049       0x4a ./source/hello_world.o
 .comment       0x00000049       0x4a ./source/semihost_hardfault.o
 .comment       0x00000049       0x4a ./drivers/fsl_clock.o
 .comment       0x00000049       0x4a ./drivers/fsl_common_arm.o
 .comment       0x00000049       0x4a ./drivers/fsl_flexcomm.o
 .comment       0x00000049       0x4a ./drivers/fsl_power.o
 .comment       0x00000049       0x4a ./drivers/fsl_reset.o
 .comment       0x00000049       0x4a ./drivers/fsl_usart.o
 .comment       0x00000049       0x4a ./device/system_LPC55S69_cm33_core0.o
 .comment       0x00000049       0x4a ./component/uart/fsl_adapter_usart.o
 .comment       0x00000049       0x4a ./board/board.o
 .comment       0x00000049       0x4a ./board/clock_config.o
 .comment       0x00000049       0x4a ./board/pin_mux.o
 .comment       0x00000049       0x4a c:/nxp/mcuxpressoide_11.6.0_8187/ide/plugins/com.nxp.mcuxpresso.tools.win32_11.6.0.202112161359/tools/bin/../lib/gcc/arm-none-eabi/10.3.1/../../../../arm-none-eabi/lib/thumb/v8-m.main+fp/hard\libcr_nohost_nf.a(_cr__main.o)
 .comment       0x00000049       0x4a c:/nxp/mcuxpressoide_11.6.0_8187/ide/plugins/com.nxp.mcuxpresso.tools.win32_11.6.0.202112161359/tools/bin/../lib/gcc/arm-none-eabi/10.3.1/../../../../arm-none-eabi/lib/thumb/v8-m.main+fp/hard\libcr_c.a(memcpy.o)
 .comment       0x00000049       0x4a c:/nxp/mcuxpressoide_11.6.0_8187/ide/plugins/com.nxp.mcuxpresso.tools.win32_11.6.0.202112161359/tools/bin/../lib/gcc/arm-none-eabi/10.3.1/../../../../arm-none-eabi/lib/thumb/v8-m.main+fp/hard\libcr_c.a(memset.o)
 .comment       0x00000049       0x4a c:/nxp/mcuxpressoide_11.6.0_8187/ide/plugins/com.nxp.mcuxpresso.tools.win32_11.6.0.202112161359/tools/bin/../lib/gcc/arm-none-eabi/10.3.1/../../../../arm-none-eabi/lib/thumb/v8-m.main+fp/hard\libcr_c.a(alloc.o)
 .comment       0x00000049       0x4a c:/nxp/mcuxpressoide_11.6.0_8187/ide/plugins/com.nxp.mcuxpresso.tools.win32_11.6.0.202112161359/tools/bin/../lib/gcc/arm-none-eabi/10.3.1/../../../../arm-none-eabi/lib/thumb/v8-m.main+fp/hard\libcr_c.a(initio.o)
 .comment       0x00000049       0x4a c:/nxp/mcuxpressoide_11.6.0_8187/ide/plugins/com.nxp.mcuxpresso.tools.win32_11.6.0.202112161359/tools/bin/../lib/gcc/arm-none-eabi/10.3.1/../../../../arm-none-eabi/lib/thumb/v8-m.main+fp/hard\libcr_c.a(setvbuf.o)
 .comment       0x00000049       0x4a c:/nxp/mcuxpressoide_11.6.0_8187/ide/plugins/com.nxp.mcuxpresso.tools.win32_11.6.0.202112161359/tools/bin/../lib/gcc/arm-none-eabi/10.3.1/../../../../arm-none-eabi/lib/thumb/v8-m.main+fp/hard\libcr_c.a(strlen.o)
 .comment       0x00000049       0x4a c:/nxp/mcuxpressoide_11.6.0_8187/ide/plugins/com.nxp.mcuxpresso.tools.win32_11.6.0.202112161359/tools/bin/../lib/gcc/arm-none-eabi/10.3.1/../../../../arm-none-eabi/lib/thumb/v8-m.main+fp/hard\libcr_c.a(_fdopen.o)
 .comment       0x00000049       0x4a c:/nxp/mcuxpressoide_11.6.0_8187/ide/plugins/com.nxp.mcuxpresso.tools.win32_11.6.0.202112161359/tools/bin/../lib/gcc/arm-none-eabi/10.3.1/../../../../arm-none-eabi/lib/thumb/v8-m.main+fp/hard\libcr_c.a(errno.o)
 .comment       0x00000049       0x4a c:/nxp/mcuxpressoide_11.6.0_8187/ide/plugins/com.nxp.mcuxpresso.tools.win32_11.6.0.202112161359/tools/bin/../lib/gcc/arm-none-eabi/10.3.1/../../../../arm-none-eabi/lib/thumb/v8-m.main+fp/hard\libcr_c.a(fclose.o)
 .comment       0x00000049       0x4a c:/nxp/mcuxpressoide_11.6.0_8187/ide/plugins/com.nxp.mcuxpresso.tools.win32_11.6.0.202112161359/tools/bin/../lib/gcc/arm-none-eabi/10.3.1/../../../../arm-none-eabi/lib/thumb/v8-m.main+fp/hard\libcr_c.a(fflush.o)
 .comment       0x00000049       0x4a c:/nxp/mcuxpressoide_11.6.0_8187/ide/plugins/com.nxp.mcuxpresso.tools.win32_11.6.0.202112161359/tools/bin/../lib/gcc/arm-none-eabi/10.3.1/../../../../arm-none-eabi/lib/thumb/v8-m.main+fp/hard\libcr_c.a(fseek.o)
 .comment       0x00000049       0x4a c:/nxp/mcuxpressoide_11.6.0_8187/ide/plugins/com.nxp.mcuxpresso.tools.win32_11.6.0.202112161359/tools/bin/../lib/gcc/arm-none-eabi/10.3.1/../../../../arm-none-eabi/lib/thumb/v8-m.main+fp/hard\libcr_c.a(ftell.o)
 .comment       0x00000049       0x4a c:/nxp/mcuxpressoide_11.6.0_8187/ide/plugins/com.nxp.mcuxpresso.tools.win32_11.6.0.202112161359/tools/bin/../lib/gcc/arm-none-eabi/10.3.1/../../../../arm-none-eabi/lib/thumb/v8-m.main+fp/hard\libcr_c.a(remove.o)
 .comment       0x00000049       0x4a c:/nxp/mcuxpressoide_11.6.0_8187/ide/plugins/com.nxp.mcuxpresso.tools.win32_11.6.0.202112161359/tools/bin/../lib/gcc/arm-none-eabi/10.3.1/../../../../arm-none-eabi/lib/thumb/v8-m.main+fp/hard\libcr_c.a(_do_fflush.o)
 .comment       0x00000049       0x4a c:/nxp/mcuxpressoide_11.6.0_8187/ide/plugins/com.nxp.mcuxpresso.tools.win32_11.6.0.202112161359/tools/bin/../lib/gcc/arm-none-eabi/10.3.1/../../../../arm-none-eabi/lib/thumb/v8-m.main+fp/hard\libcr_c.a(_fflush.o)
 .comment       0x00000049       0x4a c:/nxp/mcuxpressoide_11.6.0_8187/ide/plugins/com.nxp.mcuxpresso.tools.win32_11.6.0.202112161359/tools/bin/../lib/gcc/arm-none-eabi/10.3.1/../../../../arm-none-eabi/lib/thumb/v8-m.main+fp/hard\libcr_c.a(_writebuf.o)
 .comment       0x00000049       0x4a c:/nxp/mcuxpressoide_11.6.0_8187/ide/plugins/com.nxp.mcuxpresso.tools.win32_11.6.0.202112161359/tools/bin/../lib/gcc/arm-none-eabi/10.3.1/../../../../arm-none-eabi/lib/thumb/v8-m.main+fp/hard\libcr_c.a(_deferredlazyseek.o)
 .comment       0x00000049       0x4a c:/nxp/mcuxpressoide_11.6.0_8187/ide/plugins/com.nxp.mcuxpresso.tools.win32_11.6.0.202112161359/tools/bin/../lib/gcc/arm-none-eabi/10.3.1/../../../../arm-none-eabi/lib/thumb/v8-m.main+fp/hard\libcr_nohost_nf.a(__ciob.o)
 .comment       0x00000049       0x4a c:/nxp/mcuxpressoide_11.6.0_8187/ide/plugins/com.nxp.mcuxpresso.tools.win32_11.6.0.202112161359/tools/bin/../lib/gcc/arm-none-eabi/10.3.1/../../../../arm-none-eabi/lib/thumb/v8-m.main+fp/hard\libcr_nohost_nf.a(__sys_close.o)
 .comment       0x00000049       0x4a c:/nxp/mcuxpressoide_11.6.0_8187/ide/plugins/com.nxp.mcuxpresso.tools.win32_11.6.0.202112161359/tools/bin/../lib/gcc/arm-none-eabi/10.3.1/../../../../arm-none-eabi/lib/thumb/v8-m.main+fp/hard\libcr_nohost_nf.a(__sys_flen.o)
 .comment       0x00000049       0x4a c:/nxp/mcuxpressoide_11.6.0_8187/ide/plugins/com.nxp.mcuxpresso.tools.win32_11.6.0.202112161359/tools/bin/../lib/gcc/arm-none-eabi/10.3.1/../../../../arm-none-eabi/lib/thumb/v8-m.main+fp/hard\libcr_nohost_nf.a(__sys_istty.o)
 .comment       0x00000049       0x4a c:/nxp/mcuxpressoide_11.6.0_8187/ide/plugins/com.nxp.mcuxpresso.tools.win32_11.6.0.202112161359/tools/bin/../lib/gcc/arm-none-eabi/10.3.1/../../../../arm-none-eabi/lib/thumb/v8-m.main+fp/hard\libcr_nohost_nf.a(__sys_remove.o)
 .comment       0x00000049       0x4a c:/nxp/mcuxpressoide_11.6.0_8187/ide/plugins/com.nxp.mcuxpresso.tools.win32_11.6.0.202112161359/tools/bin/../lib/gcc/arm-none-eabi/10.3.1/../../../../arm-none-eabi/lib/thumb/v8-m.main+fp/hard\libcr_nohost_nf.a(__sys_seek.o)
 .comment       0x00000049       0x4a c:/nxp/mcuxpressoide_11.6.0_8187/ide/plugins/com.nxp.mcuxpresso.tools.win32_11.6.0.202112161359/tools/bin/../lib/gcc/arm-none-eabi/10.3.1/../../../../arm-none-eabi/lib/thumb/v8-m.main+fp/hard\libcr_nohost_nf.a(__sys_tmpnam.o)
 .comment       0x00000049       0x4a c:/nxp/mcuxpressoide_11.6.0_8187/ide/plugins/com.nxp.mcuxpresso.tools.win32_11.6.0.202112161359/tools/bin/../lib/gcc/arm-none-eabi/10.3.1/../../../../arm-none-eabi/lib/thumb/v8-m.main+fp/hard\libcr_nohost_nf.a(__sys_write.o)

.ARM.attributes
                0x00000000       0x38
 .ARM.attributes
                0x00000000       0x3a ./utilities/fsl_assert.o
 .ARM.attributes
                0x0000003a       0x3a ./utilities/fsl_debug_console.o
 .ARM.attributes
                0x00000074       0x3a ./startup/startup_lpc55s69_cm33_core0.o
 .ARM.attributes
                0x000000ae       0x3a ./source/hello_world.o
 .ARM.attributes
                0x000000e8       0x3a ./source/semihost_hardfault.o
 .ARM.attributes
                0x00000122       0x3a ./drivers/fsl_clock.o
 .ARM.attributes
                0x0000015c       0x3a ./drivers/fsl_common_arm.o
 .ARM.attributes
                0x00000196       0x3a ./drivers/fsl_flexcomm.o
 .ARM.attributes
                0x000001d0       0x3a ./drivers/fsl_power.o
 .ARM.attributes
                0x0000020a       0x3a ./drivers/fsl_reset.o
 .ARM.attributes
                0x00000244       0x3a ./drivers/fsl_usart.o
 .ARM.attributes
                0x0000027e       0x3a ./device/system_LPC55S69_cm33_core0.o
 .ARM.attributes
                0x000002b8       0x3a ./component/uart/fsl_adapter_usart.o
 .ARM.attributes
                0x000002f2       0x3a ./board/board.o
 .ARM.attributes
                0x0000032c       0x3a ./board/clock_config.o
 .ARM.attributes
                0x00000366       0x3a ./board/pin_mux.o
 .ARM.attributes
                0x000003a0       0x3a c:/nxp/mcuxpressoide_11.6.0_8187/ide/plugins/com.nxp.mcuxpresso.tools.win32_11.6.0.202112161359/tools/bin/../lib/gcc/arm-none-eabi/10.3.1/../../../../arm-none-eabi/lib/thumb/v8-m.main+fp/hard\libcr_nohost_nf.a(_cr__main.o)
 .ARM.attributes
                0x000003da       0x3a c:/nxp/mcuxpressoide_11.6.0_8187/ide/plugins/com.nxp.mcuxpresso.tools.win32_11.6.0.202112161359/tools/bin/../lib/gcc/arm-none-eabi/10.3.1/../../../../arm-none-eabi/lib/thumb/v8-m.main+fp/hard\libcr_c.a(memcpy.o)
 .ARM.attributes
                0x00000414       0x3a c:/nxp/mcuxpressoide_11.6.0_8187/ide/plugins/com.nxp.mcuxpresso.tools.win32_11.6.0.202112161359/tools/bin/../lib/gcc/arm-none-eabi/10.3.1/../../../../arm-none-eabi/lib/thumb/v8-m.main+fp/hard\libcr_c.a(memset.o)
 .ARM.attributes
                0x0000044e       0x3a c:/nxp/mcuxpressoide_11.6.0_8187/ide/plugins/com.nxp.mcuxpresso.tools.win32_11.6.0.202112161359/tools/bin/../lib/gcc/arm-none-eabi/10.3.1/../../../../arm-none-eabi/lib/thumb/v8-m.main+fp/hard\libcr_c.a(alloc.o)
 .ARM.attributes
                0x00000488       0x3a c:/nxp/mcuxpressoide_11.6.0_8187/ide/plugins/com.nxp.mcuxpresso.tools.win32_11.6.0.202112161359/tools/bin/../lib/gcc/arm-none-eabi/10.3.1/../../../../arm-none-eabi/lib/thumb/v8-m.main+fp/hard\libcr_c.a(initio.o)
 .ARM.attributes
                0x000004c2       0x3a c:/nxp/mcuxpressoide_11.6.0_8187/ide/plugins/com.nxp.mcuxpresso.tools.win32_11.6.0.202112161359/tools/bin/../lib/gcc/arm-none-eabi/10.3.1/../../../../arm-none-eabi/lib/thumb/v8-m.main+fp/hard\libcr_c.a(setvbuf.o)
 .ARM.attributes
                0x000004fc       0x3a c:/nxp/mcuxpressoide_11.6.0_8187/ide/plugins/com.nxp.mcuxpresso.tools.win32_11.6.0.202112161359/tools/bin/../lib/gcc/arm-none-eabi/10.3.1/../../../../arm-none-eabi/lib/thumb/v8-m.main+fp/hard\libcr_c.a(strlen.o)
 .ARM.attributes
                0x00000536       0x3a c:/nxp/mcuxpressoide_11.6.0_8187/ide/plugins/com.nxp.mcuxpresso.tools.win32_11.6.0.202112161359/tools/bin/../lib/gcc/arm-none-eabi/10.3.1/../../../../arm-none-eabi/lib/thumb/v8-m.main+fp/hard\libcr_c.a(_fdopen.o)
 .ARM.attributes
                0x00000570       0x3a c:/nxp/mcuxpressoide_11.6.0_8187/ide/plugins/com.nxp.mcuxpresso.tools.win32_11.6.0.202112161359/tools/bin/../lib/gcc/arm-none-eabi/10.3.1/../../../../arm-none-eabi/lib/thumb/v8-m.main+fp/hard\libcr_c.a(errno.o)
 .ARM.attributes
                0x000005aa       0x3a c:/nxp/mcuxpressoide_11.6.0_8187/ide/plugins/com.nxp.mcuxpresso.tools.win32_11.6.0.202112161359/tools/bin/../lib/gcc/arm-none-eabi/10.3.1/../../../../arm-none-eabi/lib/thumb/v8-m.main+fp/hard\libcr_c.a(fclose.o)
 .ARM.attributes
                0x000005e4       0x3a c:/nxp/mcuxpressoide_11.6.0_8187/ide/plugins/com.nxp.mcuxpresso.tools.win32_11.6.0.202112161359/tools/bin/../lib/gcc/arm-none-eabi/10.3.1/../../../../arm-none-eabi/lib/thumb/v8-m.main+fp/hard\libcr_c.a(fflush.o)
 .ARM.attributes
                0x0000061e       0x3a c:/nxp/mcuxpressoide_11.6.0_8187/ide/plugins/com.nxp.mcuxpresso.tools.win32_11.6.0.202112161359/tools/bin/../lib/gcc/arm-none-eabi/10.3.1/../../../../arm-none-eabi/lib/thumb/v8-m.main+fp/hard\libcr_c.a(fseek.o)
 .ARM.attributes
                0x00000658       0x3a c:/nxp/mcuxpressoide_11.6.0_8187/ide/plugins/com.nxp.mcuxpresso.tools.win32_11.6.0.202112161359/tools/bin/../lib/gcc/arm-none-eabi/10.3.1/../../../../arm-none-eabi/lib/thumb/v8-m.main+fp/hard\libcr_c.a(ftell.o)
 .ARM.attributes
                0x00000692       0x3a c:/nxp/mcuxpressoide_11.6.0_8187/ide/plugins/com.nxp.mcuxpresso.tools.win32_11.6.0.202112161359/tools/bin/../lib/gcc/arm-none-eabi/10.3.1/../../../../arm-none-eabi/lib/thumb/v8-m.main+fp/hard\libcr_c.a(remove.o)
 .ARM.attributes
                0x000006cc       0x3a c:/nxp/mcuxpressoide_11.6.0_8187/ide/plugins/com.nxp.mcuxpresso.tools.win32_11.6.0.202112161359/tools/bin/../lib/gcc/arm-none-eabi/10.3.1/../../../../arm-none-eabi/lib/thumb/v8-m.main+fp/hard\libcr_c.a(_do_fflush.o)
 .ARM.attributes
                0x00000706       0x3a c:/nxp/mcuxpressoide_11.6.0_8187/ide/plugins/com.nxp.mcuxpresso.tools.win32_11.6.0.202112161359/tools/bin/../lib/gcc/arm-none-eabi/10.3.1/../../../../arm-none-eabi/lib/thumb/v8-m.main+fp/hard\libcr_c.a(_fflush.o)
 .ARM.attributes
                0x00000740       0x3a c:/nxp/mcuxpressoide_11.6.0_8187/ide/plugins/com.nxp.mcuxpresso.tools.win32_11.6.0.202112161359/tools/bin/../lib/gcc/arm-none-eabi/10.3.1/../../../../arm-none-eabi/lib/thumb/v8-m.main+fp/hard\libcr_c.a(_writebuf.o)
 .ARM.attributes
                0x0000077a       0x3a c:/nxp/mcuxpressoide_11.6.0_8187/ide/plugins/com.nxp.mcuxpresso.tools.win32_11.6.0.202112161359/tools/bin/../lib/gcc/arm-none-eabi/10.3.1/../../../../arm-none-eabi/lib/thumb/v8-m.main+fp/hard\libcr_c.a(_deferredlazyseek.o)
 .ARM.attributes
                0x000007b4       0x26 c:/nxp/mcuxpressoide_11.6.0_8187/ide/plugins/com.nxp.mcuxpresso.tools.win32_11.6.0.202112161359/tools/bin/../lib/gcc/arm-none-eabi/10.3.1/thumb/v8-m.main+fp/hard\libcr_eabihelpers.a(division_64.o)
 .ARM.attributes
                0x000007da       0x26 c:/nxp/mcuxpressoide_11.6.0_8187/ide/plugins/com.nxp.mcuxpresso.tools.win32_11.6.0.202112161359/tools/bin/../lib/gcc/arm-none-eabi/10.3.1/thumb/v8-m.main+fp/hard\libcr_eabihelpers.a(division_idiv0.o)
 .ARM.attributes
                0x00000800       0x26 c:/nxp/mcuxpressoide_11.6.0_8187/ide/plugins/com.nxp.mcuxpresso.tools.win32_11.6.0.202112161359/tools/bin/../lib/gcc/arm-none-eabi/10.3.1/thumb/v8-m.main+fp/hard\libcr_eabihelpers.a(memcpy.o)
 .ARM.attributes
                0x00000826       0x3a c:/nxp/mcuxpressoide_11.6.0_8187/ide/plugins/com.nxp.mcuxpresso.tools.win32_11.6.0.202112161359/tools/bin/../lib/gcc/arm-none-eabi/10.3.1/../../../../arm-none-eabi/lib/thumb/v8-m.main+fp/hard\libcr_nohost_nf.a(__ciob.o)
 .ARM.attributes
                0x00000860       0x3a c:/nxp/mcuxpressoide_11.6.0_8187/ide/plugins/com.nxp.mcuxpresso.tools.win32_11.6.0.202112161359/tools/bin/../lib/gcc/arm-none-eabi/10.3.1/../../../../arm-none-eabi/lib/thumb/v8-m.main+fp/hard\libcr_nohost_nf.a(__sys_close.o)
 .ARM.attributes
                0x0000089a       0x3a c:/nxp/mcuxpressoide_11.6.0_8187/ide/plugins/com.nxp.mcuxpresso.tools.win32_11.6.0.202112161359/tools/bin/../lib/gcc/arm-none-eabi/10.3.1/../../../../arm-none-eabi/lib/thumb/v8-m.main+fp/hard\libcr_nohost_nf.a(__sys_flen.o)
 .ARM.attributes
                0x000008d4       0x3a c:/nxp/mcuxpressoide_11.6.0_8187/ide/plugins/com.nxp.mcuxpresso.tools.win32_11.6.0.202112161359/tools/bin/../lib/gcc/arm-none-eabi/10.3.1/../../../../arm-none-eabi/lib/thumb/v8-m.main+fp/hard\libcr_nohost_nf.a(__sys_istty.o)
 .ARM.attributes
                0x0000090e       0x3a c:/nxp/mcuxpressoide_11.6.0_8187/ide/plugins/com.nxp.mcuxpresso.tools.win32_11.6.0.202112161359/tools/bin/../lib/gcc/arm-none-eabi/10.3.1/../../../../arm-none-eabi/lib/thumb/v8-m.main+fp/hard\libcr_nohost_nf.a(__sys_remove.o)
 .ARM.attributes
                0x00000948       0x3a c:/nxp/mcuxpressoide_11.6.0_8187/ide/plugins/com.nxp.mcuxpresso.tools.win32_11.6.0.202112161359/tools/bin/../lib/gcc/arm-none-eabi/10.3.1/../../../../arm-none-eabi/lib/thumb/v8-m.main+fp/hard\libcr_nohost_nf.a(__sys_seek.o)
 .ARM.attributes
                0x00000982       0x3a c:/nxp/mcuxpressoide_11.6.0_8187/ide/plugins/com.nxp.mcuxpresso.tools.win32_11.6.0.202112161359/tools/bin/../lib/gcc/arm-none-eabi/10.3.1/../../../../arm-none-eabi/lib/thumb/v8-m.main+fp/hard\libcr_nohost_nf.a(__sys_tmpnam.o)
 .ARM.attributes
                0x000009bc       0x3a c:/nxp/mcuxpressoide_11.6.0_8187/ide/plugins/com.nxp.mcuxpresso.tools.win32_11.6.0.202112161359/tools/bin/../lib/gcc/arm-none-eabi/10.3.1/../../../../arm-none-eabi/lib/thumb/v8-m.main+fp/hard\libcr_nohost_nf.a(__sys_write.o)

.debug_frame    0x00000000     0x22c4
 .debug_frame   0x00000000       0x30 ./utilities/fsl_assert.o
 .debug_frame   0x00000030      0x1f8 ./utilities/fsl_debug_console.o
 .debug_frame   0x00000228      0x69c ./startup/startup_lpc55s69_cm33_core0.o
 .debug_frame   0x000008c4       0x58 ./source/hello_world.o
 .debug_frame   0x0000091c       0x20 ./source/semihost_hardfault.o
 .debug_frame   0x0000093c      0x9a8 ./drivers/fsl_clock.o
 .debug_frame   0x000012e4       0x64 ./drivers/fsl_common_arm.o
 .debug_frame   0x00001348      0x234 ./drivers/fsl_flexcomm.o
 .debug_frame   0x0000157c      0x380 ./drivers/fsl_power.o
 .debug_frame   0x000018fc       0x7c ./drivers/fsl_reset.o
 .debug_frame   0x00001978      0x41c ./drivers/fsl_usart.o
 .debug_frame   0x00001d94      0x20c ./device/system_LPC55S69_cm33_core0.o
 .debug_frame   0x00001fa0      0x134 ./component/uart/fsl_adapter_usart.o
 .debug_frame   0x000020d4       0x58 ./board/board.o
 .debug_frame   0x0000212c       0xf8 ./board/clock_config.o
 .debug_frame   0x00002224       0xa0 ./board/pin_mux.o

Cross Reference Table

Symbol                                            File
ACMP_DriverIRQHandler                             ./startup/startup_lpc55s69_cm33_core0.o
ACMP_IRQHandler                                   ./startup/startup_lpc55s69_cm33_core0.o
ADC0_DriverIRQHandler                             ./startup/startup_lpc55s69_cm33_core0.o
ADC0_IRQHandler                                   ./startup/startup_lpc55s69_cm33_core0.o
BOARD_BootClockFRO12M                             ./board/clock_config.o
BOARD_BootClockFROHF96M                           ./board/clock_config.o
BOARD_BootClockPLL100M                            ./board/clock_config.o
BOARD_BootClockPLL150M                            ./board/clock_config.o
BOARD_BootClockPLL1_150M                          ./board/clock_config.o
BOARD_InitBootClocks                              ./board/clock_config.o
                                                  ./source/hello_world.o
BOARD_InitBootPins                                ./board/pin_mux.o
                                                  ./source/hello_world.o
BOARD_InitDebugConsole                            ./board/board.o
                                                  ./source/hello_world.o
BOARD_InitDebugConsole_Core1                      ./board/board.o
BOARD_InitPins                                    ./board/pin_mux.o
BusFault_Handler                                  ./startup/startup_lpc55s69_cm33_core0.o
CASER_DriverIRQHandler                            ./startup/startup_lpc55s69_cm33_core0.o
CASER_IRQHandler                                  ./startup/startup_lpc55s69_cm33_core0.o
CLOCK_AttachClk                                   ./drivers/fsl_clock.o
                                                  ./board/clock_config.o
                                                  ./board/board.o
                                                  ./drivers/fsl_power.o
                                                  ./source/hello_world.o
CLOCK_EnableOstimer32kClock                       ./drivers/fsl_clock.o
CLOCK_EnableUsbfs0DeviceClock                     ./drivers/fsl_clock.o
CLOCK_EnableUsbfs0HostClock                       ./drivers/fsl_clock.o
CLOCK_EnableUsbhs0DeviceClock                     ./drivers/fsl_clock.o
CLOCK_EnableUsbhs0HostClock                       ./drivers/fsl_clock.o
CLOCK_EnableUsbhs0PhyPllClock                     ./drivers/fsl_clock.o
CLOCK_GetAdcClkFreq                               ./drivers/fsl_clock.o
CLOCK_GetCTimerClkFreq                            ./drivers/fsl_clock.o
CLOCK_GetClockAttachId                            ./drivers/fsl_clock.o
CLOCK_GetClockOutClkFreq                          ./drivers/fsl_clock.o
CLOCK_GetCoreSysClkFreq                           ./drivers/fsl_clock.o
CLOCK_GetExtClkFreq                               ./drivers/fsl_clock.o
CLOCK_GetFlexCommClkFreq                          ./drivers/fsl_clock.o
CLOCK_GetFlexCommInputClock                       ./drivers/fsl_clock.o
CLOCK_GetFreq                                     ./drivers/fsl_clock.o
CLOCK_GetFro12MFreq                               ./drivers/fsl_clock.o
CLOCK_GetFro1MFreq                                ./drivers/fsl_clock.o
CLOCK_GetFroHfFreq                                ./drivers/fsl_clock.o
CLOCK_GetHsLspiClkFreq                            ./drivers/fsl_clock.o
CLOCK_GetI2SMClkFreq                              ./drivers/fsl_clock.o
CLOCK_GetMclkClkFreq                              ./drivers/fsl_clock.o
CLOCK_GetOsc32KFreq                               ./drivers/fsl_clock.o
CLOCK_GetPLL0InClockRate                          ./drivers/fsl_clock.o
CLOCK_GetPLL0OutClockRate                         ./drivers/fsl_clock.o
CLOCK_GetPLL0OutFromSetup                         ./drivers/fsl_clock.o
CLOCK_GetPLL1InClockRate                          ./drivers/fsl_clock.o
CLOCK_GetPLUClkInFreq                             ./drivers/fsl_clock.o
CLOCK_GetPll0OutFreq                              ./drivers/fsl_clock.o
CLOCK_GetPll1OutFreq                              ./drivers/fsl_clock.o
CLOCK_GetSctClkFreq                               ./drivers/fsl_clock.o
CLOCK_GetSdioClkFreq                              ./drivers/fsl_clock.o
CLOCK_GetSystickClkFreq                           ./drivers/fsl_clock.o
CLOCK_GetUsb0ClkFreq                              ./drivers/fsl_clock.o
CLOCK_GetUsb1ClkFreq                              ./drivers/fsl_clock.o
CLOCK_GetWdtClkFreq                               ./drivers/fsl_clock.o
CLOCK_SetClkDiv                                   ./drivers/fsl_clock.o
                                                  ./board/clock_config.o
                                                  ./drivers/fsl_power.o
CLOCK_SetFLASHAccessCyclesForFreq                 ./drivers/fsl_clock.o
                                                  ./board/clock_config.o
CLOCK_SetFlexCommClock                            ./drivers/fsl_clock.o
CLOCK_SetPLL0Freq                                 ./drivers/fsl_clock.o
                                                  ./board/clock_config.o
CLOCK_SetPLL1Freq                                 ./drivers/fsl_clock.o
                                                  ./board/clock_config.o
CLOCK_SetRtc1hzClkDiv                             ./drivers/fsl_clock.o
CLOCK_SetRtc1khzClkDiv                            ./drivers/fsl_clock.o
CLOCK_SetStoredPLL0ClockRate                      ./drivers/fsl_clock.o
CLOCK_SetupExtClocking                            ./drivers/fsl_clock.o
                                                  ./board/clock_config.o
CLOCK_SetupFROClocking                            ./drivers/fsl_clock.o
                                                  ./board/clock_config.o
CLOCK_SetupI2SMClkClocking                        ./drivers/fsl_clock.o
CLOCK_SetupPLL0Data                               ./drivers/fsl_clock.o
CLOCK_SetupPLL0Mult                               ./drivers/fsl_clock.o
CLOCK_SetupPLL0Prec                               ./drivers/fsl_clock.o
CLOCK_SetupPLUClkInClocking                       ./drivers/fsl_clock.o
CTIMER0_DriverIRQHandler                          ./startup/startup_lpc55s69_cm33_core0.o
CTIMER0_IRQHandler                                ./startup/startup_lpc55s69_cm33_core0.o
CTIMER1_DriverIRQHandler                          ./startup/startup_lpc55s69_cm33_core0.o
CTIMER1_IRQHandler                                ./startup/startup_lpc55s69_cm33_core0.o
CTIMER2_DriverIRQHandler                          ./startup/startup_lpc55s69_cm33_core0.o
CTIMER2_IRQHandler                                ./startup/startup_lpc55s69_cm33_core0.o
CTIMER3_DriverIRQHandler                          ./startup/startup_lpc55s69_cm33_core0.o
CTIMER3_IRQHandler                                ./startup/startup_lpc55s69_cm33_core0.o
CTIMER4_DriverIRQHandler                          ./startup/startup_lpc55s69_cm33_core0.o
CTIMER4_IRQHandler                                ./startup/startup_lpc55s69_cm33_core0.o
DMA0_DriverIRQHandler                             ./startup/startup_lpc55s69_cm33_core0.o
DMA0_IRQHandler                                   ./startup/startup_lpc55s69_cm33_core0.o
DMA1_DriverIRQHandler                             ./startup/startup_lpc55s69_cm33_core0.o
DMA1_IRQHandler                                   ./startup/startup_lpc55s69_cm33_core0.o
DbgConsole_Deinit                                 ./utilities/fsl_debug_console.o
DbgConsole_Getchar                                ./utilities/fsl_debug_console.o
                                                  ./source/hello_world.o
DbgConsole_Init                                   ./utilities/fsl_debug_console.o
                                                  ./board/board.o
DbgConsole_Printf                                 ./utilities/fsl_debug_console.o
                                                  ./source/hello_world.o
                                                  ./utilities/fsl_assert.o
DbgConsole_Putchar                                ./utilities/fsl_debug_console.o
                                                  ./source/hello_world.o
DbgConsole_Scanf                                  ./utilities/fsl_debug_console.o
DbgConsole_Vprintf                                ./utilities/fsl_debug_console.o
DebugMon_Handler                                  ./startup/startup_lpc55s69_cm33_core0.o
FLEXCOMM0_DriverIRQHandler                        ./drivers/fsl_flexcomm.o
                                                  ./startup/startup_lpc55s69_cm33_core0.o
FLEXCOMM0_IRQHandler                              ./startup/startup_lpc55s69_cm33_core0.o
FLEXCOMM1_DriverIRQHandler                        ./drivers/fsl_flexcomm.o
                                                  ./startup/startup_lpc55s69_cm33_core0.o
FLEXCOMM1_IRQHandler                              ./startup/startup_lpc55s69_cm33_core0.o
FLEXCOMM2_DriverIRQHandler                        ./drivers/fsl_flexcomm.o
                                                  ./startup/startup_lpc55s69_cm33_core0.o
FLEXCOMM2_IRQHandler                              ./startup/startup_lpc55s69_cm33_core0.o
FLEXCOMM3_DriverIRQHandler                        ./drivers/fsl_flexcomm.o
                                                  ./startup/startup_lpc55s69_cm33_core0.o
FLEXCOMM3_IRQHandler                              ./startup/startup_lpc55s69_cm33_core0.o
FLEXCOMM4_DriverIRQHandler                        ./drivers/fsl_flexcomm.o
                                                  ./startup/startup_lpc55s69_cm33_core0.o
FLEXCOMM4_IRQHandler                              ./startup/startup_lpc55s69_cm33_core0.o
FLEXCOMM5_DriverIRQHandler                        ./drivers/fsl_flexcomm.o
                                                  ./startup/startup_lpc55s69_cm33_core0.o
FLEXCOMM5_IRQHandler                              ./startup/startup_lpc55s69_cm33_core0.o
FLEXCOMM6_DriverIRQHandler                        ./drivers/fsl_flexcomm.o
                                                  ./startup/startup_lpc55s69_cm33_core0.o
FLEXCOMM6_IRQHandler                              ./startup/startup_lpc55s69_cm33_core0.o
FLEXCOMM7_DriverIRQHandler                        ./drivers/fsl_flexcomm.o
                                                  ./startup/startup_lpc55s69_cm33_core0.o
FLEXCOMM7_IRQHandler                              ./startup/startup_lpc55s69_cm33_core0.o
FLEXCOMM8_DriverIRQHandler                        ./drivers/fsl_flexcomm.o
                                                  ./startup/startup_lpc55s69_cm33_core0.o
FLEXCOMM8_IRQHandler                              ./startup/startup_lpc55s69_cm33_core0.o
FLEXCOMM_GetInstance                              ./drivers/fsl_flexcomm.o
FLEXCOMM_Init                                     ./drivers/fsl_flexcomm.o
                                                  ./drivers/fsl_usart.o
FLEXCOMM_SetIRQHandler                            ./drivers/fsl_flexcomm.o
                                                  ./drivers/fsl_usart.o
GINT0_DriverIRQHandler                            ./startup/startup_lpc55s69_cm33_core0.o
GINT0_IRQHandler                                  ./startup/startup_lpc55s69_cm33_core0.o
GINT1_DriverIRQHandler                            ./startup/startup_lpc55s69_cm33_core0.o
GINT1_IRQHandler                                  ./startup/startup_lpc55s69_cm33_core0.o
GPIO_PinInit                                      ./drivers/fsl_gpio.o